Archive member included to satisfy reference by file (symbol)

d:/nxp/mcuxpressoide_11.4.0_6237/ide/plugins/com.nxp.mcuxpresso.tools.win32_11.4.0.202103011116/tools/bin/../lib/gcc/arm-none-eabi/10.2.1/../../../../arm-none-eabi/lib/thumb/v6-m/nofp\libcr_semihost_nf.a(_cr__main.o)
                              ./startup/startup_mkl46z4.o (__main)
d:/nxp/mcuxpressoide_11.4.0_6237/ide/plugins/com.nxp.mcuxpresso.tools.win32_11.4.0.202103011116/tools/bin/../lib/gcc/arm-none-eabi/10.2.1/../../../../arm-none-eabi/lib/thumb/v6-m/nofp\libcr_semihost_nf.a(_cr_assert.o)
                              ./utilities/fsl_debug_console.o (__assertion_failed)
d:/nxp/mcuxpressoide_11.4.0_6237/ide/plugins/com.nxp.mcuxpresso.tools.win32_11.4.0.202103011116/tools/bin/../lib/gcc/arm-none-eabi/10.2.1/../../../../arm-none-eabi/lib/thumb/v6-m/nofp\libcr_semihost_nf.a(__ciob.o)
                              d:/nxp/mcuxpressoide_11.4.0_6237/ide/plugins/com.nxp.mcuxpresso.tools.win32_11.4.0.202103011116/tools/bin/../lib/gcc/arm-none-eabi/10.2.1/../../../../arm-none-eabi/lib/thumb/v6-m/nofp\libcr_semihost_nf.a(_cr_assert.o) (__Ciob)
d:/nxp/mcuxpressoide_11.4.0_6237/ide/plugins/com.nxp.mcuxpresso.tools.win32_11.4.0.202103011116/tools/bin/../lib/gcc/arm-none-eabi/10.2.1/../../../../arm-none-eabi/lib/thumb/v6-m/nofp\libcr_semihost_nf.a(__sys_appexit.o)
                              d:/nxp/mcuxpressoide_11.4.0_6237/ide/plugins/com.nxp.mcuxpresso.tools.win32_11.4.0.202103011116/tools/bin/../lib/gcc/arm-none-eabi/10.2.1/../../../../arm-none-eabi/lib/thumb/v6-m/nofp\libcr_semihost_nf.a(_cr_assert.o) (__sys_appexit)
d:/nxp/mcuxpressoide_11.4.0_6237/ide/plugins/com.nxp.mcuxpresso.tools.win32_11.4.0.202103011116/tools/bin/../lib/gcc/arm-none-eabi/10.2.1/../../../../arm-none-eabi/lib/thumb/v6-m/nofp\libcr_c.a(memcpy.o)
                              ./source/efHal/uart_ringBufer.o (memcpy)
d:/nxp/mcuxpressoide_11.4.0_6237/ide/plugins/com.nxp.mcuxpresso.tools.win32_11.4.0.202103011116/tools/bin/../lib/gcc/arm-none-eabi/10.2.1/../../../../arm-none-eabi/lib/thumb/v6-m/nofp\libcr_c.a(memset.o)
                              ./source/bsp_kl46/mma8451.o (memset)
d:/nxp/mcuxpressoide_11.4.0_6237/ide/plugins/com.nxp.mcuxpresso.tools.win32_11.4.0.202103011116/tools/bin/../lib/gcc/arm-none-eabi/10.2.1/../../../../arm-none-eabi/lib/thumb/v6-m/nofp\libcr_c.a(_deferredlazyseek.o)
                              d:/nxp/mcuxpressoide_11.4.0_6237/ide/plugins/com.nxp.mcuxpresso.tools.win32_11.4.0.202103011116/tools/bin/../lib/gcc/arm-none-eabi/10.2.1/../../../../arm-none-eabi/lib/thumb/v6-m/nofp\libcr_semihost_nf.a(_cr_assert.o) (__flsbuf)
d:/nxp/mcuxpressoide_11.4.0_6237/ide/plugins/com.nxp.mcuxpresso.tools.win32_11.4.0.202103011116/tools/bin/../lib/gcc/arm-none-eabi/10.2.1/../../../../arm-none-eabi/lib/thumb/v6-m/nofp\libcr_c.a(_fflush.o)
                              d:/nxp/mcuxpressoide_11.4.0_6237/ide/plugins/com.nxp.mcuxpresso.tools.win32_11.4.0.202103011116/tools/bin/../lib/gcc/arm-none-eabi/10.2.1/../../../../arm-none-eabi/lib/thumb/v6-m/nofp\libcr_c.a(_deferredlazyseek.o) (_fflush)
d:/nxp/mcuxpressoide_11.4.0_6237/ide/plugins/com.nxp.mcuxpresso.tools.win32_11.4.0.202103011116/tools/bin/../lib/gcc/arm-none-eabi/10.2.1/../../../../arm-none-eabi/lib/thumb/v6-m/nofp\libcr_c.a(_writebuf.o)
                              d:/nxp/mcuxpressoide_11.4.0_6237/ide/plugins/com.nxp.mcuxpresso.tools.win32_11.4.0.202103011116/tools/bin/../lib/gcc/arm-none-eabi/10.2.1/../../../../arm-none-eabi/lib/thumb/v6-m/nofp\libcr_c.a(_deferredlazyseek.o) (_Cwritebuf)
d:/nxp/mcuxpressoide_11.4.0_6237/ide/plugins/com.nxp.mcuxpresso.tools.win32_11.4.0.202103011116/tools/bin/../lib/gcc/arm-none-eabi/10.2.1/../../../../arm-none-eabi/lib/thumb/v6-m/nofp\libcr_c.a(alloc.o)
                              ./source/efHal/ringBuffer.o (malloc)
d:/nxp/mcuxpressoide_11.4.0_6237/ide/plugins/com.nxp.mcuxpresso.tools.win32_11.4.0.202103011116/tools/bin/../lib/gcc/arm-none-eabi/10.2.1/../../../../arm-none-eabi/lib/thumb/v6-m/nofp\libcr_c.a(fputs.o)
                              d:/nxp/mcuxpressoide_11.4.0_6237/ide/plugins/com.nxp.mcuxpresso.tools.win32_11.4.0.202103011116/tools/bin/../lib/gcc/arm-none-eabi/10.2.1/../../../../arm-none-eabi/lib/thumb/v6-m/nofp\libcr_semihost_nf.a(_cr_assert.o) (fputs)
d:/nxp/mcuxpressoide_11.4.0_6237/ide/plugins/com.nxp.mcuxpresso.tools.win32_11.4.0.202103011116/tools/bin/../lib/gcc/arm-none-eabi/10.2.1/../../../../arm-none-eabi/lib/thumb/v6-m/nofp\libcr_c.a(fseek.o)
                              d:/nxp/mcuxpressoide_11.4.0_6237/ide/plugins/com.nxp.mcuxpresso.tools.win32_11.4.0.202103011116/tools/bin/../lib/gcc/arm-none-eabi/10.2.1/../../../../arm-none-eabi/lib/thumb/v6-m/nofp\libcr_c.a(_deferredlazyseek.o) (fseek)
d:/nxp/mcuxpressoide_11.4.0_6237/ide/plugins/com.nxp.mcuxpresso.tools.win32_11.4.0.202103011116/tools/bin/../lib/gcc/arm-none-eabi/10.2.1/../../../../arm-none-eabi/lib/thumb/v6-m/nofp\libcr_c.a(ftell.o)
[...]
Memory Configuration

Name             Origin             Length             Attributes
PROGRAM_FLASH    0x00000000         0x00040000         xr
SRAM             0x1fffe000         0x00008000         xrw
*default*        0x00000000         0xffffffff

Linker script and memory map

LOAD ./utilities/fsl_debug_console.o
LOAD ./utilities/fsl_io.o
LOAD ./utilities/fsl_log.o
LOAD ./utilities/fsl_str.o
LOAD ./startup/startup_mkl46z4.o
LOAD ./source/fsm/fsm_frameDetection.o
LOAD ./source/fsm/handleFrame.o
LOAD ./source/fsm/interactor.o
LOAD ./source/efHal/ringBuffer.o
LOAD ./source/efHal/uart_ringBufer.o
LOAD ./source/bsp_kl46/SD2_I2C.o
LOAD ./source/bsp_kl46/SD2_board.o
LOAD ./source/bsp_kl46/mma8451.o
LOAD ./source/main.o
LOAD ./source/mtb.o
LOAD ./source/semihost_hardfault.o
LOAD ./drivers/fsl_clock.o
LOAD ./drivers/fsl_common.o
LOAD ./drivers/fsl_dma.o
LOAD ./drivers/fsl_dmamux.o
LOAD ./drivers/fsl_ftfx_cache.o
LOAD ./drivers/fsl_ftfx_controller.o
LOAD ./drivers/fsl_ftfx_flash.o
LOAD ./drivers/fsl_ftfx_flexnvm.o
LOAD ./drivers/fsl_gpio.o
LOAD ./drivers/fsl_i2c.o
LOAD ./drivers/fsl_lpsci.o
LOAD ./drivers/fsl_smc.o
LOAD ./drivers/fsl_uart.o
LOAD ./drivers/fsl_uart_dma.o
LOAD ./board/board.o
LOAD ./board/clock_config.o
LOAD ./board/peripherals.o
LOAD ./board/pin_mux.o
LOAD ./CMSIS/system_MKL46Z4.o
START GROUP
LOAD d:/nxp/mcuxpressoide_11.4.0_6237/ide/plugins/com.nxp.mcuxpresso.tools.win32_11.4.0.202103011116/tools/bin/../lib/gcc/arm-none-eabi/10.2.1/../../../../arm-none-eabi/lib/thumb/v6-m/nofp\libcr_semihost_nf.a
LOAD d:/nxp/mcuxpressoide_11.4.0_6237/ide/plugins/com.nxp.mcuxpresso.tools.win32_11.4.0.202103011116/tools/bin/../lib/gcc/arm-none-eabi/10.2.1/../../../../arm-none-eabi/lib/thumb/v6-m/nofp\libcr_c.a
LOAD d:/nxp/mcuxpressoide_11.4.0_6237/ide/plugins/com.nxp.mcuxpresso.tools.win32_11.4.0.202103011116/tools/bin/../lib/gcc/arm-none-eabi/10.2.1/thumb/v6-m/nofp\libcr_eabihelpers.a
LOAD d:/nxp/mcuxpressoide_11.4.0_6237/ide/plugins/com.nxp.mcuxpresso.tools.win32_11.4.0.202103011116/tools/bin/../lib/gcc/arm-none-eabi/10.2.1/thumb/v6-m/nofp\libgcc.a
END GROUP
                0x00000000                __base_PROGRAM_FLASH = 0x0
                0x00000000                __base_Flash = 0x0
                0x00040000                __top_PROGRAM_FLASH = 0x40000
                0x00040000                __top_Flash = 0x40000
                0x1fffe000                __base_SRAM = 0x1fffe000
                0x1fffe000                __base_RAM = 0x1fffe000
                0x20006000                __top_SRAM = 0x20006000
                0x20006000                __top_RAM = 0x20006000

.text           0x00000000     0x74c4
 FILL mask 0xff
                0x00000000                __vectors_start__ = ABSOLUTE (.)
 *(SORT_BY_ALIGNMENT(.isr_vector))
 .isr_vector    0x00000000       0xc0 ./startup/startup_mkl46z4.o
                0x00000000                g_pfnVectors
                0x00000000                __Vectors
                0x000000c0                . = ALIGN (0x4)
                0x000000c0                __section_table_start = .
                0x000000c0                __data_section_table = .
                0x000000c0        0x4 LONG 0x74c4 LOADADDR (.data)
                0x000000c4        0x4 LONG 0x1fffe080 ADDR (.data)
                0x000000c8        0x4 LONG 0x10 SIZEOF (.data)
                0x000000cc                __data_section_table_end = .
                0x000000cc                __bss_section_table = .
                0x000000cc        0x4 LONG 0x1fffe090 ADDR (.bss)
                0x000000d0        0x4 LONG 0x1ac SIZEOF (.bss)
                0x000000d4                __bss_section_table_end = .
                0x000000d4                __section_table_end = .
 *(SORT_BY_ALIGNMENT(.after_vectors*))
 .after_vectors.reset
                0x000000d4       0x4c ./startup/startup_mkl46z4.o
                0x000000d4                ResetISR
 .after_vectors.init_data
                0x00000120       0x12 ./startup/startup_mkl46z4.o
                0x00000120                data_init
 .after_vectors.init_bss
                0x00000132       0x10 ./startup/startup_mkl46z4.o
                0x00000132                bss_init
 .after_vectors
                0x00000142      0x10c ./startup/startup_mkl46z4.o
                0x00000142                NMI_Handler
                0x00000146                SVC_Handler
                0x00000148                PendSV_Handler
                0x0000014a                SysTick_Handler
                0x0000014c                PORTC_PORTD_DriverIRQHandler
                0x0000014c                LPTMR0_DriverIRQHandler
                0x0000014c                SPI1_DriverIRQHandler
                0x0000014c                CMP0_DriverIRQHandler
                0x0000014c                ADC0_DriverIRQHandler
                0x0000014c                I2S0_DriverIRQHandler
                0x0000014c                SPI0_DriverIRQHandler
                0x0000014c                TPM2_DriverIRQHandler
                0x0000014c                LVD_LVW_DriverIRQHandler
                0x0000014c                PIT_DriverIRQHandler
                0x0000014c                LCD_DriverIRQHandler
                0x0000014c                TSI0_DriverIRQHandler
                0x0000014c                RTC_Seconds_DriverIRQHandler
                0x0000014c                RTC_DriverIRQHandler
                0x0000014c                TPM1_DriverIRQHandler
                0x0000014c                LLWU_DriverIRQHandler
                0x0000014c                MCG_DriverIRQHandler
                0x0000014c                PORTA_DriverIRQHandler
                0x0000014c                Reserved20_DriverIRQHandler
                0x0000014c                FTFA_DriverIRQHandler
                0x0000014c                IntDefaultHandler
                0x0000014c                USB0_DriverIRQHandler
                0x0000014c                DAC0_DriverIRQHandler
                0x0000014c                TPM0_DriverIRQHandler
                0x0000014e                DMA0_IRQHandler
                0x00000156                DMA1_IRQHandler
                0x0000015e                DMA2_IRQHandler
                0x00000166                DMA3_IRQHandler
                0x0000016e                Reserved20_IRQHandler
                0x00000176                FTFA_IRQHandler
                0x0000017e                LVD_LVW_IRQHandler
                0x00000186                LLWU_IRQHandler
                0x0000018e                I2C0_IRQHandler
                0x00000196                I2C1_IRQHandler
                0x0000019e                SPI0_IRQHandler
                0x000001a6                SPI1_IRQHandler
                0x000001ae                UART0_IRQHandler
                0x000001be                UART2_IRQHandler
                0x000001c6                ADC0_IRQHandler
                0x000001ce                CMP0_IRQHandler
                0x000001d6                TPM0_IRQHandler
                0x000001de                TPM1_IRQHandler
                0x000001e6                TPM2_IRQHandler
                0x000001ee                RTC_IRQHandler
                0x000001f6                RTC_Seconds_IRQHandler
                0x000001fe                PIT_IRQHandler
                0x00000206                I2S0_IRQHandler
                0x0000020e                USB0_IRQHandler
                0x00000216                DAC0_IRQHandler
                0x0000021e                TSI0_IRQHandler
                0x00000226                MCG_IRQHandler
                0x0000022e                LPTMR0_IRQHandler
                0x00000236                LCD_IRQHandler
                0x0000023e                PORTA_IRQHandler
                0x00000400                . = 0x400
 *fill*         0x0000024e      0x1b2 ff
                0x00000400                PROVIDE (__FLASH_CONFIG_START__ = .)
 *(SORT_BY_ALIGNMENT(.FlashConfig))
 .FlashConfig   0x00000400       0x10 ./startup/startup_mkl46z4.o
                0x00000400                Flash_Config
                0x00000410                PROVIDE (__FLASH_CONFIG_END__ = .)
                0x00000001                ASSERT (! ((__FLASH_CONFIG_START__ == __FLASH_CONFIG_END__)), Linker Flash Config Support Enabled, but no .FlashConfig section provided within application)
 *(SORT_BY_ALIGNMENT(.text*))
 .text.receiveFrame
                0x00000410       0x80 ./source/fsm/fsm_frameDetection.o
                0x00000410                receiveFrame
 .text.fsm_frameDetection_execute
                0x00000490      0x118 ./source/fsm/fsm_frameDetection.o
                0x00000490                fsm_frameDetection_execute
 .text.handleFrame
                0x000005a8       0x80 ./source/fsm/handleFrame.o
                0x000005a8                handleFrame
 .text.get_bufferEnv
                0x00000628       0x10 ./source/fsm/interactor.o
                0x00000628                get_bufferEnv
 .text.isFrameRecieved
                0x00000638       0x24 ./source/fsm/interactor.o
                0x00000638                isFrameRecieved
 .text.storeReceivedFrame
                0x0000065c       0x38 ./source/fsm/interactor.o
                0x0000065c                storeReceivedFrame
 .text.LEDS     0x00000694       0xc4 ./source/fsm/interactor.o
                0x00000694                LEDS
 .text.SWITCH   0x00000758       0x90 ./source/fsm/interactor.o
                0x00000758                SWITCH
 .text.ACELEROM
                0x000007e8       0xc0 ./source/fsm/interactor.o
                0x000007e8                ACELEROM
 .text.processFrame
                0x000008a8       0x3c ./source/fsm/interactor.o
                0x000008a8                processFrame
 .text.__NVIC_EnableIRQ
                0x000008e4       0x34 ./source/efHal/uart_ringBufer.o
 .text.__NVIC_DisableIRQ
                0x00000918       0x44 ./source/efHal/uart_ringBufer.o
 .text.DMAMUX_EnableChannel
                0x0000095c       0x40 ./source/efHal/uart_ringBufer.o
 .text.DMAMUX_SetSource
                0x0000099c       0x50 ./source/efHal/uart_ringBufer.o
 .text.UART_UserCallback
                0x000009ec       0x2c ./source/efHal/uart_ringBufer.o
 .text.uart_ringBuffer_init
                0x00000a18       0xd0 ./source/efHal/uart_ringBufer.o
                0x00000a18                uart_ringBuffer_init
 .text.uart_ringBuffer_recDatos
                0x00000ae8       0x6c ./source/efHal/uart_ringBufer.o
                0x00000ae8                uart_ringBuffer_recDatos
 .text.uart_dma_envDatos
                0x00000b54       0x80 ./source/efHal/uart_ringBufer.o
                0x00000b54                uart_dma_envDatos
 .text.UART1_IRQHandler
                0x00000bd4       0xe0 ./source/efHal/uart_ringBufer.o
                0x00000bd4                UART1_IRQHandler
 .text.CLOCK_EnableClock
                0x00000cb4       0x34 ./source/bsp_kl46/SD2_I2C.o
 .text.PORT_SetPinConfig
                0x00000ce8       0x38 ./source/bsp_kl46/SD2_I2C.o
 .text.I2C_releaseBus
                0x00000d20      0x124 ./source/bsp_kl46/SD2_I2C.o
 .text.I2C_configPins
                0x00000e44       0x80 ./source/bsp_kl46/SD2_I2C.o
 .text.SD2_I2C_init
                0x00000ec4       0x44 ./source/bsp_kl46/SD2_I2C.o
                0x00000ec4                SD2_I2C_init
 .text.CLOCK_EnableClock
                0x00000f08       0x34 ./source/bsp_kl46/SD2_board.o
 .text.PORT_SetPinConfig
                0x00000f3c       0x38 ./source/bsp_kl46/SD2_board.o
 .text.PORT_SetPinMux
                0x00000f74       0x40 ./source/bsp_kl46/SD2_board.o
 .text.board_init
                0x00000fb4      0x200 ./source/bsp_kl46/SD2_board.o
                0x00000fb4                board_init
 .text.board_Tx_Rx_485_Enable
                0x000011b4       0x5c ./source/bsp_kl46/SD2_board.o
                0x000011b4                board_Tx_Rx_485_Enable
 .text.board_setLed
                0x00001210       0xd8 ./source/bsp_kl46/SD2_board.o
                0x00001210                board_setLed
 .text.board_getSw
                0x000012e8       0x50 ./source/bsp_kl46/SD2_board.o
                0x000012e8                board_getSw
 .text.__NVIC_EnableIRQ
                0x00001338       0x34 ./source/bsp_kl46/mma8451.o
 .text.__NVIC_SetPriority
                0x0000136c       0xdc ./source/bsp_kl46/mma8451.o
 .text.PORT_SetPinConfig
                0x00001448       0x38 ./source/bsp_kl46/mma8451.o
 .text.PORT_SetPinInterruptConfig
                0x00001480       0x40 ./source/bsp_kl46/mma8451.o
 .text.mma8451_read_reg
                0x000014c0       0x68 ./source/bsp_kl46/mma8451.o
 .text.mma8451_write_reg
                0x00001528       0x68 ./source/bsp_kl46/mma8451.o
 .text.config_port_int1
                0x00001590       0x74 ./source/bsp_kl46/mma8451.o
 .text.mma8451_getAcX
                0x00001604       0x2c ./source/bsp_kl46/mma8451.o
                0x00001604                mma8451_getAcX
 .text.mma8451_getAcY
                0x00001630       0x2c ./source/bsp_kl46/mma8451.o
                0x00001630                mma8451_getAcY
 .text.mma8451_getAcZ
                0x0000165c       0x2c ./source/bsp_kl46/mma8451.o
                0x0000165c                mma8451_getAcZ
 .text.PORTC_PORTD_IRQHandler
                0x00001688      0x114 ./source/bsp_kl46/mma8451.o
                0x00001688                PORTC_PORTD_IRQHandler
 .text.HardFault_Handler
                0x0000179c       0x30 ./source/semihost_hardfault.o
                0x0000179c                HardFault_Handler
 .text.CLOCK_SetEr32kClock
                0x000017cc       0x34 ./drivers/fsl_clock.o
 .text.CLOCK_SetPllFllSelClock
                0x00001800       0x38 ./drivers/fsl_clock.o
 .text.CLOCK_GetMcgExtClkFreq
                0x00001838       0x28 ./drivers/fsl_clock.o
 .text.CLOCK_GetFllExtRefClkFreq
                0x00001860       0xa8 ./drivers/fsl_clock.o
 .text.CLOCK_GetInternalRefClkSelectFreq
                0x00001908       0x40 ./drivers/fsl_clock.o
 .text.CLOCK_GetFllRefClkFreq
                0x00001948       0x2c ./drivers/fsl_clock.o
 .text.CLOCK_GetOscRangeFromFreq
                0x00001974       0x4c ./drivers/fsl_clock.o
 .text.CLOCK_GetOsc0ErClkFreq
                0x000019c0       0x3c ./drivers/fsl_clock.o
                0x000019c0                CLOCK_GetOsc0ErClkFreq
 .text.CLOCK_GetEr32kClkFreq
                0x000019fc       0x78 ./drivers/fsl_clock.o
                0x000019fc                CLOCK_GetEr32kClkFreq
 .text.CLOCK_GetPllFllSelClkFreq
                0x00001a74       0x4c ./drivers/fsl_clock.o
                0x00001a74                CLOCK_GetPllFllSelClkFreq
 .text.CLOCK_GetFreq
                0x00001ac0       0xe0 ./drivers/fsl_clock.o
                0x00001ac0                CLOCK_GetFreq
 .text.CLOCK_SetSimConfig
                0x00001ba0       0x38 ./drivers/fsl_clock.o
                0x00001ba0                CLOCK_SetSimConfig
 .text.CLOCK_GetOutClkFreq
                0x00001bd8       0x78 ./drivers/fsl_clock.o
                0x00001bd8                CLOCK_GetOutClkFreq
 .text.CLOCK_GetFllFreq
                0x00001c50       0x84 ./drivers/fsl_clock.o
                0x00001c50                CLOCK_GetFllFreq
 .text.CLOCK_GetInternalRefClkFreq
                0x00001cd4       0x28 ./drivers/fsl_clock.o
                0x00001cd4                CLOCK_GetInternalRefClkFreq
 .text.CLOCK_GetPll0Freq
                0x00001cfc       0x70 ./drivers/fsl_clock.o
                0x00001cfc                CLOCK_GetPll0Freq
 .text.CLOCK_SetInternalRefClkConfig
                0x00001d6c      0x124 ./drivers/fsl_clock.o
                0x00001d6c                CLOCK_SetInternalRefClkConfig
 .text.CLOCK_EnablePll0
                0x00001e90       0x94 ./drivers/fsl_clock.o
                0x00001e90                CLOCK_EnablePll0
 .text.CLOCK_InitOsc0
                0x00001f24       0x94 ./drivers/fsl_clock.o
                0x00001f24                CLOCK_InitOsc0
 .text.CLOCK_SetPbeMode
                0x00001fb8       0xb0 ./drivers/fsl_clock.o
                0x00001fb8                CLOCK_SetPbeMode
 .text.CLOCK_BootToPeeMode
                0x00002068       0x70 ./drivers/fsl_clock.o
                0x00002068                CLOCK_BootToPeeMode
 .text.__NVIC_EnableIRQ
                0x000020d8       0x34 ./drivers/fsl_dma.o
 .text.CLOCK_EnableClock
                0x0000210c       0x34 ./drivers/fsl_dma.o
 .text.DMA_EnableInterrupts
                0x00002140       0x4c ./drivers/fsl_dma.o
 .text.DMA_ClearChannelStatusFlags
                0x0000218c       0x54 ./drivers/fsl_dma.o
 .text.DMA_GetInstance
                0x000021e0       0x48 ./drivers/fsl_dma.o
 .text.DMA_Init
                0x00002228       0x24 ./drivers/fsl_dma.o
                0x00002228                DMA_Init
 .text.DMA_ResetChannel
                0x0000224c       0x90 ./drivers/fsl_dma.o
                0x0000224c                DMA_ResetChannel
 .text.DMA_SetTransferConfig
                0x000022dc       0xdc ./drivers/fsl_dma.o
                0x000022dc                DMA_SetTransferConfig
 .text.DMA_CreateHandle
                0x000023b8       0x90 ./drivers/fsl_dma.o
                0x000023b8                DMA_CreateHandle
 .text.DMA_PrepareTransfer
                0x00002448      0x144 ./drivers/fsl_dma.o
                0x00002448                DMA_PrepareTransfer
 .text.DMA_SetCallback
                0x0000258c       0x34 ./drivers/fsl_dma.o
                0x0000258c                DMA_SetCallback
 .text.DMA_SubmitTransfer
                0x000025c0       0x9c ./drivers/fsl_dma.o
                0x000025c0                DMA_SubmitTransfer
 .text.DMA_HandleIRQ
                0x0000265c       0x4c ./drivers/fsl_dma.o
                0x0000265c                DMA_HandleIRQ
 .text.DMA0_DriverIRQHandler
                0x000026a8       0x18 ./drivers/fsl_dma.o
                0x000026a8                DMA0_DriverIRQHandler
 .text.DMA1_DriverIRQHandler
                0x000026c0       0x18 ./drivers/fsl_dma.o
                0x000026c0                DMA1_DriverIRQHandler
 .text.DMA2_DriverIRQHandler
                0x000026d8       0x18 ./drivers/fsl_dma.o
                0x000026d8                DMA2_DriverIRQHandler
 .text.DMA3_DriverIRQHandler
                0x000026f0       0x18 ./drivers/fsl_dma.o
                0x000026f0                DMA3_DriverIRQHandler
 .text.CLOCK_EnableClock
                0x00002708       0x34 ./drivers/fsl_dmamux.o
 .text.DMAMUX_GetInstance
                0x0000273c       0x48 ./drivers/fsl_dmamux.o
 .text.DMAMUX_Init
                0x00002784       0x24 ./drivers/fsl_dmamux.o
                0x00002784                DMAMUX_Init
 .text.GPIO_PinInit
                0x000027a8       0x64 ./drivers/fsl_gpio.o
                0x000027a8                GPIO_PinInit
 .text.CLOCK_EnableClock
                0x0000280c       0x34 ./drivers/fsl_i2c.o
 .text.I2C_GetInstance
                0x00002840       0x4c ./drivers/fsl_i2c.o
                0x00002840                I2C_GetInstance
 .text.I2C_CheckAndClearError
                0x0000288c       0x40 ./drivers/fsl_i2c.o
 .text.I2C_TransferCommonIRQHandler
                0x000028cc       0x58 ./drivers/fsl_i2c.o
 .text.I2C_MasterInit
                0x00002924       0xfc ./drivers/fsl_i2c.o
                0x00002924                I2C_MasterInit
 .text.I2C_MasterGetDefaultConfig
                0x00002a20       0x40 ./drivers/fsl_i2c.o
                0x00002a20                I2C_MasterGetDefaultConfig
 .text.I2C_MasterSetBaudRate
                0x00002a60       0xf0 ./drivers/fsl_i2c.o
                0x00002a60                I2C_MasterSetBaudRate
 .text.I2C_MasterStart
                0x00002b50       0x74 ./drivers/fsl_i2c.o
                0x00002b50                I2C_MasterStart
 .text.I2C_MasterRepeatedStart
                0x00002bc4       0xbc ./drivers/fsl_i2c.o
                0x00002bc4                I2C_MasterRepeatedStart
 .text.I2C_MasterWriteBlocking
                0x00002c80       0xec ./drivers/fsl_i2c.o
                0x00002c80                I2C_MasterWriteBlocking
 .text.I2C_MasterTransferBlocking
                0x00002d6c      0x24c ./drivers/fsl_i2c.o
                0x00002d6c                I2C_MasterTransferBlocking
 .text.I2C0_DriverIRQHandler
                0x00002fb8       0x20 ./drivers/fsl_i2c.o
                0x00002fb8                I2C0_DriverIRQHandler
 .text.I2C1_DriverIRQHandler
                0x00002fd8       0x20 ./drivers/fsl_i2c.o
                0x00002fd8                I2C1_DriverIRQHandler
 .text.UART0_DriverIRQHandler
                0x00002ff8       0x24 ./drivers/fsl_lpsci.o
                0x00002ff8                UART0_DriverIRQHandler
 .text.CLOCK_EnableClock
                0x0000301c       0x34 ./drivers/fsl_uart.o
 .text.UART_GetInstance
                0x00003050       0x54 ./drivers/fsl_uart.o
                0x00003050                UART_GetInstance
 .text.UART_Init
                0x000030a4      0x1f8 ./drivers/fsl_uart.o
                0x000030a4                UART_Init
 .text.UART_GetDefaultConfig
                0x0000329c       0x48 ./drivers/fsl_uart.o
                0x0000329c                UART_GetDefaultConfig
 .text.UART_EnableInterrupts
                0x000032e4       0x58 ./drivers/fsl_uart.o
                0x000032e4                UART_EnableInterrupts
 .text.UART_DisableInterrupts
                0x0000333c       0x64 ./drivers/fsl_uart.o
                0x0000333c                UART_DisableInterrupts
 .text.UART_GetEnabledInterrupts
                0x000033a0       0x38 ./drivers/fsl_uart.o
                0x000033a0                UART_GetEnabledInterrupts
 .text.UART_ClearStatusFlags
                0x000033d8       0x7c ./drivers/fsl_uart.o
                0x000033d8                UART_ClearStatusFlags
 .text.UART1_DriverIRQHandler
                0x00003454       0x24 ./drivers/fsl_uart.o
                0x00003454                UART1_DriverIRQHandler
 .text.UART2_DriverIRQHandler
                0x00003478       0x24 ./drivers/fsl_uart.o
                0x00003478                UART2_DriverIRQHandler
 .text.DMA_DisableInterrupts
                0x0000349c       0x48 ./drivers/fsl_uart_dma.o
 .text.DMA_StartTransfer
                0x000034e4       0x54 ./drivers/fsl_uart_dma.o
 .text.UART_TransferSendDMACallback
                0x00003538       0x84 ./drivers/fsl_uart_dma.o
 .text.UART_TransferReceiveDMACallback
                0x000035bc       0x84 ./drivers/fsl_uart_dma.o
 .text.UART_TransferCreateHandleDMA
                0x00003640       0xb8 ./drivers/fsl_uart_dma.o
                0x00003640                UART_TransferCreateHandleDMA
 .text.UART_TransferSendDMA
                0x000036f8       0xe8 ./drivers/fsl_uart_dma.o
                0x000036f8                UART_TransferSendDMA
 .text.CLOCK_SetSimSafeDivs
                0x000037e0       0x20 ./board/clock_config.o
 .text.CLOCK_SetXtal0Freq
                0x00003800       0x1c ./board/clock_config.o
 .text.CLOCK_CONFIG_SetFllExtRefDiv
                0x0000381c       0x3c ./board/clock_config.o
 .text.BOARD_BootClockRUN
                0x00003858       0x64 ./board/clock_config.o
                0x00003858                BOARD_BootClockRUN
 .text.SystemInit
                0x000038bc       0x1c ./CMSIS/system_MKL46Z4.o
                0x000038bc                SystemInit
 .text.__assertion_failed
                0x000038d8       0x4c d:/nxp/mcuxpressoide_11.4.0_6237/ide/plugins/com.nxp.mcuxpresso.tools.win32_11.4.0.202103011116/tools/bin/../lib/gcc/arm-none-eabi/10.2.1/../../../../arm-none-eabi/lib/thumb/v6-m/nofp\libcr_semihost_nf.a(_cr_assert.o)
                0x000038d8                __assertion_failed
 .text.__sys_appexit
                0x00003924        0xc d:/nxp/mcuxpressoide_11.4.0_6237/ide/plugins/com.nxp.mcuxpresso.tools.win32_11.4.0.202103011116/tools/bin/../lib/gcc/arm-none-eabi/10.2.1/../../../../arm-none-eabi/lib/thumb/v6-m/nofp\libcr_semihost_nf.a(__sys_appexit.o)
                0x00003924                __sys_appexit
                0x00003924                __exit
 .text._deferredlazyseek
                0x00003930       0x40 d:/nxp/mcuxpressoide_11.4.0_6237/ide/plugins/com.nxp.mcuxpresso.tools.win32_11.4.0.202103011116/tools/bin/../lib/gcc/arm-none-eabi/10.2.1/../../../../arm-none-eabi/lib/thumb/v6-m/nofp\libcr_c.a(_deferredlazyseek.o)
                0x00003930                _deferredlazyseek
 .text.__flsbuf
                0x00003970      0x150 d:/nxp/mcuxpressoide_11.4.0_6237/ide/plugins/com.nxp.mcuxpresso.tools.win32_11.4.0.202103011116/tools/bin/../lib/gcc/arm-none-eabi/10.2.1/../../../../arm-none-eabi/lib/thumb/v6-m/nofp\libcr_c.a(_deferredlazyseek.o)
                0x00003970                __flsbuf
 .text._fflush  0x00003ac0       0x60 d:/nxp/mcuxpressoide_11.4.0_6237/ide/plugins/com.nxp.mcuxpresso.tools.win32_11.4.0.202103011116/tools/bin/../lib/gcc/arm-none-eabi/10.2.1/../../../../arm-none-eabi/lib/thumb/v6-m/nofp\libcr_c.a(_fflush.o)
                0x00003ac0                _fflush
 .text._Cwritebuf
                0x00003b20       0x68 d:/nxp/mcuxpressoide_11.4.0_6237/ide/plugins/com.nxp.mcuxpresso.tools.win32_11.4.0.202103011116/tools/bin/../lib/gcc/arm-none-eabi/10.2.1/../../../../arm-none-eabi/lib/thumb/v6-m/nofp\libcr_c.a(_writebuf.o)
                0x00003b20                _Cwritebuf
 .text.malloc   0x00003b88       0xd0 d:/nxp/mcuxpressoide_11.4.0_6237/ide/plugins/com.nxp.mcuxpresso.tools.win32_11.4.0.202103011116/tools/bin/../lib/gcc/arm-none-eabi/10.2.1/../../../../arm-none-eabi/lib/thumb/v6-m/nofp\libcr_c.a(alloc.o)
                0x00003b88                malloc
 .text._Csys_alloc
                0x00003c58       0x20 d:/nxp/mcuxpressoide_11.4.0_6237/ide/plugins/com.nxp.mcuxpresso.tools.win32_11.4.0.202103011116/tools/bin/../lib/gcc/arm-none-eabi/10.2.1/../../../../arm-none-eabi/lib/thumb/v6-m/nofp\libcr_c.a(alloc.o)
                0x00003c58                _Csys_alloc
 .text.fseek    0x00003c78       0xf0 d:/nxp/mcuxpressoide_11.4.0_6237/ide/plugins/com.nxp.mcuxpresso.tools.win32_11.4.0.202103011116/tools/bin/../lib/gcc/arm-none-eabi/10.2.1/../../../../arm-none-eabi/lib/thumb/v6-m/nofp\libcr_c.a(fseek.o)
                0x00003c78                fseek
 .text.ftell    0x00003d68       0x48 d:/nxp/mcuxpressoide_11.4.0_6237/ide/plugins/com.nxp.mcuxpresso.tools.win32_11.4.0.202103011116/tools/bin/../lib/gcc/arm-none-eabi/10.2.1/../../../../arm-none-eabi/lib/thumb/v6-m/nofp\libcr_c.a(ftell.o)
                0x00003d68                ftell
 .text._initio  0x00003db0       0x7c d:/nxp/mcuxpressoide_11.4.0_6237/ide/plugins/com.nxp.mcuxpresso.tools.win32_11.4.0.202103011116/tools/bin/../lib/gcc/arm-none-eabi/10.2.1/../../../../arm-none-eabi/lib/thumb/v6-m/nofp\libcr_c.a(initio.o)
                0x00003db0                _initio
 .text.pow      0x00003e2c      0x548 d:/nxp/mcuxpressoide_11.4.0_6237/ide/plugins/com.nxp.mcuxpresso.tools.win32_11.4.0.202103011116/tools/bin/../lib/gcc/arm-none-eabi/10.2.1/../../../../arm-none-eabi/lib/thumb/v6-m/nofp\libcr_c.a(pow.o)
                0x00003e2c                pow
 .text.__vfprintf
                0x00004374      0xd40 d:/nxp/mcuxpressoide_11.4.0_6237/ide/plugins/com.nxp.mcuxpresso.tools.win32_11.4.0.202103011116/tools/bin/../lib/gcc/arm-none-eabi/10.2.1/../../../../arm-none-eabi/lib/thumb/v6-m/nofp\libcr_c.a(printf.o)
                0x00004374                __vfprintf
 .text._sprintf
                0x000050b4       0x6c d:/nxp/mcuxpressoide_11.4.0_6237/ide/plugins/com.nxp.mcuxpresso.tools.win32_11.4.0.202103011116/tools/bin/../lib/gcc/arm-none-eabi/10.2.1/../../../../arm-none-eabi/lib/thumb/v6-m/nofp\libcr_c.a(printf.o)
                0x000050b4                _sprintf
 .text._vsnprintf
                0x00005120       0x70 d:/nxp/mcuxpressoide_11.4.0_6237/ide/plugins/com.nxp.mcuxpresso.tools.win32_11.4.0.202103011116/tools/bin/../lib/gcc/arm-none-eabi/10.2.1/../../../../arm-none-eabi/lib/thumb/v6-m/nofp\libcr_c.a(printf.o)
                0x00005120                _vsnprintf
 .text._printf  0x00005190       0x50 d:/nxp/mcuxpressoide_11.4.0_6237/ide/plugins/com.nxp.mcuxpresso.tools.win32_11.4.0.202103011116/tools/bin/../lib/gcc/arm-none-eabi/10.2.1/../../../../arm-none-eabi/lib/thumb/v6-m/nofp\libcr_c.a(printf.o)
                0x00005190                _printf
 .text.setvbuf  0x000051e0       0x4c d:/nxp/mcuxpressoide_11.4.0_6237/ide/plugins/com.nxp.mcuxpresso.tools.win32_11.4.0.202103011116/tools/bin/../lib/gcc/arm-none-eabi/10.2.1/../../../../arm-none-eabi/lib/thumb/v6-m/nofp\libcr_c.a(setvbuf.o)
                0x000051e0                setvbuf
 .text.sqrt     0x0000522c      0x134 d:/nxp/mcuxpressoide_11.4.0_6237/ide/plugins/com.nxp.mcuxpresso.tools.win32_11.4.0.202103011116/tools/bin/../lib/gcc/arm-none-eabi/10.2.1/../../../../arm-none-eabi/lib/thumb/v6-m/nofp\libcr_c.a(sqrt.o)
                0x0000522c                sqrt
 .text.strcpy   0x00005360       0x44 d:/nxp/mcuxpressoide_11.4.0_6237/ide/plugins/com.nxp.mcuxpresso.tools.win32_11.4.0.202103011116/tools/bin/../lib/gcc/arm-none-eabi/10.2.1/../../../../arm-none-eabi/lib/thumb/v6-m/nofp\libcr_c.a(strcpy.o)
                0x00005360                strcpy
 .text.strlen   0x000053a4       0x58 d:/nxp/mcuxpressoide_11.4.0_6237/ide/plugins/com.nxp.mcuxpresso.tools.win32_11.4.0.202103011116/tools/bin/../lib/gcc/arm-none-eabi/10.2.1/../../../../arm-none-eabi/lib/thumb/v6-m/nofp\libcr_c.a(strlen.o)
                0x000053a4                strlen
 .text.strncmp  0x000053fc       0x50 d:/nxp/mcuxpressoide_11.4.0_6237/ide/plugins/com.nxp.mcuxpresso.tools.win32_11.4.0.202103011116/tools/bin/../lib/gcc/arm-none-eabi/10.2.1/../../../../arm-none-eabi/lib/thumb/v6-m/nofp\libcr_c.a(strncmp.o)
                0x000053fc                strncmp
 .text._sbrk    0x0000544c       0x44 d:/nxp/mcuxpressoide_11.4.0_6237/ide/plugins/com.nxp.mcuxpresso.tools.win32_11.4.0.202103011116/tools/bin/../lib/gcc/arm-none-eabi/10.2.1/../../../../arm-none-eabi/lib/thumb/v6-m/nofp\libcr_c.a(_cr_sbrk.o)
                0x0000544c                _sbrk
 .text._fdopen  0x00005490       0x74 d:/nxp/mcuxpressoide_11.4.0_6237/ide/plugins/com.nxp.mcuxpresso.tools.win32_11.4.0.202103011116/tools/bin/../lib/gcc/arm-none-eabi/10.2.1/../../../../arm-none-eabi/lib/thumb/v6-m/nofp\libcr_c.a(_fdopen.o)
                0x00005490                _fdopen
 .text.fclose   0x00005504       0x5c d:/nxp/mcuxpressoide_11.4.0_6237/ide/plugins/com.nxp.mcuxpresso.tools.win32_11.4.0.202103011116/tools/bin/../lib/gcc/arm-none-eabi/10.2.1/../../../../arm-none-eabi/lib/thumb/v6-m/nofp\libcr_c.a(fclose.o)
                0x00005504                fclose
 .text.fflush   0x00005560       0x44 d:/nxp/mcuxpressoide_11.4.0_6237/ide/plugins/com.nxp.mcuxpresso.tools.win32_11.4.0.202103011116/tools/bin/../lib/gcc/arm-none-eabi/10.2.1/../../../../arm-none-eabi/lib/thumb/v6-m/nofp\libcr_c.a(fflush.o)
                0x00005560                fflush
 .text.frexp    0x000055a4       0x80 d:/nxp/mcuxpressoide_11.4.0_6237/ide/plugins/com.nxp.mcuxpresso.tools.win32_11.4.0.202103011116/tools/bin/../lib/gcc/arm-none-eabi/10.2.1/../../../../arm-none-eabi/lib/thumb/v6-m/nofp\libcr_c.a(frexp.o)
                0x000055a4                frexp
 .text.ldexp    0x00005624       0x58 d:/nxp/mcuxpressoide_11.4.0_6237/ide/plugins/com.nxp.mcuxpresso.tools.win32_11.4.0.202103011116/tools/bin/../lib/gcc/arm-none-eabi/10.2.1/../../../../arm-none-eabi/lib/thumb/v6-m/nofp\libcr_c.a(ldexp.o)
                0x00005624                ldexp
 .text.__check_heap_overflow
                0x0000567c       0x18 d:/nxp/mcuxpressoide_11.4.0_6237/ide/plugins/com.nxp.mcuxpresso.tools.win32_11.4.0.202103011116/tools/bin/../lib/gcc/arm-none-eabi/10.2.1/../../../../arm-none-eabi/lib/thumb/v6-m/nofp\libcr_c.a(_cr_check_heap.o)
                0x0000567c                __check_heap_overflow
 .text._do_fflush
                0x00005694       0x48 d:/nxp/mcuxpressoide_11.4.0_6237/ide/plugins/com.nxp.mcuxpresso.tools.win32_11.4.0.202103011116/tools/bin/../lib/gcc/arm-none-eabi/10.2.1/../../../../arm-none-eabi/lib/thumb/v6-m/nofp\libcr_c.a(_do_fflush.o)
                0x00005694                _do_fflush
 .text.__aeabi_dmul
                0x000056dc      0x184 d:/nxp/mcuxpressoide_11.4.0_6237/ide/plugins/com.nxp.mcuxpresso.tools.win32_11.4.0.202103011116/tools/bin/../lib/gcc/arm-none-eabi/10.2.1/thumb/v6-m/nofp\libcr_eabihelpers.a(double.o)
                0x000056dc                __aeabi_dmul
 .text.__aeabi_ddiv
                0x00005860      0x14c d:/nxp/mcuxpressoide_11.4.0_6237/ide/plugins/com.nxp.mcuxpresso.tools.win32_11.4.0.202103011116/tools/bin/../lib/gcc/arm-none-eabi/10.2.1/thumb/v6-m/nofp\libcr_eabihelpers.a(double.o)
                0x00005860                __aeabi_ddiv
 .text.__aeabi_dsub
                0x000059ac      0x1c0 d:/nxp/mcuxpressoide_11.4.0_6237/ide/plugins/com.nxp.mcuxpresso.tools.win32_11.4.0.202103011116/tools/bin/../lib/gcc/arm-none-eabi/10.2.1/thumb/v6-m/nofp\libcr_eabihelpers.a(double.o)
                0x000059ac                __aeabi_dsub
 .text.__aeabi_dadd
                0x00005b6c      0x134 d:/nxp/mcuxpressoide_11.4.0_6237/ide/plugins/com.nxp.mcuxpresso.tools.win32_11.4.0.202103011116/tools/bin/../lib/gcc/arm-none-eabi/10.2.1/thumb/v6-m/nofp\libcr_eabihelpers.a(double.o)
                0x00005b6c                __aeabi_dadd
 .text.__aeabi_d2iz
                0x00005ca0       0x50 d:/nxp/mcuxpressoide_11.4.0_6237/ide/plugins/com.nxp.mcuxpresso.tools.win32_11.4.0.202103011116/tools/bin/../lib/gcc/arm-none-eabi/10.2.1/thumb/v6-m/nofp\libcr_eabihelpers.a(double.o)
                0x00005ca0                __aeabi_d2iz
 .text.__aeabi_dcmpeq
                0x00005cf0       0x30 d:/nxp/mcuxpressoide_11.4.0_6237/ide/plugins/com.nxp.mcuxpresso.tools.win32_11.4.0.202103011116/tools/bin/../lib/gcc/arm-none-eabi/10.2.1/thumb/v6-m/nofp\libcr_eabihelpers.a(double.o)
                0x00005cf0                __aeabi_dcmpeq
 .text.__aeabi_dcmplt
                0x00005d20       0x60 d:/nxp/mcuxpressoide_11.4.0_6237/ide/plugins/com.nxp.mcuxpresso.tools.win32_11.4.0.202103011116/tools/bin/../lib/gcc/arm-none-eabi/10.2.1/thumb/v6-m/nofp\libcr_eabihelpers.a(double.o)
                0x00005d20                __aeabi_dcmplt
 .text.__aeabi_dcmpgt
                0x00005d80       0x5c d:/nxp/mcuxpressoide_11.4.0_6237/ide/plugins/com.nxp.mcuxpresso.tools.win32_11.4.0.202103011116/tools/bin/../lib/gcc/arm-none-eabi/10.2.1/thumb/v6-m/nofp\libcr_eabihelpers.a(double.o)
                0x00005d80                __aeabi_dcmpgt
 .text.__aeabi_dcmple
                0x00005ddc       0x5c d:/nxp/mcuxpressoide_11.4.0_6237/ide/plugins/com.nxp.mcuxpresso.tools.win32_11.4.0.202103011116/tools/bin/../lib/gcc/arm-none-eabi/10.2.1/thumb/v6-m/nofp\libcr_eabihelpers.a(double.o)
                0x00005ddc                __aeabi_dcmple
 .text.__aeabi_dcmpge
                0x00005e38       0x5c d:/nxp/mcuxpressoide_11.4.0_6237/ide/plugins/com.nxp.mcuxpresso.tools.win32_11.4.0.202103011116/tools/bin/../lib/gcc/arm-none-eabi/10.2.1/thumb/v6-m/nofp\libcr_eabihelpers.a(double.o)
                0x00005e38                __aeabi_dcmpge
 .text.ringBuffer_init
                0x00005e94       0x42 ./source/efHal/ringBuffer.o
                0x00005e94                ringBuffer_init
 .text.ringBuffer_putData
                0x00005ed6       0x90 ./source/efHal/ringBuffer.o
                0x00005ed6                ringBuffer_putData
 .text.ringBuffer_getData
                0x00005f66       0x6c ./source/efHal/ringBuffer.o
                0x00005f66                ringBuffer_getData
 .text.ringBuffer_isEmpty
                0x00005fd2       0x1e ./source/efHal/ringBuffer.o
                0x00005fd2                ringBuffer_isEmpty
 .text.EnableIRQ
                0x00005ff0       0x30 ./source/efHal/uart_ringBufer.o
 .text.DisableIRQ
                0x00006020       0x30 ./source/efHal/uart_ringBufer.o
 .text.UART_ReadByte
                0x00006050       0x16 ./source/efHal/uart_ringBufer.o
 .text.GPIO_PinWrite
                0x00006066       0x34 ./source/bsp_kl46/SD2_I2C.o
 .text.i2c_release_bus_delay
                0x0000609a       0x28 ./source/bsp_kl46/SD2_I2C.o
 .text.GPIO_PortSet
                0x000060c2       0x18 ./source/bsp_kl46/SD2_board.o
 .text.GPIO_PortClear
                0x000060da       0x18 ./source/bsp_kl46/SD2_board.o
 .text.GPIO_PortToggle
                0x000060f2       0x18 ./source/bsp_kl46/SD2_board.o
 .text.GPIO_PinRead
                0x0000610a       0x20 ./source/bsp_kl46/SD2_board.o
 .text.GPIO_ReadPinInput
                0x0000612a       0x20 ./source/bsp_kl46/SD2_board.o
 .text.PORT_ClearPinsInterruptFlags
                0x0000614a       0x1a ./source/bsp_kl46/mma8451.o
 .text.mma8451_init
                0x00006164       0xfe ./source/bsp_kl46/mma8451.o
                0x00006164                mma8451_init
 .text.mma8451_setDataRate
                0x00006262       0x96 ./source/bsp_kl46/mma8451.o
                0x00006262                mma8451_setDataRate
 .text.main     0x000062f8       0x20 ./source/main.o
                0x000062f8                main
 .text.OSC_SetExtRefClkConfig
                0x00006318       0x3e ./drivers/fsl_clock.o
 .text.OSC_SetCapLoad
                0x00006356       0x42 ./drivers/fsl_clock.o
 .text.CLOCK_GetPll0RefFreq
                0x00006398       0x10 ./drivers/fsl_clock.o
 .text.CLOCK_GetFixedFreqClkFreq
                0x000063a8       0x30 ./drivers/fsl_clock.o
                0x000063a8                CLOCK_GetFixedFreqClkFreq
 .text.CLOCK_SetExternalRefClkConfig
                0x000063d8       0x16 ./drivers/fsl_clock.o
                0x000063d8                CLOCK_SetExternalRefClkConfig
 .text.EnableIRQ
                0x000063ee       0x30 ./drivers/fsl_dma.o
 .text.GPIO_PinWrite
                0x0000641e       0x34 ./drivers/fsl_gpio.o
 .text.GPIO_WritePinOutput
                0x00006452       0x24 ./drivers/fsl_gpio.o
 .text.I2C_MasterClearStatusFlags
                0x00006476       0x56 ./drivers/fsl_i2c.o
 .text.I2C_MasterStop
                0x000064cc       0x36 ./drivers/fsl_i2c.o
                0x000064cc                I2C_MasterStop
 .text.I2C_MasterGetStatusFlags
                0x00006502       0x4a ./drivers/fsl_i2c.o
                0x00006502                I2C_MasterGetStatusFlags
 .text.I2C_MasterReadBlocking
                0x0000654c       0xea ./drivers/fsl_i2c.o
                0x0000654c                I2C_MasterReadBlocking
 .text.UART_GetStatusFlags
                0x00006636       0x26 ./drivers/fsl_uart.o
                0x00006636                UART_GetStatusFlags
 .text.UART_GetDataRegisterAddress
                0x0000665c       0x14 ./drivers/fsl_uart_dma.o
 .text.UART_EnableTxDMA
                0x00006670       0x64 ./drivers/fsl_uart_dma.o
 .text.UART_EnableRxDMA
                0x000066d4       0x60 ./drivers/fsl_uart_dma.o
 .text.SystemInitHook
                0x00006734        0xa ./CMSIS/system_MKL46Z4.o
                0x00006734                SystemInitHook
 .text.__main   0x0000673e        0xc d:/nxp/mcuxpressoide_11.4.0_6237/ide/plugins/com.nxp.mcuxpresso.tools.win32_11.4.0.202103011116/tools/bin/../lib/gcc/arm-none-eabi/10.2.1/../../../../arm-none-eabi/lib/thumb/v6-m/nofp\libcr_semihost_nf.a(_cr__main.o)
                0x0000673e                __CR_SEMIHOST
                0x0000673e                __main
 .text.memcpy   0x0000674a        0x8 d:/nxp/mcuxpressoide_11.4.0_6237/ide/plugins/com.nxp.mcuxpresso.tools.win32_11.4.0.202103011116/tools/bin/../lib/gcc/arm-none-eabi/10.2.1/../../../../arm-none-eabi/lib/thumb/v6-m/nofp\libcr_c.a(memcpy.o)
                0x0000674a                memcpy
 .text.memset   0x00006752        0x8 d:/nxp/mcuxpressoide_11.4.0_6237/ide/plugins/com.nxp.mcuxpresso.tools.win32_11.4.0.202103011116/tools/bin/../lib/gcc/arm-none-eabi/10.2.1/../../../../arm-none-eabi/lib/thumb/v6-m/nofp\libcr_c.a(memset.o)
                0x00006752                memset
 .text.free     0x0000675a       0x2c d:/nxp/mcuxpressoide_11.4.0_6237/ide/plugins/com.nxp.mcuxpresso.tools.win32_11.4.0.202103011116/tools/bin/../lib/gcc/arm-none-eabi/10.2.1/../../../../arm-none-eabi/lib/thumb/v6-m/nofp\libcr_c.a(alloc.o)
                0x0000675a                free
 .text.fputs    0x00006786       0x2e d:/nxp/mcuxpressoide_11.4.0_6237/ide/plugins/com.nxp.mcuxpresso.tools.win32_11.4.0.202103011116/tools/bin/../lib/gcc/arm-none-eabi/10.2.1/../../../../arm-none-eabi/lib/thumb/v6-m/nofp\libcr_c.a(fputs.o)
                0x00006786                fputs
 .text.no_fp_display
                0x000067b4        0x4 d:/nxp/mcuxpressoide_11.4.0_6237/ide/plugins/com.nxp.mcuxpresso.tools.win32_11.4.0.202103011116/tools/bin/../lib/gcc/arm-none-eabi/10.2.1/../../../../arm-none-eabi/lib/thumb/v6-m/nofp\libcr_c.a(printf.o)
 .text.remove   0x000067b8       0x12 d:/nxp/mcuxpressoide_11.4.0_6237/ide/plugins/com.nxp.mcuxpresso.tools.win32_11.4.0.202103011116/tools/bin/../lib/gcc/arm-none-eabi/10.2.1/../../../../arm-none-eabi/lib/thumb/v6-m/nofp\libcr_c.a(remove.o)
                0x000067b8                remove
 .text.__aeabi_division_idivmod
                0x000067ca       0x78 d:/nxp/mcuxpressoide_11.4.0_6237/ide/plugins/com.nxp.mcuxpresso.tools.win32_11.4.0.202103011116/tools/bin/../lib/gcc/arm-none-eabi/10.2.1/thumb/v6-m/nofp\libcr_eabihelpers.a(division_32.o)
                0x000067ca                __aeabi_idivmod
                0x000067ca                __aeabi_idiv
                0x000067d0                __aeabi_uidivmod
                0x000067d0                __aeabi_uidiv
 .text.__aeabi_division_idiv0
                0x00006842        0x2 d:/nxp/mcuxpressoide_11.4.0_6237/ide/plugins/com.nxp.mcuxpresso.tools.win32_11.4.0.202103011116/tools/bin/../lib/gcc/arm-none-eabi/10.2.1/thumb/v6-m/nofp\libcr_eabihelpers.a(division_idiv0.o)
                0x00006842                __aeabi_idiv0
 .text.__bhs_ui2d
                0x00006844       0x5e d:/nxp/mcuxpressoide_11.4.0_6237/ide/plugins/com.nxp.mcuxpresso.tools.win32_11.4.0.202103011116/tools/bin/../lib/gcc/arm-none-eabi/10.2.1/thumb/v6-m/nofp\libcr_eabihelpers.a(double.o)
                0x00006844                __bhs_ui2d
 .text.__aeabi_i2d
                0x000068a2       0x18 d:/nxp/mcuxpressoide_11.4.0_6237/ide/plugins/com.nxp.mcuxpresso.tools.win32_11.4.0.202103011116/tools/bin/../lib/gcc/arm-none-eabi/10.2.1/thumb/v6-m/nofp\libcr_eabihelpers.a(double.o)
                0x000068a2                __aeabi_i2d
 .text.__aeabi_llong_lmul
                0x000068ba       0x2e d:/nxp/mcuxpressoide_11.4.0_6237/ide/plugins/com.nxp.mcuxpresso.tools.win32_11.4.0.202103011116/tools/bin/../lib/gcc/arm-none-eabi/10.2.1/thumb/v6-m/nofp\libcr_eabihelpers.a(llong.o)
                0x000068ba                __aeabi_lmul
 .text.__aeabi_memcpy
                0x000068e8       0x2c d:/nxp/mcuxpressoide_11.4.0_6237/ide/plugins/com.nxp.mcuxpresso.tools.win32_11.4.0.202103011116/tools/bin/../lib/gcc/arm-none-eabi/10.2.1/thumb/v6-m/nofp\libcr_eabihelpers.a(memcpy.o)
                0x000068e8                __aeabi_memcpy4
                0x000068e8                __aeabi_memcpy8
                0x000068e8                __aeabi_memcpy
 .text.__aeabi_memset_lowlevel
                0x00006914       0x2a d:/nxp/mcuxpressoide_11.4.0_6237/ide/plugins/com.nxp.mcuxpresso.tools.win32_11.4.0.202103011116/tools/bin/../lib/gcc/arm-none-eabi/10.2.1/thumb/v6-m/nofp\libcr_eabihelpers.a(memcpy.o)
                0x00006914                __aeabi_lowlevel_memset
 .text.__gnu_thumb1_case_shi
                0x0000693e       0x10 d:/nxp/mcuxpressoide_11.4.0_6237/ide/plugins/com.nxp.mcuxpresso.tools.win32_11.4.0.202103011116/tools/bin/../lib/gcc/arm-none-eabi/10.2.1/thumb/v6-m/nofp\libcr_eabihelpers.a(thumb1_switch_helpers.o)
                0x0000693e                __gnu_thumb1_case_shi
 .text.__sys_close
                0x0000694e        0xc d:/nxp/mcuxpressoide_11.4.0_6237/ide/plugins/com.nxp.mcuxpresso.tools.win32_11.4.0.202103011116/tools/bin/../lib/gcc/arm-none-eabi/10.2.1/../../../../arm-none-eabi/lib/thumb/v6-m/nofp\libcr_semihost_nf.a(__sys_close.o)
                0x0000694e                __sys_close
 .text.__sys_flen
                0x0000695a        0xc d:/nxp/mcuxpressoide_11.4.0_6237/ide/plugins/com.nxp.mcuxpresso.tools.win32_11.4.0.202103011116/tools/bin/../lib/gcc/arm-none-eabi/10.2.1/../../../../arm-none-eabi/lib/thumb/v6-m/nofp\libcr_semihost_nf.a(__sys_flen.o)
                0x0000695a                __sys_flen
 .text.__sys_istty
                0x00006966        0xc d:/nxp/mcuxpressoide_11.4.0_6237/ide/plugins/com.nxp.mcuxpresso.tools.win32_11.4.0.202103011116/tools/bin/../lib/gcc/arm-none-eabi/10.2.1/../../../../arm-none-eabi/lib/thumb/v6-m/nofp\libcr_semihost_nf.a(__sys_istty.o)
                0x00006966                __sys_istty
 .text.__sys_remove
                0x00006972        0xc d:/nxp/mcuxpressoide_11.4.0_6237/ide/plugins/com.nxp.mcuxpresso.tools.win32_11.4.0.202103011116/tools/bin/../lib/gcc/arm-none-eabi/10.2.1/../../../../arm-none-eabi/lib/thumb/v6-m/nofp\libcr_semihost_nf.a(__sys_remove.o)
                0x00006972                __sys_remove
 .text.__sys_seek
                0x0000697e        0xc d:/nxp/mcuxpressoide_11.4.0_6237/ide/plugins/com.nxp.mcuxpresso.tools.win32_11.4.0.202103011116/tools/bin/../lib/gcc/arm-none-eabi/10.2.1/../../../../arm-none-eabi/lib/thumb/v6-m/nofp\libcr_semihost_nf.a(__sys_seek.o)
                0x0000697e                __sys_seek
 .text.__sys_tmpnam
                0x0000698a        0xc d:/nxp/mcuxpressoide_11.4.0_6237/ide/plugins/com.nxp.mcuxpresso.tools.win32_11.4.0.202103011116/tools/bin/../lib/gcc/arm-none-eabi/10.2.1/../../../../arm-none-eabi/lib/thumb/v6-m/nofp\libcr_semihost_nf.a(__sys_tmpnam.o)
                0x0000698a                __sys_tmpnam
 .text.__sys_write
                0x00006996        0xc d:/nxp/mcuxpressoide_11.4.0_6237/ide/plugins/com.nxp.mcuxpresso.tools.win32_11.4.0.202103011116/tools/bin/../lib/gcc/arm-none-eabi/10.2.1/../../../../arm-none-eabi/lib/thumb/v6-m/nofp\libcr_semihost_nf.a(__sys_write.o)
                0x00006996                __sys_write
 *(SORT_BY_ALIGNMENT(.rodata) SORT_BY_ALIGNMENT(.rodata.*) SORT_BY_ALIGNMENT(.constdata) SORT_BY_ALIGNMENT(.constdata.*))
 *fill*         0x000069a2        0x6 ff
 .rodata.a1.1   0x000069a8       0x88 d:/nxp/mcuxpressoide_11.4.0_6237/ide/plugins/com.nxp.mcuxpresso.tools.win32_11.4.0.202103011116/tools/bin/../lib/gcc/arm-none-eabi/10.2.1/../../../../arm-none-eabi/lib/thumb/v6-m/nofp\libcr_c.a(pow.o)
 .rodata.a2.0   0x00006a30       0x40 d:/nxp/mcuxpressoide_11.4.0_6237/ide/plugins/com.nxp.mcuxpresso.tools.win32_11.4.0.202103011116/tools/bin/../lib/gcc/arm-none-eabi/10.2.1/../../../../arm-none-eabi/lib/thumb/v6-m/nofp\libcr_c.a(pow.o)
 .rodata.str1.4
                0x00006a70        0x4 ./source/fsm/fsm_frameDetection.o
 .rodata.receiveFrame.str1.4
                0x00006a74       0x2a ./source/fsm/fsm_frameDetection.o
 *fill*         0x00006a9e        0x2 ff
 .rodata.fsm_frameDetection_execute.str1.4
                0x00006aa0       0x4d ./source/fsm/fsm_frameDetection.o
 *fill*         0x00006aed        0x3 ff
 .rodata.handleFrame.str1.4
                0x00006af0       0x68 ./source/fsm/handleFrame.o
 .rodata.LEDS.str1.4
                0x00006b58       0x68 ./source/fsm/interactor.o
                                  0x4 (size before relaxing)
 .rodata.SWITCH.str1.4
                0x00006b58        0xd ./source/fsm/interactor.o
 *fill*         0x00006b65        0x3 ff
 .rodata.ACELEROM.str1.4
                0x00006b68        0x6 ./source/fsm/interactor.o
 *fill*         0x00006b6e        0x2 ff
 .rodata.DMAMUX_EnableChannel.str1.4
                0x00006b70       0x4a ./source/efHal/uart_ringBufer.o
 *fill*         0x00006bba        0x2 ff
 .rodata.DMAMUX_SetSource.str1.4
                0x00006bbc       0x4a ./source/efHal/uart_ringBufer.o
 *fill*         0x00006c06        0x2 ff
 .rodata.PORT_SetPinConfig.str1.4
                0x00006c08       0x23 ./source/bsp_kl46/SD2_I2C.o
 .rodata.PORT_SetPinConfig.str1.4
                0x00006c2b       0x23 ./source/bsp_kl46/SD2_board.o
 *fill*         0x00006c2b        0x1 ff
 .rodata.board_gpioLeds
                0x00006c2c       0x18 ./source/bsp_kl46/SD2_board.o
 .rodata.board_gpioSw
                0x00006c44       0x18 ./source/bsp_kl46/SD2_board.o
 .rodata        0x00006c5c        0x2 ./source/bsp_kl46/SD2_board.o
 .rodata.PORT_SetPinConfig.str1.4
                0x00006c5e       0x23 ./source/bsp_kl46/mma8451.o
 *fill*         0x00006c5e        0x2 ff
 .rodata.CLOCK_GetMcgExtClkFreq.str1.4
                0x00006c60       0x1e ./drivers/fsl_clock.o
 *fill*         0x00006c7e        0x2 ff
 .rodata.CLOCK_GetOsc0ErClkFreq.str1.4
                0x00006c80       0x1e ./drivers/fsl_clock.o
 *fill*         0x00006c9e        0x2 ff
 .rodata.CLOCK_GetEr32kClkFreq.str1.4
                0x00006ca0       0x1f ./drivers/fsl_clock.o
 *fill*         0x00006cbf        0x1 ff
 .rodata.CLOCK_GetFreq
                0x00006cc0       0x34 ./drivers/fsl_clock.o
 .rodata.CLOCK_GetPll0Freq.str1.4
                0x00006cf4       0x1d ./drivers/fsl_clock.o
 *fill*         0x00006d11        0x3 ff
 .rodata.CLOCK_EnablePll0.str1.4
                0x00006d14       0x19 ./drivers/fsl_clock.o
 *fill*         0x00006d2d        0x3 ff
 .rodata.CLOCK_SetPbeMode.str1.4
                0x00006d30       0x1a ./drivers/fsl_clock.o
 *fill*         0x00006d4a        0x2 ff
 .rodata.CLOCK_BootToPeeMode.str1.4
                0x00006d4c       0x1a ./drivers/fsl_clock.o
 *fill*         0x00006d66        0x2 ff
 .rodata.fllFactorTable.1
                0x00006d68       0x10 ./drivers/fsl_clock.o
 .rodata.DMA_EnableInterrupts.str1.4
                0x00006d78       0x3c ./drivers/fsl_dma.o
 .rodata.DMA_ClearChannelStatusFlags.str1.4
                0x00006db4       0x3c ./drivers/fsl_dma.o
 .rodata.s_dmaIRQNumber
                0x00006df0        0x4 ./drivers/fsl_dma.o
 .rodata.DMA_GetInstance.str1.4
                0x00006df4       0x31 ./drivers/fsl_dma.o
 *fill*         0x00006e25        0x3 ff
 .rodata.DMA_ResetChannel.str1.4
                0x00006e28       0x39 ./drivers/fsl_dma.o
 *fill*         0x00006e61        0x3 ff
 .rodata.DMA_SetTransferConfig.str1.4
                0x00006e64       0x5b ./drivers/fsl_dma.o
 *fill*         0x00006ebf        0x1 ff
 .rodata.DMA_CreateHandle.str1.4
                0x00006ec0       0x59 ./drivers/fsl_dma.o
 *fill*         0x00006f19        0x3 ff
 .rodata.DMA_PrepareTransfer.str1.4
                0x00006f1c       0xfc ./drivers/fsl_dma.o
 .rodata.DMA_SetCallback.str1.4
                0x00007018       0x1f ./drivers/fsl_dma.o
 *fill*         0x00007037        0x1 ff
 .rodata.DMA_SubmitTransfer.str1.4
                0x00007038       0x3f ./drivers/fsl_dma.o
 *fill*         0x00007077        0x1 ff
 .rodata.DMA_HandleIRQ.str1.4
                0x00007078       0x1f ./drivers/fsl_dma.o
 *fill*         0x00007097        0x1 ff
 .rodata.DMAMUX_GetInstance.str1.4
                0x00007098       0x37 ./drivers/fsl_dmamux.o
 *fill*         0x000070cf        0x1 ff
 .rodata.GPIO_PinInit.str1.4
                0x000070d0       0x18 ./drivers/fsl_gpio.o
 .rodata.s_i2cBases
                0x000070e8        0x8 ./drivers/fsl_i2c.o
                0x000070e8                s_i2cBases
 .rodata.s_i2cDividerTable
                0x000070f0       0x80 ./drivers/fsl_i2c.o
 .rodata.s_i2cClocks
                0x00007170        0x8 ./drivers/fsl_i2c.o
 .rodata.I2C_GetInstance.str1.4
                0x00007178       0x32 ./drivers/fsl_i2c.o
 *fill*         0x000071aa        0x2 ff
 .rodata.I2C_MasterInit.str1.4
                0x000071ac       0x2c ./drivers/fsl_i2c.o
 .rodata.I2C_MasterGetDefaultConfig.str1.4
                0x000071d8       0x1d ./drivers/fsl_i2c.o
 *fill*         0x000071f5        0x3 ff
 .rodata.I2C_MasterTransferBlocking.str1.4
                0x000071f8       0x16 ./drivers/fsl_i2c.o
 *fill*         0x0000720e        0x2 ff
 .rodata.s_uartBases
                0x00007210        0xc ./drivers/fsl_uart.o
 .rodata.s_uartClock
                0x0000721c        0xc ./drivers/fsl_uart.o
 .rodata.UART_GetInstance.str1.4
                0x00007228       0x2b ./drivers/fsl_uart.o
 *fill*         0x00007253        0x1 ff
 .rodata.UART_Init.str1.4
                0x00007254       0x3e ./drivers/fsl_uart.o
 *fill*         0x00007292        0x2 ff
 .rodata.UART_GetDefaultConfig.str1.4
                0x00007294       0x18 ./drivers/fsl_uart.o
 .rodata.DMA_DisableInterrupts.str1.4
                0x000072ac       0x3c ./drivers/fsl_uart_dma.o
 .rodata.DMA_StartTransfer.str1.4
                0x000072e8       0x1f ./drivers/fsl_uart_dma.o
 *fill*         0x00007307        0x1 ff
 .rodata.UART_TransferSendDMACallback.str1.4
                0x00007308       0x37 ./drivers/fsl_uart_dma.o
 *fill*         0x0000733f        0x1 ff
 .rodata.UART_TransferReceiveDMACallback.str1.4
                0x00007340       0x37 ./drivers/fsl_uart_dma.o
 *fill*         0x00007377        0x1 ff
 .rodata.UART_TransferCreateHandleDMA.str1.4
                0x00007378       0x1c ./drivers/fsl_uart_dma.o
 .rodata.UART_TransferSendDMA.str1.4
                0x00007394       0xa8 ./drivers/fsl_uart_dma.o
 .rodata.mcgConfig_BOARD_BootClockRUN
                0x0000743c        0xa ./board/clock_config.o
                0x0000743c                mcgConfig_BOARD_BootClockRUN
 *fill*         0x00007446        0x2 ff
 .rodata.simConfig_BOARD_BootClockRUN
                0x00007448        0x8 ./board/clock_config.o
                0x00007448                simConfig_BOARD_BootClockRUN
 .rodata.oscConfig_BOARD_BootClockRUN
                0x00007450        0x8 ./board/clock_config.o
                0x00007450                oscConfig_BOARD_BootClockRUN
 .rodata.__num_Ciob_streams
                0x00007458        0x4 d:/nxp/mcuxpressoide_11.4.0_6237/ide/plugins/com.nxp.mcuxpresso.tools.win32_11.4.0.202103011116/tools/bin/../lib/gcc/arm-none-eabi/10.2.1/../../../../arm-none-eabi/lib/thumb/v6-m/nofp\libcr_semihost_nf.a(__ciob.o)
                0x00007458                __num_Ciob_streams
 .rodata.__assertion_failed.str1.1
                0x0000745c       0x15 d:/nxp/mcuxpressoide_11.4.0_6237/ide/plugins/com.nxp.mcuxpresso.tools.win32_11.4.0.202103011116/tools/bin/../lib/gcc/arm-none-eabi/10.2.1/../../../../arm-none-eabi/lib/thumb/v6-m/nofp\libcr_semihost_nf.a(_cr_assert.o)
 .rodata._Csys_alloc.str1.1
                0x00007471       0x18 d:/nxp/mcuxpressoide_11.4.0_6237/ide/plugins/com.nxp.mcuxpresso.tools.win32_11.4.0.202103011116/tools/bin/../lib/gcc/arm-none-eabi/10.2.1/../../../../arm-none-eabi/lib/thumb/v6-m/nofp\libcr_c.a(alloc.o)
 .rodata._initio.str1.1
                0x00007489        0x4 d:/nxp/mcuxpressoide_11.4.0_6237/ide/plugins/com.nxp.mcuxpresso.tools.win32_11.4.0.202103011116/tools/bin/../lib/gcc/arm-none-eabi/10.2.1/../../../../arm-none-eabi/lib/thumb/v6-m/nofp\libcr_c.a(initio.o)
 .rodata.__vfprintf.str1.1
                0x0000748d       0x35 d:/nxp/mcuxpressoide_11.4.0_6237/ide/plugins/com.nxp.mcuxpresso.tools.win32_11.4.0.202103011116/tools/bin/../lib/gcc/arm-none-eabi/10.2.1/../../../../arm-none-eabi/lib/thumb/v6-m/nofp\libcr_c.a(printf.o)
                                 0x38 (size before relaxing)
                0x000074c4                . = ALIGN (0x4)
 *fill*         0x000074c2        0x2 ff

.glue_7         0x000074c4        0x0
 .glue_7        0x000074c4        0x0 linker stubs

.glue_7t        0x000074c4        0x0
 .glue_7t       0x000074c4        0x0 linker stubs

.vfp11_veneer   0x000074c4        0x0
 .vfp11_veneer  0x000074c4        0x0 linker stubs

.v4_bx          0x000074c4        0x0
 .v4_bx         0x000074c4        0x0 linker stubs

.iplt           0x000074c4        0x0
 .iplt          0x000074c4        0x0 ./startup/startup_mkl46z4.o

.rel.dyn        0x000074c4        0x0
 .rel.iplt      0x000074c4        0x0 ./startup/startup_mkl46z4.o

.ARM.extab
 *(SORT_BY_ALIGNMENT(.ARM.extab*) SORT_BY_ALIGNMENT(.gnu.linkonce.armextab.*))

.ARM.exidx      0x000074c4        0x0
                0x000074c4                __exidx_start = .
 *(SORT_BY_ALIGNMENT(.ARM.exidx*) SORT_BY_ALIGNMENT(.gnu.linkonce.armexidx.*))
                0x000074c4                __exidx_end = .
                0x000074c4                _etext = .

.m_usb_data
 *(SORT_BY_ALIGNMENT(m_usb_bdt))

.mtb_buffer_default
                0x1fffe000       0x80
 *(SORT_BY_ALIGNMENT(.mtb*))
 .mtb.$RAM1     0x1fffe000       0x80 ./source/mtb.o
                0x1fffe000                __mtb_buffer__

.uninit_RESERVED
                0x1fffe080        0x0
                0x1fffe080                _start_uninit_RESERVED = .
 *(SORT_BY_ALIGNMENT(.bss.$RESERVED*))
                0x1fffe080                . = ALIGN (0x4)
                0x1fffe080                _end_uninit_RESERVED = .

.data           0x1fffe080       0x10 load address 0x000074c4
 FILL mask 0xff
                0x1fffe080                _data = .
                [!provide]                PROVIDE (__start_data_RAM = .)
                [!provide]                PROVIDE (__start_data_SRAM = .)
 *(SORT_BY_ALIGNMENT(vtable))
 *(SORT_BY_ALIGNMENT(.ramfunc*))
 *(SORT_BY_ALIGNMENT(CodeQuickAccess))
 *(SORT_BY_ALIGNMENT(DataQuickAccess))
 *(SORT_BY_ALIGNMENT(RamFunction))
 *(SORT_BY_ALIGNMENT(.data*))
 .data.TEAM_ID  0x1fffe080        0x4 ./source/fsm/fsm_frameDetection.o
                0x1fffe080                TEAM_ID
 .data.s_slowIrcFreq
                0x1fffe084        0x4 ./drivers/fsl_clock.o
 .data.s_fastIrcFreq
                0x1fffe088        0x4 ./drivers/fsl_clock.o
 .data.SystemCoreClock
                0x1fffe08c        0x4 ./CMSIS/system_MKL46Z4.o
                0x1fffe08c                SystemCoreClock
                0x1fffe090                . = ALIGN (0x4)
                0x1fffe090                _edata = .
                [!provide]                PROVIDE (__end_data_RAM = .)
                [!provide]                PROVIDE (__end_data_SRAM = .)

.igot.plt       0x1fffe090        0x0 load address 0x000074d4
 .igot.plt      0x1fffe090        0x0 ./startup/startup_mkl46z4.o

.bss            0x1fffe090      0x1ac
                0x1fffe090                _bss = .
                [!provide]                PROVIDE (__start_bss_RAM = .)
                [!provide]                PROVIDE (__start_bss_SRAM = .)
 *(SORT_BY_ALIGNMENT(.bss*))
 .bss.size.1    0x1fffe090        0x4 ./source/fsm/fsm_frameDetection.o
 .bss.frame.0   0x1fffe094        0x8 ./source/fsm/fsm_frameDetection.o
 .bss.bufferEnv
                0x1fffe09c       0x20 ./source/fsm/interactor.o
                0x1fffe09c                bufferEnv
 .bss.receivedFrame
                0x1fffe0bc        0x6 ./source/fsm/interactor.o
                0x1fffe0bc                receivedFrame
 *fill*         0x1fffe0c2        0x2 
 .bss.txBuffer_dma
                0x1fffe0c4       0x20 ./source/efHal/uart_ringBufer.o
 .bss.UART1DmaHandle
                0x1fffe0e4       0x20 ./source/efHal/uart_ringBufer.o
 .bss.UART1TxDmaHandle
                0x1fffe104       0x10 ./source/efHal/uart_ringBufer.o
 .bss.pRingBufferRx
                0x1fffe114        0x4 ./source/efHal/uart_ringBufer.o
 .bss.g_xtal0Freq
                0x1fffe118        0x4 ./drivers/fsl_clock.o
                0x1fffe118                g_xtal0Freq
 .bss.g_xtal32Freq
                0x1fffe11c        0x4 ./drivers/fsl_clock.o
                0x1fffe11c                g_xtal32Freq
 .bss.s_DMAHandle
                0x1fffe120       0x10 ./drivers/fsl_dma.o
 .bss.s_i2cHandle
                0x1fffe130        0x8 ./drivers/fsl_i2c.o
 .bss.s_i2cMasterIsr
                0x1fffe138        0x4 ./drivers/fsl_i2c.o
 .bss.s_i2cSlaveIsr
                0x1fffe13c        0x4 ./drivers/fsl_i2c.o
 .bss.s_lpsciHandle
                0x1fffe140        0x4 ./drivers/fsl_lpsci.o
 .bss.s_lpsciIsr
                0x1fffe144        0x4 ./drivers/fsl_lpsci.o
 .bss.s_uartHandle
                0x1fffe148        0xc ./drivers/fsl_uart.o
 .bss.s_uartIsr
                0x1fffe154        0x4 ./drivers/fsl_uart.o
 .bss.s_dmaPrivateHandle
                0x1fffe158       0x18 ./drivers/fsl_uart_dma.o
 .bss.__Ciob    0x1fffe170       0xb4 d:/nxp/mcuxpressoide_11.4.0_6237/ide/plugins/com.nxp.mcuxpresso.tools.win32_11.4.0.202103011116/tools/bin/../lib/gcc/arm-none-eabi/10.2.1/../../../../arm-none-eabi/lib/thumb/v6-m/nofp\libcr_semihost_nf.a(__ciob.o)
                0x1fffe170                __Ciob
 .bss.__end_of_heap
                0x1fffe224        0x4 d:/nxp/mcuxpressoide_11.4.0_6237/ide/plugins/com.nxp.mcuxpresso.tools.win32_11.4.0.202103011116/tools/bin/../lib/gcc/arm-none-eabi/10.2.1/../../../../arm-none-eabi/lib/thumb/v6-m/nofp\libcr_c.a(__init_alloc.o)
                0x1fffe224                __end_of_heap
 .bss.__heaps   0x1fffe228        0x4 d:/nxp/mcuxpressoide_11.4.0_6237/ide/plugins/com.nxp.mcuxpresso.tools.win32_11.4.0.202103011116/tools/bin/../lib/gcc/arm-none-eabi/10.2.1/../../../../arm-none-eabi/lib/thumb/v6-m/nofp\libcr_c.a(__init_alloc.o)
                0x1fffe228                __heaps
 .bss.errno     0x1fffe22c        0x4 d:/nxp/mcuxpressoide_11.4.0_6237/ide/plugins/com.nxp.mcuxpresso.tools.win32_11.4.0.202103011116/tools/bin/../lib/gcc/arm-none-eabi/10.2.1/../../../../arm-none-eabi/lib/thumb/v6-m/nofp\libcr_c.a(errno.o)
                0x1fffe22c                errno
 .bss.readX     0x1fffe230        0x2 ./source/bsp_kl46/mma8451.o
 .bss.readY     0x1fffe232        0x2 ./source/bsp_kl46/mma8451.o
 .bss.readZ     0x1fffe234        0x2 ./source/bsp_kl46/mma8451.o
 .bss.state.2   0x1fffe236        0x1 ./source/fsm/fsm_frameDetection.o
 .bss.frameRecieved
                0x1fffe237        0x1 ./source/fsm/interactor.o
                0x1fffe237                frameRecieved
 .bss.responseReady
                0x1fffe238        0x1 ./source/fsm/interactor.o
                0x1fffe238                responseReady
 .bss.txOnGoing
                0x1fffe239        0x1 ./source/efHal/uart_ringBufer.o
                0x1fffe239                txOnGoing
 *(SORT_BY_ALIGNMENT(COMMON))
                0x1fffe23c                . = ALIGN (0x4)
 *fill*         0x1fffe23a        0x2 
                0x1fffe23c                _ebss = .
                [!provide]                PROVIDE (__end_bss_RAM = .)
                [!provide]                PROVIDE (__end_bss_SRAM = .)
                [!provide]                PROVIDE (end = .)

.noinit         0x1fffe23c        0x0
                0x1fffe23c                _noinit = .
                [!provide]                PROVIDE (__start_noinit_RAM = .)
                [!provide]                PROVIDE (__start_noinit_SRAM = .)
 *(SORT_BY_ALIGNMENT(.noinit*))
                0x1fffe23c                . = ALIGN (0x4)
                0x1fffe23c                _end_noinit = .
                [!provide]                PROVIDE (__end_noinit_RAM = .)
                [!provide]                PROVIDE (__end_noinit_SRAM = .)
                0x00000800                _HeapSize = 0x800

.heap           0x1fffe23c      0x800
                0x1fffe23c                _pvHeapStart = .
                0x1fffea3c                . = (. + _HeapSize)
 *fill*         0x1fffe23c      0x800 
                0x1fffea3c                . = ALIGN (0x4)
                0x1fffea3c                _pvHeapLimit = .
                0x00000800                _StackSize = 0x800

.heap2stackfill
                0x1fffea3c      0x800
                0x1ffff23c                . = (. + _StackSize)
 *fill*         0x1fffea3c      0x800 

.stack          0x20005800        0x0
                0x20005800                _vStackBase = .
                0x20005800                . = ALIGN (0x4)
                0x20006000                _vStackTop = (. + _StackSize)
                0x00000000                _image_start = LOADADDR (.text)
                0x000074d4                _image_end = (LOADADDR (.data) + SIZEOF (.data))
                0x000074d4                _image_size = (_image_end - _image_start)
OUTPUT(SD2_TP3_HUBER_entrega.axf elf32-littlearm)
LOAD linker stubs

.debug_info     0x00000000     0xdad0
 .debug_info    0x00000000      0x4eb ./startup/startup_mkl46z4.o
 .debug_info    0x000004eb      0x365 ./source/fsm/fsm_frameDetection.o
 .debug_info    0x00000850       0xc3 ./source/fsm/handleFrame.o
 .debug_info    0x00000913      0x472 ./source/fsm/interactor.o
 .debug_info    0x00000d85      0x269 ./source/efHal/ringBuffer.o
 .debug_info    0x00000fee      0xf91 ./source/efHal/uart_ringBufer.o
 .debug_info    0x00001f7f      0x795 ./source/bsp_kl46/SD2_I2C.o
 .debug_info    0x00002714      0xc40 ./source/bsp_kl46/SD2_board.o
 .debug_info    0x00003354     0x1065 ./source/bsp_kl46/mma8451.o
 .debug_info    0x000043b9       0xe1 ./source/main.o
 .debug_info    0x0000449a       0x53 ./source/mtb.o
 .debug_info    0x000044ed       0x3c ./source/semihost_hardfault.o
 .debug_info    0x00004529     0x1a8b ./drivers/fsl_clock.o
 .debug_info    0x00005fb4      0xf55 ./drivers/fsl_dma.o
 .debug_info    0x00006f09      0x4e5 ./drivers/fsl_dmamux.o
 .debug_info    0x000073ee      0x7dc ./drivers/fsl_gpio.o
 .debug_info    0x00007bca     0x1aba ./drivers/fsl_i2c.o
 .debug_info    0x00009684     0x14ac ./drivers/fsl_lpsci.o
 .debug_info    0x0000ab30     0x144d ./drivers/fsl_uart.o
 .debug_info    0x0000bf7d      0xc53 ./drivers/fsl_uart_dma.o
 .debug_info    0x0000cbd0      0xaf2 ./board/clock_config.o
 .debug_info    0x0000d6c2      0x40e ./CMSIS/system_MKL46Z4.o

.debug_abbrev   0x00000000     0x29b2
 .debug_abbrev  0x00000000      0x198 ./startup/startup_mkl46z4.o
 .debug_abbrev  0x00000198      0x10b ./source/fsm/fsm_frameDetection.o
 .debug_abbrev  0x000002a3       0x5d ./source/fsm/handleFrame.o
 .debug_abbrev  0x00000300      0x18d ./source/fsm/interactor.o
 .debug_abbrev  0x0000048d       0xf5 ./source/efHal/ringBuffer.o
 .debug_abbrev  0x00000582      0x2c4 ./source/efHal/uart_ringBufer.o
 .debug_abbrev  0x00000846      0x22a ./source/bsp_kl46/SD2_I2C.o
 .debug_abbrev  0x00000a70      0x2e5 ./source/bsp_kl46/SD2_board.o
 .debug_abbrev  0x00000d55      0x2d0 ./source/bsp_kl46/mma8451.o
 .debug_abbrev  0x00001025       0x65 ./source/main.o
 .debug_abbrev  0x0000108a       0x46 ./source/mtb.o
 .debug_abbrev  0x000010d0       0x31 ./source/semihost_hardfault.o
 .debug_abbrev  0x00001101      0x34b ./drivers/fsl_clock.o
 .debug_abbrev  0x0000144c      0x2bc ./drivers/fsl_dma.o
 .debug_abbrev  0x00001708      0x17e ./drivers/fsl_dmamux.o
 .debug_abbrev  0x00001886      0x1f6 ./drivers/fsl_gpio.o
 .debug_abbrev  0x00001a7c      0x376 ./drivers/fsl_i2c.o
 .debug_abbrev  0x00001df2      0x2f3 ./drivers/fsl_lpsci.o
 .debug_abbrev  0x000020e5      0x2f3 ./drivers/fsl_uart.o
 .debug_abbrev  0x000023d8      0x291 ./drivers/fsl_uart_dma.o
 .debug_abbrev  0x00002669      0x201 ./board/clock_config.o
 .debug_abbrev  0x0000286a      0x148 ./CMSIS/system_MKL46Z4.o

.debug_aranges  0x00000000      0xc98
 .debug_aranges
                0x00000000      0x160 ./startup/startup_mkl46z4.o
 .debug_aranges
                0x00000160       0x28 ./source/fsm/fsm_frameDetection.o
 .debug_aranges
                0x00000188       0x20 ./source/fsm/handleFrame.o
 .debug_aranges
                0x000001a8       0x50 ./source/fsm/interactor.o
 .debug_aranges
                0x000001f8       0x48 ./source/efHal/ringBuffer.o
 .debug_aranges
                0x00000240       0x78 ./source/efHal/uart_ringBufer.o
 .debug_aranges
                0x000002b8       0x50 ./source/bsp_kl46/SD2_I2C.o
 .debug_aranges
                0x00000308       0x78 ./source/bsp_kl46/SD2_board.o
 .debug_aranges
                0x00000380       0x88 ./source/bsp_kl46/mma8451.o
 .debug_aranges
                0x00000408       0x20 ./source/main.o
 .debug_aranges
                0x00000428       0x18 ./source/mtb.o
 .debug_aranges
                0x00000440       0x20 ./source/semihost_hardfault.o
 .debug_aranges
                0x00000460      0x1d8 ./drivers/fsl_clock.o
 .debug_aranges
                0x00000638       0xd0 ./drivers/fsl_dma.o
 .debug_aranges
                0x00000708       0x40 ./drivers/fsl_dmamux.o
 .debug_aranges
                0x00000748       0x78 ./drivers/fsl_gpio.o
 .debug_aranges
                0x000007c0      0x178 ./drivers/fsl_i2c.o
 .debug_aranges
                0x00000938      0x118 ./drivers/fsl_lpsci.o
 .debug_aranges
                0x00000a50      0x130 ./drivers/fsl_uart.o
 .debug_aranges
                0x00000b80       0x98 ./drivers/fsl_uart_dma.o
 .debug_aranges
                0x00000c18       0x50 ./board/clock_config.o
 .debug_aranges
                0x00000c68       0x30 ./CMSIS/system_MKL46Z4.o

.debug_ranges   0x00000000      0xb48
 .debug_ranges  0x00000000      0x150 ./startup/startup_mkl46z4.o
 .debug_ranges  0x00000150       0x18 ./source/fsm/fsm_frameDetection.o
 .debug_ranges  0x00000168       0x28 ./source/fsm/handleFrame.o
 .debug_ranges  0x00000190       0x40 ./source/fsm/interactor.o
 .debug_ranges  0x000001d0       0x38 ./source/efHal/ringBuffer.o
 .debug_ranges  0x00000208       0x68 ./source/efHal/uart_ringBufer.o
 .debug_ranges  0x00000270       0x40 ./source/bsp_kl46/SD2_I2C.o
 .debug_ranges  0x000002b0       0x68 ./source/bsp_kl46/SD2_board.o
 .debug_ranges  0x00000318       0x78 ./source/bsp_kl46/mma8451.o
 .debug_ranges  0x00000390       0x10 ./source/main.o
 .debug_ranges  0x000003a0       0x10 ./source/semihost_hardfault.o
 .debug_ranges  0x000003b0      0x1c8 ./drivers/fsl_clock.o
 .debug_ranges  0x00000578       0xc0 ./drivers/fsl_dma.o
 .debug_ranges  0x00000638       0x30 ./drivers/fsl_dmamux.o
 .debug_ranges  0x00000668       0x68 ./drivers/fsl_gpio.o
 .debug_ranges  0x000006d0      0x168 ./drivers/fsl_i2c.o
 .debug_ranges  0x00000838      0x108 ./drivers/fsl_lpsci.o
 .debug_ranges  0x00000940      0x120 ./drivers/fsl_uart.o
 .debug_ranges  0x00000a60       0x88 ./drivers/fsl_uart_dma.o
 .debug_ranges  0x00000ae8       0x40 ./board/clock_config.o
 .debug_ranges  0x00000b28       0x20 ./CMSIS/system_MKL46Z4.o

.debug_macro    0x00000000     0x27e6
 .debug_macro   0x00000000       0x29 ./startup/startup_mkl46z4.o
 .debug_macro   0x00000029      0x1aa ./source/fsm/fsm_frameDetection.o
 .debug_macro   0x000001d3      0xa84 ./source/fsm/fsm_frameDetection.o
 .debug_macro   0x00000c57       0xc4 ./source/fsm/fsm_frameDetection.o
 .debug_macro   0x00000d1b      0x1d2 ./source/fsm/fsm_frameDetection.o
 .debug_macro   0x00000eed       0x10 ./source/fsm/fsm_frameDetection.o
 .debug_macro   0x00000efd       0x10 ./source/fsm/fsm_frameDetection.o
 .debug_macro   0x00000f0d       0x10 ./source/fsm/fsm_frameDetection.o
 .debug_macro   0x00000f1d       0x10 ./source/fsm/fsm_frameDetection.o
 .debug_macro   0x00000f2d       0x16 ./source/fsm/fsm_frameDetection.o
 .debug_macro   0x00000f43      0x1a5 ./source/fsm/handleFrame.o
 .debug_macro   0x000010e8      0x19b ./source/fsm/interactor.o
 .debug_macro   0x00001283       0x62 ./source/efHal/ringBuffer.o
 .debug_macro   0x000012e5      0x187 ./source/efHal/uart_ringBufer.o
 .debug_macro   0x0000146c      0x17c ./source/bsp_kl46/SD2_I2C.o
 .debug_macro   0x000015e8       0x10 ./source/bsp_kl46/SD2_I2C.o
 .debug_macro   0x000015f8       0x1c ./source/bsp_kl46/SD2_I2C.o
 .debug_macro   0x00001614       0x10 ./source/bsp_kl46/SD2_I2C.o
 .debug_macro   0x00001624      0x143 ./source/bsp_kl46/SD2_board.o
 .debug_macro   0x00001767      0x162 ./source/bsp_kl46/mma8451.o
 .debug_macro   0x000018c9       0x16 ./source/bsp_kl46/mma8451.o
 .debug_macro   0x000018df       0x16 ./source/bsp_kl46/mma8451.o
 .debug_macro   0x000018f5      0x1ef ./source/main.o
 .debug_macro   0x00001ae4       0x16 ./source/main.o
 .debug_macro   0x00001afa      0x136 ./source/main.o
 .debug_macro   0x00001c30       0x2f ./source/mtb.o
 .debug_macro   0x00001c5f       0x82 ./source/mtb.o
 .debug_macro   0x00001ce1       0x10 ./source/mtb.o
 .debug_macro   0x00001cf1       0x11 ./source/semihost_hardfault.o
 .debug_macro   0x00001d02      0x1b8 ./drivers/fsl_clock.o
 .debug_macro   0x00001eba      0x108 ./drivers/fsl_dma.o
 .debug_macro   0x00001fc2      0x108 ./drivers/fsl_dmamux.o
 .debug_macro   0x000020ca      0x108 ./drivers/fsl_gpio.o
 .debug_macro   0x000021d2      0x107 ./drivers/fsl_i2c.o
 .debug_macro   0x000022d9      0x108 ./drivers/fsl_lpsci.o
 .debug_macro   0x000023e1      0x10e ./drivers/fsl_uart.o
 .debug_macro   0x000024ef      0x127 ./drivers/fsl_uart_dma.o
 .debug_macro   0x00002616      0x139 ./board/clock_config.o
 .debug_macro   0x0000274f       0x97 ./CMSIS/system_MKL46Z4.o

.debug_line     0x00000000     0x882d
 .debug_line    0x00000000      0x1ed ./startup/startup_mkl46z4.o
 .debug_line    0x000001ed      0x45e ./source/fsm/fsm_frameDetection.o
 .debug_line    0x0000064b      0x39a ./source/fsm/handleFrame.o
 .debug_line    0x000009e5      0x4b9 ./source/fsm/interactor.o
 .debug_line    0x00000e9e      0x2bf ./source/efHal/ringBuffer.o
 .debug_line    0x0000115d      0x57e ./source/efHal/uart_ringBufer.o
 .debug_line    0x000016db      0x44c ./source/bsp_kl46/SD2_I2C.o
 .debug_line    0x00001b27      0x4e6 ./source/bsp_kl46/SD2_board.o
 .debug_line    0x0000200d      0x591 ./source/bsp_kl46/mma8451.o
 .debug_line    0x0000259e      0x3d1 ./source/main.o
 .debug_line    0x0000296f       0xd5 ./source/mtb.o
 .debug_line    0x00002a44       0x5a ./source/semihost_hardfault.o
 .debug_line    0x00002a9e     0x12c4 ./drivers/fsl_clock.o
 .debug_line    0x00003d62      0x734 ./drivers/fsl_dma.o
 .debug_line    0x00004496      0x33e ./drivers/fsl_dmamux.o
 .debug_line    0x000047d4      0x48a ./drivers/fsl_gpio.o
 .debug_line    0x00004c5e     0x1371 ./drivers/fsl_i2c.o
 .debug_line    0x00005fcf      0xd86 ./drivers/fsl_lpsci.o
 .debug_line    0x00006d55      0xd91 ./drivers/fsl_uart.o
 .debug_line    0x00007ae6      0x67f ./drivers/fsl_uart_dma.o
 .debug_line    0x00008165      0x371 ./board/clock_config.o
 .debug_line    0x000084d6      0x357 ./CMSIS/system_MKL46Z4.o

.debug_str      0x00000000    0x52c61
 .debug_str     0x00000000     0x3076 ./startup/startup_mkl46z4.o
                               0x30c3 (size before relaxing)
 .debug_str     0x00003076    0x48c15 ./source/fsm/fsm_frameDetection.o
                              0x4b98a (size before relaxing)
 .debug_str     0x0004bc8b       0x5b ./source/fsm/handleFrame.o
                              0x4b374 (size before relaxing)
 .debug_str     0x0004bce6      0x180 ./source/fsm/interactor.o
                              0x4ba17 (size before relaxing)
 .debug_str     0x0004be66       0xa9 ./source/efHal/ringBuffer.o
                               0x4517 (size before relaxing)
 .debug_str     0x0004bf0f     0x1182 ./source/efHal/uart_ringBufer.o
                              0x4bf6c (size before relaxing)
 .debug_str     0x0004d091      0x7df ./source/bsp_kl46/SD2_I2C.o
                              0x4b335 (size before relaxing)
 .debug_str     0x0004d870      0x24a ./source/bsp_kl46/SD2_board.o
                              0x4b81a (size before relaxing)
 .debug_str     0x0004daba      0x5dc ./source/bsp_kl46/mma8451.o
                              0x4b59c (size before relaxing)
 .debug_str     0x0004e096      0x87d ./source/main.o
                              0x4bc7f (size before relaxing)
 .debug_str     0x0004e913      0x532 ./source/mtb.o
                               0x31ea (size before relaxing)
 .debug_str     0x0004ee45       0x1f ./source/semihost_hardfault.o
                               0x2cd7 (size before relaxing)
 .debug_str     0x0004ee64     0x15aa ./drivers/fsl_clock.o
                              0x4c2a1 (size before relaxing)
 .debug_str     0x0005040e      0x70e ./drivers/fsl_dma.o
                              0x4b506 (size before relaxing)
 .debug_str     0x00050b1c       0x90 ./drivers/fsl_dmamux.o
                              0x4ab3b (size before relaxing)
 .debug_str     0x00050bac       0xf6 ./drivers/fsl_gpio.o
                              0x4ab2e (size before relaxing)
 .debug_str     0x00050ca2      0xa81 ./drivers/fsl_i2c.o
                              0x4ba47 (size before relaxing)
 .debug_str     0x00051723      0xabe ./drivers/fsl_lpsci.o
                              0x4b8ca (size before relaxing)
 .debug_str     0x000521e1      0x436 ./drivers/fsl_uart.o
                              0x4b8e7 (size before relaxing)
 .debug_str     0x00052617      0x240 ./drivers/fsl_uart_dma.o
                              0x4b1fa (size before relaxing)
 .debug_str     0x00052857      0x3ac ./board/clock_config.o
                              0x4b131 (size before relaxing)
 .debug_str     0x00052c03       0x5e ./CMSIS/system_MKL46Z4.o
                              0x4971f (size before relaxing)

.comment        0x00000000       0x96
 .comment       0x00000000       0x49 ./startup/startup_mkl46z4.o
                                 0x4a (size before relaxing)
 .comment       0x00000049       0x4d ./source/fsm/fsm_frameDetection.o
                                 0x4e (size before relaxing)
 .comment       0x00000096       0x4e ./source/fsm/handleFrame.o
 .comment       0x00000096       0x4e ./source/fsm/interactor.o
 .comment       0x00000096       0x4e ./source/efHal/ringBuffer.o
 .comment       0x00000096       0x4e ./source/efHal/uart_ringBufer.o
 .comment       0x00000096       0x4e ./source/bsp_kl46/SD2_I2C.o
 .comment       0x00000096       0x4e ./source/bsp_kl46/SD2_board.o
 .comment       0x00000096       0x4e ./source/bsp_kl46/mma8451.o
 .comment       0x00000096       0x4e ./source/main.o
 .comment       0x00000096       0x4a ./source/mtb.o
 .comment       0x00000096       0x4a ./source/semihost_hardfault.o
 .comment       0x00000096       0x4a ./drivers/fsl_clock.o
 .comment       0x00000096       0x4a ./drivers/fsl_dma.o
 .comment       0x00000096       0x4a ./drivers/fsl_dmamux.o
 .comment       0x00000096       0x4a ./drivers/fsl_gpio.o
 .comment       0x00000096       0x4a ./drivers/fsl_i2c.o
 .comment       0x00000096       0x4a ./drivers/fsl_lpsci.o
 .comment       0x00000096       0x4a ./drivers/fsl_uart.o
 .comment       0x00000096       0x4a ./drivers/fsl_uart_dma.o
 .comment       0x00000096       0x4a ./board/clock_config.o
 .comment       0x00000096       0x4a ./CMSIS/system_MKL46Z4.o
 .comment       0x00000096       0x4e d:/nxp/mcuxpressoide_11.4.0_6237/ide/plugins/com.nxp.mcuxpresso.tools.win32_11.4.0.202103011116/tools/bin/../lib/gcc/arm-none-eabi/10.2.1/../../../../arm-none-eabi/lib/thumb/v6-m/nofp\libcr_semihost_nf.a(_cr__main.o)
 .comment       0x00000096       0x4e d:/nxp/mcuxpressoide_11.4.0_6237/ide/plugins/com.nxp.mcuxpresso.tools.win32_11.4.0.202103011116/tools/bin/../lib/gcc/arm-none-eabi/10.2.1/../../../../arm-none-eabi/lib/thumb/v6-m/nofp\libcr_semihost_nf.a(_cr_assert.o)
 .comment       0x00000096       0x4e d:/nxp/mcuxpressoide_11.4.0_6237/ide/plugins/com.nxp.mcuxpresso.tools.win32_11.4.0.202103011116/tools/bin/../lib/gcc/arm-none-eabi/10.2.1/../../../../arm-none-eabi/lib/thumb/v6-m/nofp\libcr_semihost_nf.a(__ciob.o)
 .comment       0x00000096       0x4e d:/nxp/mcuxpressoide_11.4.0_6237/ide/plugins/com.nxp.mcuxpresso.tools.win32_11.4.0.202103011116/tools/bin/../lib/gcc/arm-none-eabi/10.2.1/../../../../arm-none-eabi/lib/thumb/v6-m/nofp\libcr_c.a(memcpy.o)
 .comment       0x00000096       0x4e d:/nxp/mcuxpressoide_11.4.0_6237/ide/plugins/com.nxp.mcuxpresso.tools.win32_11.4.0.202103011116/tools/bin/../lib/gcc/arm-none-eabi/10.2.1/../../../../arm-none-eabi/lib/thumb/v6-m/nofp\libcr_c.a(memset.o)
 .comment       0x00000096       0x4e d:/nxp/mcuxpressoide_11.4.0_6237/ide/plugins/com.nxp.mcuxpresso.tools.win32_11.4.0.202103011116/tools/bin/../lib/gcc/arm-none-eabi/10.2.1/../../../../arm-none-eabi/lib/thumb/v6-m/nofp\libcr_c.a(_deferredlazyseek.o)
 .comment       0x00000096       0x4e d:/nxp/mcuxpressoide_11.4.0_6237/ide/plugins/com.nxp.mcuxpresso.tools.win32_11.4.0.202103011116/tools/bin/../lib/gcc/arm-none-eabi/10.2.1/../../../../arm-none-eabi/lib/thumb/v6-m/nofp\libcr_c.a(_fflush.o)
 .comment       0x00000096       0x4e d:/nxp/mcuxpressoide_11.4.0_6237/ide/plugins/com.nxp.mcuxpresso.tools.win32_11.4.0.202103011116/tools/bin/../lib/gcc/arm-none-eabi/10.2.1/../../../../arm-none-eabi/lib/thumb/v6-m/nofp\libcr_c.a(_writebuf.o)
 .comment       0x00000096       0x4e d:/nxp/mcuxpressoide_11.4.0_6237/ide/plugins/com.nxp.mcuxpresso.tools.win32_11.4.0.202103011116/tools/bin/../lib/gcc/arm-none-eabi/10.2.1/../../../../arm-none-eabi/lib/thumb/v6-m/nofp\libcr_c.a(alloc.o)
 .comment       0x00000096       0x4e d:/nxp/mcuxpressoide_11.4.0_6237/ide/plugins/com.nxp.mcuxpresso.tools.win32_11.4.0.202103011116/tools/bin/../lib/gcc/arm-none-eabi/10.2.1/../../../../arm-none-eabi/lib/thumb/v6-m/nofp\libcr_c.a(fputs.o)
 .comment       0x00000096       0x4e d:/nxp/mcuxpressoide_11.4.0_6237/ide/plugins/com.nxp.mcuxpresso.tools.win32_11.4.0.202103011116/tools/bin/../lib/gcc/arm-none-eabi/10.2.1/../../../../arm-none-eabi/lib/thumb/v6-m/nofp\libcr_c.a(fseek.o)
 .comment       0x00000096       0x4e d:/nxp/mcuxpressoide_11.4.0_6237/ide/plugins/com.nxp.mcuxpresso.tools.win32_11.4.0.202103011116/tools/bin/../lib/gcc/arm-none-eabi/10.2.1/../../../../arm-none-eabi/lib/thumb/v6-m/nofp\libcr_c.a(ftell.o)
 .comment       0x00000096       0x4e d:/nxp/mcuxpressoide_11.4.0_6237/ide/plugins/com.nxp.mcuxpresso.tools.win32_11.4.0.202103011116/tools/bin/../lib/gcc/arm-none-eabi/10.2.1/../../../../arm-none-eabi/lib/thumb/v6-m/nofp\libcr_c.a(initio.o)
 .comment       0x00000096       0x4e d:/nxp/mcuxpressoide_11.4.0_6237/ide/plugins/com.nxp.mcuxpresso.tools.win32_11.4.0.202103011116/tools/bin/../lib/gcc/arm-none-eabi/10.2.1/../../../../arm-none-eabi/lib/thumb/v6-m/nofp\libcr_c.a(pow.o)
 .comment       0x00000096       0x4e d:/nxp/mcuxpressoide_11.4.0_6237/ide/plugins/com.nxp.mcuxpresso.tools.win32_11.4.0.202103011116/tools/bin/../lib/gcc/arm-none-eabi/10.2.1/../../../../arm-none-eabi/lib/thumb/v6-m/nofp\libcr_c.a(printf.o)
 .comment       0x00000096       0x4e d:/nxp/mcuxpressoide_11.4.0_6237/ide/plugins/com.nxp.mcuxpresso.tools.win32_11.4.0.202103011116/tools/bin/../lib/gcc/arm-none-eabi/10.2.1/../../../../arm-none-eabi/lib/thumb/v6-m/nofp\libcr_c.a(setvbuf.o)
 .comment       0x00000096       0x4e d:/nxp/mcuxpressoide_11.4.0_6237/ide/plugins/com.nxp.mcuxpresso.tools.win32_11.4.0.202103011116/tools/bin/../lib/gcc/arm-none-eabi/10.2.1/../../../../arm-none-eabi/lib/thumb/v6-m/nofp\libcr_c.a(sqrt.o)
 .comment       0x00000096       0x4e d:/nxp/mcuxpressoide_11.4.0_6237/ide/plugins/com.nxp.mcuxpresso.tools.win32_11.4.0.202103011116/tools/bin/../lib/gcc/arm-none-eabi/10.2.1/../../../../arm-none-eabi/lib/thumb/v6-m/nofp\libcr_c.a(strcpy.o)
 .comment       0x00000096       0x4e d:/nxp/mcuxpressoide_11.4.0_6237/ide/plugins/com.nxp.mcuxpresso.tools.win32_11.4.0.202103011116/tools/bin/../lib/gcc/arm-none-eabi/10.2.1/../../../../arm-none-eabi/lib/thumb/v6-m/nofp\libcr_c.a(strlen.o)
 .comment       0x00000096       0x4e d:/nxp/mcuxpressoide_11.4.0_6237/ide/plugins/com.nxp.mcuxpresso.tools.win32_11.4.0.202103011116/tools/bin/../lib/gcc/arm-none-eabi/10.2.1/../../../../arm-none-eabi/lib/thumb/v6-m/nofp\libcr_c.a(strncmp.o)
 .comment       0x00000096       0x4e d:/nxp/mcuxpressoide_11.4.0_6237/ide/plugins/com.nxp.mcuxpresso.tools.win32_11.4.0.202103011116/tools/bin/../lib/gcc/arm-none-eabi/10.2.1/../../../../arm-none-eabi/lib/thumb/v6-m/nofp\libcr_c.a(__init_alloc.o)
 .comment       0x00000096       0x4e d:/nxp/mcuxpressoide_11.4.0_6237/ide/plugins/com.nxp.mcuxpresso.tools.win32_11.4.0.202103011116/tools/bin/../lib/gcc/arm-none-eabi/10.2.1/../../../../arm-none-eabi/lib/thumb/v6-m/nofp\libcr_c.a(_cr_sbrk.o)
 .comment       0x00000096       0x4e d:/nxp/mcuxpressoide_11.4.0_6237/ide/plugins/com.nxp.mcuxpresso.tools.win32_11.4.0.202103011116/tools/bin/../lib/gcc/arm-none-eabi/10.2.1/../../../../arm-none-eabi/lib/thumb/v6-m/nofp\libcr_c.a(_fdopen.o)
 .comment       0x00000096       0x4e d:/nxp/mcuxpressoide_11.4.0_6237/ide/plugins/com.nxp.mcuxpresso.tools.win32_11.4.0.202103011116/tools/bin/../lib/gcc/arm-none-eabi/10.2.1/../../../../arm-none-eabi/lib/thumb/v6-m/nofp\libcr_c.a(errno.o)
 .comment       0x00000096       0x4e d:/nxp/mcuxpressoide_11.4.0_6237/ide/plugins/com.nxp.mcuxpresso.tools.win32_11.4.0.202103011116/tools/bin/../lib/gcc/arm-none-eabi/10.2.1/../../../../arm-none-eabi/lib/thumb/v6-m/nofp\libcr_c.a(fclose.o)
 .comment       0x00000096       0x4e d:/nxp/mcuxpressoide_11.4.0_6237/ide/plugins/com.nxp.mcuxpresso.tools.win32_11.4.0.202103011116/tools/bin/../lib/gcc/arm-none-eabi/10.2.1/../../../../arm-none-eabi/lib/thumb/v6-m/nofp\libcr_c.a(fflush.o)
 .comment       0x00000096       0x4e d:/nxp/mcuxpressoide_11.4.0_6237/ide/plugins/com.nxp.mcuxpresso.tools.win32_11.4.0.202103011116/tools/bin/../lib/gcc/arm-none-eabi/10.2.1/../../../../arm-none-eabi/lib/thumb/v6-m/nofp\libcr_c.a(frexp.o)
 .comment       0x00000096       0x4e d:/nxp/mcuxpressoide_11.4.0_6237/ide/plugins/com.nxp.mcuxpresso.tools.win32_11.4.0.202103011116/tools/bin/../lib/gcc/arm-none-eabi/10.2.1/../../../../arm-none-eabi/lib/thumb/v6-m/nofp\libcr_c.a(ldexp.o)
 .comment       0x00000096       0x4e d:/nxp/mcuxpressoide_11.4.0_6237/ide/plugins/com.nxp.mcuxpresso.tools.win32_11.4.0.202103011116/tools/bin/../lib/gcc/arm-none-eabi/10.2.1/../../../../arm-none-eabi/lib/thumb/v6-m/nofp\libcr_c.a(remove.o)
 .comment       0x00000096       0x4e d:/nxp/mcuxpressoide_11.4.0_6237/ide/plugins/com.nxp.mcuxpresso.tools.win32_11.4.0.202103011116/tools/bin/../lib/gcc/arm-none-eabi/10.2.1/../../../../arm-none-eabi/lib/thumb/v6-m/nofp\libcr_c.a(_cr_check_heap.o)
 .comment       0x00000096       0x4e d:/nxp/mcuxpressoide_11.4.0_6237/ide/plugins/com.nxp.mcuxpresso.tools.win32_11.4.0.202103011116/tools/bin/../lib/gcc/arm-none-eabi/10.2.1/../../../../arm-none-eabi/lib/thumb/v6-m/nofp\libcr_c.a(_do_fflush.o)
 .comment       0x00000096       0x4e d:/nxp/mcuxpressoide_11.4.0_6237/ide/plugins/com.nxp.mcuxpresso.tools.win32_11.4.0.202103011116/tools/bin/../lib/gcc/arm-none-eabi/10.2.1/thumb/v6-m/nofp\libcr_eabihelpers.a(double.o)

.ARM.attributes
                0x00000000       0x2a
 .ARM.attributes
                0x00000000       0x2c ./startup/startup_mkl46z4.o
 .ARM.attributes
                0x0000002c       0x2c ./source/fsm/fsm_frameDetection.o
 .ARM.attributes
                0x00000058       0x2c ./source/fsm/handleFrame.o
 .ARM.attributes
                0x00000084       0x2c ./source/fsm/interactor.o
 .ARM.attributes
                0x000000b0       0x2c ./source/efHal/ringBuffer.o
 .ARM.attributes
                0x000000dc       0x2c ./source/efHal/uart_ringBufer.o
 .ARM.attributes
                0x00000108       0x2c ./source/bsp_kl46/SD2_I2C.o
 .ARM.attributes
                0x00000134       0x2c ./source/bsp_kl46/SD2_board.o
 .ARM.attributes
                0x00000160       0x2c ./source/bsp_kl46/mma8451.o
 .ARM.attributes
                0x0000018c       0x2c ./source/main.o
 .ARM.attributes
                0x000001b8       0x2c ./source/mtb.o
 .ARM.attributes
                0x000001e4       0x2c ./source/semihost_hardfault.o
 .ARM.attributes
                0x00000210       0x2c ./drivers/fsl_clock.o
 .ARM.attributes
                0x0000023c       0x2c ./drivers/fsl_dma.o
 .ARM.attributes
                0x00000268       0x2c ./drivers/fsl_dmamux.o
 .ARM.attributes
                0x00000294       0x2c ./drivers/fsl_gpio.o
 .ARM.attributes
                0x000002c0       0x2c ./drivers/fsl_i2c.o
 .ARM.attributes
                0x000002ec       0x2c ./drivers/fsl_lpsci.o
 .ARM.attributes
                0x00000318       0x2c ./drivers/fsl_uart.o
 .ARM.attributes
                0x00000344       0x2c ./drivers/fsl_uart_dma.o
 .ARM.attributes
                0x00000370       0x2c ./board/clock_config.o
 .ARM.attributes
                0x0000039c       0x2c ./CMSIS/system_MKL46Z4.o
 .ARM.attributes
                0x000003c8       0x2c d:/nxp/mcuxpressoide_11.4.0_6237/ide/plugins/com.nxp.mcuxpresso.tools.win32_11.4.0.202103011116/tools/bin/../lib/gcc/arm-none-eabi/10.2.1/../../../../arm-none-eabi/lib/thumb/v6-m/nofp\libcr_semihost_nf.a(_cr__main.o)
 .ARM.attributes
                0x000003f4       0x2c d:/nxp/mcuxpressoide_11.4.0_6237/ide/plugins/com.nxp.mcuxpresso.tools.win32_11.4.0.202103011116/tools/bin/../lib/gcc/arm-none-eabi/10.2.1/../../../../arm-none-eabi/lib/thumb/v6-m/nofp\libcr_semihost_nf.a(_cr_assert.o)
 .ARM.attributes
                0x00000420       0x31 d:/nxp/mcuxpressoide_11.4.0_6237/ide/plugins/com.nxp.mcuxpresso.tools.win32_11.4.0.202103011116/tools/bin/../lib/gcc/arm-none-eabi/10.2.1/../../../../arm-none-eabi/lib/thumb/v6-m/nofp\libcr_semihost_nf.a(__ciob.o)
 .ARM.attributes
                0x00000451       0x1c d:/nxp/mcuxpressoide_11.4.0_6237/ide/plugins/com.nxp.mcuxpresso.tools.win32_11.4.0.202103011116/tools/bin/../lib/gcc/arm-none-eabi/10.2.1/../../../../arm-none-eabi/lib/thumb/v6-m/nofp\libcr_semihost_nf.a(__sys_appexit.o)
 .ARM.attributes
                0x0000046d       0x2c d:/nxp/mcuxpressoide_11.4.0_6237/ide/plugins/com.nxp.mcuxpresso.tools.win32_11.4.0.202103011116/tools/bin/../lib/gcc/arm-none-eabi/10.2.1/../../../../arm-none-eabi/lib/thumb/v6-m/nofp\libcr_c.a(memcpy.o)
 .ARM.attributes
                0x00000499       0x2c d:/nxp/mcuxpressoide_11.4.0_6237/ide/plugins/com.nxp.mcuxpresso.tools.win32_11.4.0.202103011116/tools/bin/../lib/gcc/arm-none-eabi/10.2.1/../../../../arm-none-eabi/lib/thumb/v6-m/nofp\libcr_c.a(memset.o)
 .ARM.attributes
                0x000004c5       0x2c d:/nxp/mcuxpressoide_11.4.0_6237/ide/plugins/com.nxp.mcuxpresso.tools.win32_11.4.0.202103011116/tools/bin/../lib/gcc/arm-none-eabi/10.2.1/../../../../arm-none-eabi/lib/thumb/v6-m/nofp\libcr_c.a(_deferredlazyseek.o)
 .ARM.attributes
                0x000004f1       0x2c d:/nxp/mcuxpressoide_11.4.0_6237/ide/plugins/com.nxp.mcuxpresso.tools.win32_11.4.0.202103011116/tools/bin/../lib/gcc/arm-none-eabi/10.2.1/../../../../arm-none-eabi/lib/thumb/v6-m/nofp\libcr_c.a(_fflush.o)
 .ARM.attributes
                0x0000051d       0x2c d:/nxp/mcuxpressoide_11.4.0_6237/ide/plugins/com.nxp.mcuxpresso.tools.win32_11.4.0.202103011116/tools/bin/../lib/gcc/arm-none-eabi/10.2.1/../../../../arm-none-eabi/lib/thumb/v6-m/nofp\libcr_c.a(_writebuf.o)
 .ARM.attributes
                0x00000549       0x2c d:/nxp/mcuxpressoide_11.4.0_6237/ide/plugins/com.nxp.mcuxpresso.tools.win32_11.4.0.202103011116/tools/bin/../lib/gcc/arm-none-eabi/10.2.1/../../../../arm-none-eabi/lib/thumb/v6-m/nofp\libcr_c.a(alloc.o)
 .ARM.attributes
                0x00000575       0x2c d:/nxp/mcuxpressoide_11.4.0_6237/ide/plugins/com.nxp.mcuxpresso.tools.win32_11.4.0.202103011116/tools/bin/../lib/gcc/arm-none-eabi/10.2.1/../../../../arm-none-eabi/lib/thumb/v6-m/nofp\libcr_c.a(fputs.o)
 .ARM.attributes
                0x000005a1       0x2c d:/nxp/mcuxpressoide_11.4.0_6237/ide/plugins/com.nxp.mcuxpresso.tools.win32_11.4.0.202103011116/tools/bin/../lib/gcc/arm-none-eabi/10.2.1/../../../../arm-none-eabi/lib/thumb/v6-m/nofp\libcr_c.a(fseek.o)
 .ARM.attributes
                0x000005cd       0x2c d:/nxp/mcuxpressoide_11.4.0_6237/ide/plugins/com.nxp.mcuxpresso.tools.win32_11.4.0.202103011116/tools/bin/../lib/gcc/arm-none-eabi/10.2.1/../../../../arm-none-eabi/lib/thumb/v6-m/nofp\libcr_c.a(ftell.o)
 .ARM.attributes
                0x000005f9       0x2c d:/nxp/mcuxpressoide_11.4.0_6237/ide/plugins/com.nxp.mcuxpresso.tools.win32_11.4.0.202103011116/tools/bin/../lib/gcc/arm-none-eabi/10.2.1/../../../../arm-none-eabi/lib/thumb/v6-m/nofp\libcr_c.a(initio.o)
 .ARM.attributes
                0x00000625       0x2c d:/nxp/mcuxpressoide_11.4.0_6237/ide/plugins/com.nxp.mcuxpresso.tools.win32_11.4.0.202103011116/tools/bin/../lib/gcc/arm-none-eabi/10.2.1/../../../../arm-none-eabi/lib/thumb/v6-m/nofp\libcr_c.a(pow.o)
 .ARM.attributes
                0x00000651       0x2c d:/nxp/mcuxpressoide_11.4.0_6237/ide/plugins/com.nxp.mcuxpresso.tools.win32_11.4.0.202103011116/tools/bin/../lib/gcc/arm-none-eabi/10.2.1/../../../../arm-none-eabi/lib/thumb/v6-m/nofp\libcr_c.a(printf.o)
 .ARM.attributes
                0x0000067d       0x2c d:/nxp/mcuxpressoide_11.4.0_6237/ide/plugins/com.nxp.mcuxpresso.tools.win32_11.4.0.202103011116/tools/bin/../lib/gcc/arm-none-eabi/10.2.1/../../../../arm-none-eabi/lib/thumb/v6-m/nofp\libcr_c.a(setvbuf.o)
 .ARM.attributes
                0x000006a9       0x2c d:/nxp/mcuxpressoide_11.4.0_6237/ide/plugins/com.nxp.mcuxpresso.tools.win32_11.4.0.202103011116/tools/bin/../lib/gcc/arm-none-eabi/10.2.1/../../../../arm-none-eabi/lib/thumb/v6-m/nofp\libcr_c.a(sqrt.o)
 .ARM.attributes
                0x000006d5       0x2c d:/nxp/mcuxpressoide_11.4.0_6237/ide/plugins/com.nxp.mcuxpresso.tools.win32_11.4.0.202103011116/tools/bin/../lib/gcc/arm-none-eabi/10.2.1/../../../../arm-none-eabi/lib/thumb/v6-m/nofp\libcr_c.a(strcpy.o)
 .ARM.attributes