Archive member included to satisfy reference by file (symbol)

/usr/local/mcuxpressoide-11.7.0_9198/ide/plugins/com.nxp.mcuxpresso.tools.linux_11.7.0.202209140929/tools/bin/../lib/gcc/arm-none-eabi/10.3.1/../../../../arm-none-eabi/lib/thumb/v6-m/nofp/libcr_semihost_nf.a(_cr__main.o)
                              ./startup/startup_mkl46z4.o (__main)
/usr/local/mcuxpressoide-11.7.0_9198/ide/plugins/com.nxp.mcuxpresso.tools.linux_11.7.0.202209140929/tools/bin/../lib/gcc/arm-none-eabi/10.3.1/../../../../arm-none-eabi/lib/thumb/v6-m/nofp/libcr_semihost_nf.a(_cr_assert.o)
                              ./utilities/fsl_debug_console.o (__assertion_failed)
/usr/local/mcuxpressoide-11.7.0_9198/ide/plugins/com.nxp.mcuxpresso.tools.linux_11.7.0.202209140929/tools/bin/../lib/gcc/arm-none-eabi/10.3.1/../../../../arm-none-eabi/lib/thumb/v6-m/nofp/libcr_semihost_nf.a(__ciob.o)
                              /usr/local/mcuxpressoide-11.7.0_9198/ide/plugins/com.nxp.mcuxpresso.tools.linux_11.7.0.202209140929/tools/bin/../lib/gcc/arm-none-eabi/10.3.1/../../../../arm-none-eabi/lib/thumb/v6-m/nofp/libcr_semihost_nf.a(_cr_assert.o) (__Ciob)
/usr/local/mcuxpressoide-11.7.0_9198/ide/plugins/com.nxp.mcuxpresso.tools.linux_11.7.0.202209140929/tools/bin/../lib/gcc/arm-none-eabi/10.3.1/../../../../arm-none-eabi/lib/thumb/v6-m/nofp/libcr_semihost_nf.a(__sys_appexit.o)
                              /usr/local/mcuxpressoide-11.7.0_9198/ide/plugins/com.nxp.mcuxpresso.tools.linux_11.7.0.202209140929/tools/bin/../lib/gcc/arm-none-eabi/10.3.1/../../../../arm-none-eabi/lib/thumb/v6-m/nofp/libcr_semihost_nf.a(_cr_assert.o) (__sys_appexit)
/usr/local/mcuxpressoide-11.7.0_9198/ide/plugins/com.nxp.mcuxpresso.tools.linux_11.7.0.202209140929/tools/bin/../lib/gcc/arm-none-eabi/10.3.1/../../../../arm-none-eabi/lib/thumb/v6-m/nofp/libcr_c.a(memcpy.o)
                              ./source/efHal/uart_ringBufer.o (memcpy)
/usr/local/mcuxpressoide-11.7.0_9198/ide/plugins/com.nxp.mcuxpresso.tools.linux_11.7.0.202209140929/tools/bin/../lib/gcc/arm-none-eabi/10.3.1/../../../../arm-none-eabi/lib/thumb/v6-m/nofp/libcr_c.a(memset.o)
                              ./source/bsp_kl46/mma8451.o (memset)
/usr/local/mcuxpressoide-11.7.0_9198/ide/plugins/com.nxp.mcuxpresso.tools.linux_11.7.0.202209140929/tools/bin/../lib/gcc/arm-none-eabi/10.3.1/../../../../arm-none-eabi/lib/thumb/v6-m/nofp/libcr_c.a(_deferredlazyseek.o)
                              /usr/local/mcuxpressoide-11.7.0_9198/ide/plugins/com.nxp.mcuxpresso.tools.linux_11.7.0.202209140929/tools/bin/../lib/gcc/arm-none-eabi/10.3.1/../../../../arm-none-eabi/lib/thumb/v6-m/nofp/libcr_semihost_nf.a(_cr_assert.o) (__flsbuf)
/usr/local/mcuxpressoide-11.7.0_9198/ide/plugins/com.nxp.mcuxpresso.tools.linux_11.7.0.202209140929/tools/bin/../lib/gcc/arm-none-eabi/10.3.1/../../../../arm-none-eabi/lib/thumb/v6-m/nofp/libcr_c.a(_fflush.o)
                              /usr/local/mcuxpressoide-11.7.0_9198/ide/plugins/com.nxp.mcuxpresso.tools.linux_11.7.0.202209140929/tools/bin/../lib/gcc/arm-none-eabi/10.3.1/../../../../arm-none-eabi/lib/thumb/v6-m/nofp/libcr_c.a(_deferredlazyseek.o) (_fflush)
/usr/local/mcuxpressoide-11.7.0_9198/ide/plugins/com.nxp.mcuxpresso.tools.linux_11.7.0.202209140929/tools/bin/../lib/gcc/arm-none-eabi/10.3.1/../../../../arm-none-eabi/lib/thumb/v6-m/nofp/libcr_c.a(_writebuf.o)
                              /usr/local/mcuxpressoide-11.7.0_9198/ide/plugins/com.nxp.mcuxpresso.tools.linux_11.7.0.202209140929/tools/bin/../lib/gcc/arm-none-eabi/10.3.1/../../../../arm-none-eabi/lib/thumb/v6-m/nofp/libcr_c.a(_deferredlazyseek.o) (_Cwritebuf)
/usr/local/mcuxpressoide-11.7.0_9198/ide/plugins/com.nxp.mcuxpresso.tools.linux_11.7.0.202209140929/tools/bin/../lib/gcc/arm-none-eabi/10.3.1/../../../../arm-none-eabi/lib/thumb/v6-m/nofp/libcr_c.a(alloc.o)
                              ./source/efHal/ringBuffer.o (malloc)
/usr/local/mcuxpressoide-11.7.0_9198/ide/plugins/com.nxp.mcuxpresso.tools.linux_11.7.0.202209140929/tools/bin/../lib/gcc/arm-none-eabi/10.3.1/../../../../arm-none-eabi/lib/thumb/v6-m/nofp/libcr_c.a(fputs.o)
                              /usr/local/mcuxpressoide-11.7.0_9198/ide/plugins/com.nxp.mcuxpresso.tools.linux_11.7.0.202209140929/tools/bin/../lib/gcc/arm-none-eabi/10.3.1/../../../../arm-none-eabi/lib/thumb/v6-m/nofp/libcr_semihost_nf.a(_cr_assert.o) (fputs)
/usr/local/mcuxpressoide-11.7.0_9198/ide/plugins/com.nxp.mcuxpresso.tools.linux_11.7.0.202209140929/tools/bin/../lib/gcc/arm-none-eabi/10.3.1/../../../../arm-none-eabi/lib/thumb/v6-m/nofp/libcr_c.a(fseek.o)
                              /usr/local/mcuxpressoide-11.7.0_9198/ide/plugins/com.nxp.mcuxpresso.tools.linux_11.7.0.202209140929/tools/bin/../lib/gcc/arm-none-eabi/10.3.1/../../../../arm-none-eabi/lib/thumb/v6-m/nofp/libcr_c.a(_deferredlazyseek.o) (fseek)
[...]
Memory Configuration

Name             Origin             Length             Attributes
PROGRAM_FLASH    0x0000000000000000 0x0000000000040000 xr
SRAM             0x000000001fffe000 0x0000000000008000 xrw
*default*        0x0000000000000000 0xffffffffffffffff

Linker script and memory map

LOAD ./utilities/fsl_debug_console.o
LOAD ./utilities/fsl_io.o
LOAD ./utilities/fsl_log.o
LOAD ./utilities/fsl_str.o
LOAD ./startup/startup_mkl46z4.o
LOAD ./source/fsm/fsm_frameDetection.o
LOAD ./source/fsm/fsm_mode.o
LOAD ./source/fsm/interactor.o
LOAD ./source/efHal/ringBuffer.o
LOAD ./source/efHal/uart_ringBufer.o
LOAD ./source/bsp_kl46/SD2_I2C.o
LOAD ./source/bsp_kl46/SD2_board.o
LOAD ./source/bsp_kl46/key.o
LOAD ./source/bsp_kl46/mma8451.o
LOAD ./source/main.o
LOAD ./source/mtb.o
LOAD ./source/semihost_hardfault.o
LOAD ./drivers/fsl_clock.o
LOAD ./drivers/fsl_common.o
LOAD ./drivers/fsl_dma.o
LOAD ./drivers/fsl_dmamux.o
LOAD ./drivers/fsl_ftfx_cache.o
LOAD ./drivers/fsl_ftfx_controller.o
LOAD ./drivers/fsl_ftfx_flash.o
LOAD ./drivers/fsl_ftfx_flexnvm.o
LOAD ./drivers/fsl_gpio.o
LOAD ./drivers/fsl_i2c.o
LOAD ./drivers/fsl_lpsci.o
LOAD ./drivers/fsl_smc.o
LOAD ./drivers/fsl_uart.o
LOAD ./drivers/fsl_uart_dma.o
LOAD ./board/board.o
LOAD ./board/clock_config.o
LOAD ./board/peripherals.o
LOAD ./board/pin_mux.o
LOAD ./CMSIS/system_MKL46Z4.o
START GROUP
LOAD /usr/local/mcuxpressoide-11.7.0_9198/ide/plugins/com.nxp.mcuxpresso.tools.linux_11.7.0.202209140929/tools/bin/../lib/gcc/arm-none-eabi/10.3.1/../../../../arm-none-eabi/lib/thumb/v6-m/nofp/libcr_semihost_nf.a
LOAD /usr/local/mcuxpressoide-11.7.0_9198/ide/plugins/com.nxp.mcuxpresso.tools.linux_11.7.0.202209140929/tools/bin/../lib/gcc/arm-none-eabi/10.3.1/../../../../arm-none-eabi/lib/thumb/v6-m/nofp/libcr_c.a
LOAD /usr/local/mcuxpressoide-11.7.0_9198/ide/plugins/com.nxp.mcuxpresso.tools.linux_11.7.0.202209140929/tools/bin/../lib/gcc/arm-none-eabi/10.3.1/thumb/v6-m/nofp/libcr_eabihelpers.a
LOAD /usr/local/mcuxpressoide-11.7.0_9198/ide/plugins/com.nxp.mcuxpresso.tools.linux_11.7.0.202209140929/tools/bin/../lib/gcc/arm-none-eabi/10.3.1/thumb/v6-m/nofp/libgcc.a
END GROUP
                0x0000000000000000                __base_PROGRAM_FLASH = 0x0
                0x0000000000000000                __base_Flash = 0x0
                0x0000000000040000                __top_PROGRAM_FLASH = 0x40000
                0x0000000000040000                __top_Flash = 0x40000
                0x000000001fffe000                __base_SRAM = 0x1fffe000
                0x000000001fffe000                __base_RAM = 0x1fffe000
                0x0000000020006000                __top_SRAM = 0x20006000
                0x0000000020006000                __top_RAM = 0x20006000

.text           0x0000000000000000     0x6630
 FILL mask 0xff
                0x0000000000000000                __vectors_start__ = ABSOLUTE (.)
 *(SORT_BY_ALIGNMENT(.isr_vector))
 .isr_vector    0x0000000000000000       0xc0 ./startup/startup_mkl46z4.o
                0x0000000000000000                __Vectors
                0x0000000000000000                g_pfnVectors
                0x00000000000000c0                . = ALIGN (0x4)
                0x00000000000000c0                __section_table_start = .
                0x00000000000000c0                __data_section_table = .
                0x00000000000000c0        0x4 LONG 0x6630 LOADADDR (.data)
                0x00000000000000c4        0x4 LONG 0x1fffe080 ADDR (.data)
                0x00000000000000c8        0x4 LONG 0x10 SIZEOF (.data)
                0x00000000000000cc                __data_section_table_end = .
                0x00000000000000cc                __bss_section_table = .
                0x00000000000000cc        0x4 LONG 0x1fffe090 ADDR (.bss)
                0x00000000000000d0        0x4 LONG 0x1b4 SIZEOF (.bss)
                0x00000000000000d4                __bss_section_table_end = .
                0x00000000000000d4                __section_table_end = .
 *(SORT_BY_ALIGNMENT(.after_vectors*))
 .after_vectors.reset
                0x00000000000000d4       0x4c ./startup/startup_mkl46z4.o
                0x00000000000000d4                ResetISR
 .after_vectors.init_data
                0x0000000000000120       0x12 ./startup/startup_mkl46z4.o
                0x0000000000000120                data_init
 .after_vectors.init_bss
                0x0000000000000132       0x10 ./startup/startup_mkl46z4.o
                0x0000000000000132                bss_init
 .after_vectors
                0x0000000000000142      0x10c ./startup/startup_mkl46z4.o
                0x0000000000000142                NMI_Handler
                0x0000000000000146                SVC_Handler
                0x0000000000000148                PendSV_Handler
                0x000000000000014c                PIT_DriverIRQHandler
                0x000000000000014c                SPI1_DriverIRQHandler
                0x000000000000014c                LPTMR0_DriverIRQHandler
                0x000000000000014c                PORTC_PORTD_DriverIRQHandler
                0x000000000000014c                I2S0_DriverIRQHandler
                0x000000000000014c                TPM2_DriverIRQHandler
                0x000000000000014c                TSI0_DriverIRQHandler
                0x000000000000014c                RTC_Seconds_DriverIRQHandler
                0x000000000000014c                LLWU_DriverIRQHandler
                0x000000000000014c                MCG_DriverIRQHandler
                0x000000000000014c                FTFA_DriverIRQHandler
                0x000000000000014c                IntDefaultHandler
                0x000000000000014c                USB0_DriverIRQHandler
                0x000000000000014c                DAC0_DriverIRQHandler
                0x000000000000014c                LVD_LVW_DriverIRQHandler
                0x000000000000014c                TPM0_DriverIRQHandler
                0x000000000000014c                Reserved20_DriverIRQHandler
                0x000000000000014c                PORTA_DriverIRQHandler
                0x000000000000014c                TPM1_DriverIRQHandler
                0x000000000000014c                RTC_DriverIRQHandler
                0x000000000000014c                LCD_DriverIRQHandler
                0x000000000000014c                SPI0_DriverIRQHandler
                0x000000000000014c                ADC0_DriverIRQHandler
                0x000000000000014c                CMP0_DriverIRQHandler
                0x000000000000014e                DMA0_IRQHandler
                0x0000000000000156                DMA1_IRQHandler
                0x000000000000015e                DMA2_IRQHandler
                0x0000000000000166                DMA3_IRQHandler
                0x000000000000016e                Reserved20_IRQHandler
                0x0000000000000176                FTFA_IRQHandler
                0x000000000000017e                LVD_LVW_IRQHandler
                0x0000000000000186                LLWU_IRQHandler
                0x000000000000018e                I2C0_IRQHandler
                0x0000000000000196                I2C1_IRQHandler
                0x000000000000019e                SPI0_IRQHandler
                0x00000000000001a6                SPI1_IRQHandler
                0x00000000000001ae                UART0_IRQHandler
                0x00000000000001be                UART2_IRQHandler
                0x00000000000001c6                ADC0_IRQHandler
                0x00000000000001ce                CMP0_IRQHandler
                0x00000000000001d6                TPM0_IRQHandler
                0x00000000000001de                TPM1_IRQHandler
                0x00000000000001e6                TPM2_IRQHandler
                0x00000000000001ee                RTC_IRQHandler
                0x00000000000001f6                RTC_Seconds_IRQHandler
                0x00000000000001fe                PIT_IRQHandler
                0x0000000000000206                I2S0_IRQHandler
                0x000000000000020e                USB0_IRQHandler
                0x0000000000000216                DAC0_IRQHandler
                0x000000000000021e                TSI0_IRQHandler
                0x0000000000000226                MCG_IRQHandler
                0x000000000000022e                LPTMR0_IRQHandler
                0x0000000000000236                LCD_IRQHandler
                0x000000000000023e                PORTA_IRQHandler
                0x0000000000000400                . = 0x400
 *fill*         0x000000000000024e      0x1b2 ff
                0x0000000000000400                PROVIDE (__FLASH_CONFIG_START__ = .)
 *(SORT_BY_ALIGNMENT(.FlashConfig))
 .FlashConfig   0x0000000000000400       0x10 ./startup/startup_mkl46z4.o
                0x0000000000000400                Flash_Config
                0x0000000000000410                PROVIDE (__FLASH_CONFIG_END__ = .)
                0x0000000000000001                ASSERT (! ((__FLASH_CONFIG_START__ == __FLASH_CONFIG_END__)), Linker Flash Config Support Enabled, but no .FlashConfig section provided within application)
 *(SORT_BY_ALIGNMENT(.text*))
 .text.receiveFrame
                0x0000000000000410       0x78 ./source/fsm/fsm_frameDetection.o
                0x0000000000000410                receiveFrame
 .text.fsm_frameDetection_execute
                0x0000000000000488       0xdc ./source/fsm/fsm_frameDetection.o
                0x0000000000000488                fsm_frameDetection_execute
 .text.fsm_frameDetection_handle
                0x0000000000000564       0x5c ./source/fsm/fsm_frameDetection.o
                0x0000000000000564                fsm_frameDetection_handle
 .text.fsm_mode_execute
                0x00000000000005c0       0x80 ./source/fsm/fsm_mode.o
                0x00000000000005c0                fsm_mode_execute
 .text.get_bufferEnv
                0x0000000000000640       0x10 ./source/fsm/interactor.o
                0x0000000000000640                get_bufferEnv
 .text.isFrameRecieved
                0x0000000000000650       0x24 ./source/fsm/interactor.o
                0x0000000000000650                isFrameRecieved
 .text.storeReceivedFrame
                0x0000000000000674       0x38 ./source/fsm/interactor.o
                0x0000000000000674                storeReceivedFrame
 .text.LEDS     0x00000000000006ac       0xc4 ./source/fsm/interactor.o
                0x00000000000006ac                LEDS
 .text.SWITCH   0x0000000000000770       0x90 ./source/fsm/interactor.o
                0x0000000000000770                SWITCH
 .text.ACELEROM
                0x0000000000000800       0x5c ./source/fsm/interactor.o
                0x0000000000000800                ACELEROM
 .text.processFrame
                0x000000000000085c       0x3c ./source/fsm/interactor.o
                0x000000000000085c                processFrame
 .text.__NVIC_EnableIRQ
                0x0000000000000898       0x34 ./source/efHal/uart_ringBufer.o
 .text.__NVIC_DisableIRQ
                0x00000000000008cc       0x44 ./source/efHal/uart_ringBufer.o
 .text.DMAMUX_EnableChannel
                0x0000000000000910       0x40 ./source/efHal/uart_ringBufer.o
 .text.DMAMUX_SetSource
                0x0000000000000950       0x50 ./source/efHal/uart_ringBufer.o
 .text.UART_UserCallback
                0x00000000000009a0       0x2c ./source/efHal/uart_ringBufer.o
 .text.uart_ringBuffer_init
                0x00000000000009cc       0xd0 ./source/efHal/uart_ringBufer.o
                0x00000000000009cc                uart_ringBuffer_init
 .text.uart_ringBuffer_recDatos
                0x0000000000000a9c       0x6c ./source/efHal/uart_ringBufer.o
                0x0000000000000a9c                uart_ringBuffer_recDatos
 .text.uart_dma_envDatos
                0x0000000000000b08       0x80 ./source/efHal/uart_ringBufer.o
                0x0000000000000b08                uart_dma_envDatos
 .text.UART1_IRQHandler
                0x0000000000000b88       0xe0 ./source/efHal/uart_ringBufer.o
                0x0000000000000b88                UART1_IRQHandler
 .text.CLOCK_EnableClock
                0x0000000000000c68       0x34 ./source/bsp_kl46/SD2_I2C.o
 .text.PORT_SetPinConfig
                0x0000000000000c9c       0x38 ./source/bsp_kl46/SD2_I2C.o
 .text.I2C_releaseBus
                0x0000000000000cd4      0x124 ./source/bsp_kl46/SD2_I2C.o
 .text.I2C_configPins
                0x0000000000000df8       0x80 ./source/bsp_kl46/SD2_I2C.o
 .text.SD2_I2C_init
                0x0000000000000e78       0x44 ./source/bsp_kl46/SD2_I2C.o
                0x0000000000000e78                SD2_I2C_init
 .text.CLOCK_EnableClock
                0x0000000000000ebc       0x34 ./source/bsp_kl46/SD2_board.o
 .text.PORT_SetPinConfig
                0x0000000000000ef0       0x38 ./source/bsp_kl46/SD2_board.o
 .text.PORT_SetPinMux
                0x0000000000000f28       0x40 ./source/bsp_kl46/SD2_board.o
 .text.board_init
                0x0000000000000f68      0x200 ./source/bsp_kl46/SD2_board.o
                0x0000000000000f68                board_init
 .text.board_Tx_Rx_485_Enable
                0x0000000000001168       0x5c ./source/bsp_kl46/SD2_board.o
                0x0000000000001168                board_Tx_Rx_485_Enable
 .text.board_setLed
                0x00000000000011c4       0xd8 ./source/bsp_kl46/SD2_board.o
                0x00000000000011c4                board_setLed
 .text.board_getSw
                0x000000000000129c       0x50 ./source/bsp_kl46/SD2_board.o
                0x000000000000129c                board_getSw
 .text.key_init
                0x00000000000012ec       0x40 ./source/bsp_kl46/key.o
                0x00000000000012ec                key_init
 .text.key_getPressEv
                0x000000000000132c       0x44 ./source/bsp_kl46/key.o
                0x000000000000132c                key_getPressEv
 .text.key_periodicTask1ms
                0x0000000000001370       0x98 ./source/bsp_kl46/key.o
                0x0000000000001370                key_periodicTask1ms
 .text.__NVIC_EnableIRQ
                0x0000000000001408       0x34 ./source/bsp_kl46/mma8451.o
 .text.__NVIC_SetPriority
                0x000000000000143c       0xdc ./source/bsp_kl46/mma8451.o
 .text.PORT_SetPinConfig
                0x0000000000001518       0x38 ./source/bsp_kl46/mma8451.o
 .text.PORT_SetPinInterruptConfig
                0x0000000000001550       0x40 ./source/bsp_kl46/mma8451.o
 .text.mma8451_read_reg
                0x0000000000001590       0x68 ./source/bsp_kl46/mma8451.o
 .text.mma8451_read_reg_batch
                0x00000000000015f8       0x6c ./source/bsp_kl46/mma8451.o
                0x00000000000015f8                mma8451_read_reg_batch
 .text.mma8451_write_reg
                0x0000000000001664       0x68 ./source/bsp_kl46/mma8451.o
 .text.config_port_int1
                0x00000000000016cc       0x74 ./source/bsp_kl46/mma8451.o
 .text.mma8451_getAcX
                0x0000000000001740       0x2c ./source/bsp_kl46/mma8451.o
                0x0000000000001740                mma8451_getAcX
 .text.mma8451_getAcY
                0x000000000000176c       0x2c ./source/bsp_kl46/mma8451.o
                0x000000000000176c                mma8451_getAcY
 .text.mma8451_getAcZ
                0x0000000000001798       0x2c ./source/bsp_kl46/mma8451.o
                0x0000000000001798                mma8451_getAcZ
 .text.readAccelerationFromRegisters
                0x00000000000017c4       0xa0 ./source/bsp_kl46/mma8451.o
 .text.PORTC_PORTD_IRQHandler
                0x0000000000001864       0x3c ./source/bsp_kl46/mma8451.o
                0x0000000000001864                PORTC_PORTD_IRQHandler
 .text.__NVIC_SetPriority
                0x00000000000018a0       0xdc ./source/main.o
 .text.SysTick_Config
                0x000000000000197c       0x48 ./source/main.o
 .text.main     0x00000000000019c4       0x48 ./source/main.o
                0x00000000000019c4                main
 .text.HardFault_Handler
                0x0000000000001a0c       0x30 ./source/semihost_hardfault.o
                0x0000000000001a0c                HardFault_Handler
 .text.CLOCK_SetEr32kClock
                0x0000000000001a3c       0x34 ./drivers/fsl_clock.o
 .text.CLOCK_SetPllFllSelClock
                0x0000000000001a70       0x38 ./drivers/fsl_clock.o
 .text.CLOCK_GetMcgExtClkFreq
                0x0000000000001aa8       0x28 ./drivers/fsl_clock.o
 .text.CLOCK_GetFllExtRefClkFreq
                0x0000000000001ad0       0xa8 ./drivers/fsl_clock.o
 .text.CLOCK_GetInternalRefClkSelectFreq
                0x0000000000001b78       0x40 ./drivers/fsl_clock.o
 .text.CLOCK_GetFllRefClkFreq
                0x0000000000001bb8       0x2c ./drivers/fsl_clock.o
 .text.CLOCK_GetOscRangeFromFreq
                0x0000000000001be4       0x4c ./drivers/fsl_clock.o
 .text.CLOCK_GetOsc0ErClkFreq
                0x0000000000001c30       0x3c ./drivers/fsl_clock.o
                0x0000000000001c30                CLOCK_GetOsc0ErClkFreq
 .text.CLOCK_GetEr32kClkFreq
                0x0000000000001c6c       0x78 ./drivers/fsl_clock.o
                0x0000000000001c6c                CLOCK_GetEr32kClkFreq
 .text.CLOCK_GetPllFllSelClkFreq
                0x0000000000001ce4       0x4c ./drivers/fsl_clock.o
                0x0000000000001ce4                CLOCK_GetPllFllSelClkFreq
 .text.CLOCK_GetFreq
                0x0000000000001d30       0xe0 ./drivers/fsl_clock.o
                0x0000000000001d30                CLOCK_GetFreq
 .text.CLOCK_SetSimConfig
                0x0000000000001e10       0x38 ./drivers/fsl_clock.o
                0x0000000000001e10                CLOCK_SetSimConfig
 .text.CLOCK_GetOutClkFreq
                0x0000000000001e48       0x78 ./drivers/fsl_clock.o
                0x0000000000001e48                CLOCK_GetOutClkFreq
 .text.CLOCK_GetFllFreq
                0x0000000000001ec0       0x84 ./drivers/fsl_clock.o
                0x0000000000001ec0                CLOCK_GetFllFreq
 .text.CLOCK_GetInternalRefClkFreq
                0x0000000000001f44       0x28 ./drivers/fsl_clock.o
                0x0000000000001f44                CLOCK_GetInternalRefClkFreq
 .text.CLOCK_GetPll0Freq
                0x0000000000001f6c       0x70 ./drivers/fsl_clock.o
                0x0000000000001f6c                CLOCK_GetPll0Freq
 .text.CLOCK_SetInternalRefClkConfig
                0x0000000000001fdc      0x124 ./drivers/fsl_clock.o
                0x0000000000001fdc                CLOCK_SetInternalRefClkConfig
 .text.CLOCK_EnablePll0
                0x0000000000002100       0x94 ./drivers/fsl_clock.o
                0x0000000000002100                CLOCK_EnablePll0
 .text.CLOCK_InitOsc0
                0x0000000000002194       0x94 ./drivers/fsl_clock.o
                0x0000000000002194                CLOCK_InitOsc0
 .text.CLOCK_SetPbeMode
                0x0000000000002228       0xb0 ./drivers/fsl_clock.o
                0x0000000000002228                CLOCK_SetPbeMode
 .text.CLOCK_BootToPeeMode
                0x00000000000022d8       0x70 ./drivers/fsl_clock.o
                0x00000000000022d8                CLOCK_BootToPeeMode
 .text.__NVIC_EnableIRQ
                0x0000000000002348       0x34 ./drivers/fsl_dma.o
 .text.CLOCK_EnableClock
                0x000000000000237c       0x34 ./drivers/fsl_dma.o
 .text.DMA_EnableInterrupts
                0x00000000000023b0       0x4c ./drivers/fsl_dma.o
 .text.DMA_ClearChannelStatusFlags
                0x00000000000023fc       0x54 ./drivers/fsl_dma.o
 .text.DMA_GetInstance
                0x0000000000002450       0x48 ./drivers/fsl_dma.o
 .text.DMA_Init
                0x0000000000002498       0x24 ./drivers/fsl_dma.o
                0x0000000000002498                DMA_Init
 .text.DMA_ResetChannel
                0x00000000000024bc       0x90 ./drivers/fsl_dma.o
                0x00000000000024bc                DMA_ResetChannel
 .text.DMA_SetTransferConfig
                0x000000000000254c       0xdc ./drivers/fsl_dma.o
                0x000000000000254c                DMA_SetTransferConfig
 .text.DMA_CreateHandle
                0x0000000000002628       0x90 ./drivers/fsl_dma.o
                0x0000000000002628                DMA_CreateHandle
 .text.DMA_PrepareTransfer
                0x00000000000026b8      0x144 ./drivers/fsl_dma.o
                0x00000000000026b8                DMA_PrepareTransfer
 .text.DMA_SetCallback
                0x00000000000027fc       0x34 ./drivers/fsl_dma.o
                0x00000000000027fc                DMA_SetCallback
 .text.DMA_SubmitTransfer
                0x0000000000002830       0x9c ./drivers/fsl_dma.o
                0x0000000000002830                DMA_SubmitTransfer
 .text.DMA_HandleIRQ
                0x00000000000028cc       0x4c ./drivers/fsl_dma.o
                0x00000000000028cc                DMA_HandleIRQ
 .text.DMA0_DriverIRQHandler
                0x0000000000002918       0x18 ./drivers/fsl_dma.o
                0x0000000000002918                DMA0_DriverIRQHandler
 .text.DMA1_DriverIRQHandler
                0x0000000000002930       0x18 ./drivers/fsl_dma.o
                0x0000000000002930                DMA1_DriverIRQHandler
 .text.DMA2_DriverIRQHandler
                0x0000000000002948       0x18 ./drivers/fsl_dma.o
                0x0000000000002948                DMA2_DriverIRQHandler
 .text.DMA3_DriverIRQHandler
                0x0000000000002960       0x18 ./drivers/fsl_dma.o
                0x0000000000002960                DMA3_DriverIRQHandler
 .text.CLOCK_EnableClock
                0x0000000000002978       0x34 ./drivers/fsl_dmamux.o
 .text.DMAMUX_GetInstance
                0x00000000000029ac       0x48 ./drivers/fsl_dmamux.o
 .text.DMAMUX_Init
                0x00000000000029f4       0x24 ./drivers/fsl_dmamux.o
                0x00000000000029f4                DMAMUX_Init
 .text.GPIO_PinInit
                0x0000000000002a18       0x64 ./drivers/fsl_gpio.o
                0x0000000000002a18                GPIO_PinInit
 .text.CLOCK_EnableClock
                0x0000000000002a7c       0x34 ./drivers/fsl_i2c.o
 .text.I2C_GetInstance
                0x0000000000002ab0       0x4c ./drivers/fsl_i2c.o
                0x0000000000002ab0                I2C_GetInstance
 .text.I2C_CheckAndClearError
                0x0000000000002afc       0x40 ./drivers/fsl_i2c.o
 .text.I2C_TransferCommonIRQHandler
                0x0000000000002b3c       0x58 ./drivers/fsl_i2c.o
 .text.I2C_MasterInit
                0x0000000000002b94       0xfc ./drivers/fsl_i2c.o
                0x0000000000002b94                I2C_MasterInit
 .text.I2C_MasterGetDefaultConfig
                0x0000000000002c90       0x40 ./drivers/fsl_i2c.o
                0x0000000000002c90                I2C_MasterGetDefaultConfig
 .text.I2C_MasterSetBaudRate
                0x0000000000002cd0       0xf0 ./drivers/fsl_i2c.o
                0x0000000000002cd0                I2C_MasterSetBaudRate
 .text.I2C_MasterStart
                0x0000000000002dc0       0x74 ./drivers/fsl_i2c.o
                0x0000000000002dc0                I2C_MasterStart
 .text.I2C_MasterRepeatedStart
                0x0000000000002e34       0xbc ./drivers/fsl_i2c.o
                0x0000000000002e34                I2C_MasterRepeatedStart
 .text.I2C_MasterWriteBlocking
                0x0000000000002ef0       0xec ./drivers/fsl_i2c.o
                0x0000000000002ef0                I2C_MasterWriteBlocking
 .text.I2C_MasterTransferBlocking
                0x0000000000002fdc      0x24c ./drivers/fsl_i2c.o
                0x0000000000002fdc                I2C_MasterTransferBlocking
 .text.I2C0_DriverIRQHandler
                0x0000000000003228       0x20 ./drivers/fsl_i2c.o
                0x0000000000003228                I2C0_DriverIRQHandler
 .text.I2C1_DriverIRQHandler
                0x0000000000003248       0x20 ./drivers/fsl_i2c.o
                0x0000000000003248                I2C1_DriverIRQHandler
 .text.UART0_DriverIRQHandler
                0x0000000000003268       0x24 ./drivers/fsl_lpsci.o
                0x0000000000003268                UART0_DriverIRQHandler
 .text.CLOCK_EnableClock
                0x000000000000328c       0x34 ./drivers/fsl_uart.o
 .text.UART_GetInstance
                0x00000000000032c0       0x54 ./drivers/fsl_uart.o
                0x00000000000032c0                UART_GetInstance
 .text.UART_Init
                0x0000000000003314      0x1f8 ./drivers/fsl_uart.o
                0x0000000000003314                UART_Init
 .text.UART_GetDefaultConfig
                0x000000000000350c       0x48 ./drivers/fsl_uart.o
                0x000000000000350c                UART_GetDefaultConfig
 .text.UART_EnableInterrupts
                0x0000000000003554       0x58 ./drivers/fsl_uart.o
                0x0000000000003554                UART_EnableInterrupts
 .text.UART_DisableInterrupts
                0x00000000000035ac       0x64 ./drivers/fsl_uart.o
                0x00000000000035ac                UART_DisableInterrupts
 .text.UART_GetEnabledInterrupts
                0x0000000000003610       0x38 ./drivers/fsl_uart.o
                0x0000000000003610                UART_GetEnabledInterrupts
 .text.UART_ClearStatusFlags
                0x0000000000003648       0x7c ./drivers/fsl_uart.o
                0x0000000000003648                UART_ClearStatusFlags
 .text.UART1_DriverIRQHandler
                0x00000000000036c4       0x24 ./drivers/fsl_uart.o
                0x00000000000036c4                UART1_DriverIRQHandler
 .text.UART2_DriverIRQHandler
                0x00000000000036e8       0x24 ./drivers/fsl_uart.o
                0x00000000000036e8                UART2_DriverIRQHandler
 .text.DMA_DisableInterrupts
                0x000000000000370c       0x48 ./drivers/fsl_uart_dma.o
 .text.DMA_StartTransfer
                0x0000000000003754       0x54 ./drivers/fsl_uart_dma.o
 .text.UART_TransferSendDMACallback
                0x00000000000037a8       0x84 ./drivers/fsl_uart_dma.o
 .text.UART_TransferReceiveDMACallback
                0x000000000000382c       0x84 ./drivers/fsl_uart_dma.o
 .text.UART_TransferCreateHandleDMA
                0x00000000000038b0       0xb8 ./drivers/fsl_uart_dma.o
                0x00000000000038b0                UART_TransferCreateHandleDMA
 .text.UART_TransferSendDMA
                0x0000000000003968       0xe8 ./drivers/fsl_uart_dma.o
                0x0000000000003968                UART_TransferSendDMA
 .text.CLOCK_SetSimSafeDivs
                0x0000000000003a50       0x20 ./board/clock_config.o
 .text.CLOCK_SetXtal0Freq
                0x0000000000003a70       0x1c ./board/clock_config.o
 .text.CLOCK_CONFIG_SetFllExtRefDiv
                0x0000000000003a8c       0x3c ./board/clock_config.o
 .text.BOARD_BootClockRUN
                0x0000000000003ac8       0x64 ./board/clock_config.o
                0x0000000000003ac8                BOARD_BootClockRUN
 .text.SystemInit
                0x0000000000003b2c       0x1c ./CMSIS/system_MKL46Z4.o
                0x0000000000003b2c                SystemInit
 .text.__assertion_failed
                0x0000000000003b48       0x4c /usr/local/mcuxpressoide-11.7.0_9198/ide/plugins/com.nxp.mcuxpresso.tools.linux_11.7.0.202209140929/tools/bin/../lib/gcc/arm-none-eabi/10.3.1/../../../../arm-none-eabi/lib/thumb/v6-m/nofp/libcr_semihost_nf.a(_cr_assert.o)
                0x0000000000003b48                __assertion_failed
 .text.__sys_appexit
                0x0000000000003b94        0xc /usr/local/mcuxpressoide-11.7.0_9198/ide/plugins/com.nxp.mcuxpresso.tools.linux_11.7.0.202209140929/tools/bin/../lib/gcc/arm-none-eabi/10.3.1/../../../../arm-none-eabi/lib/thumb/v6-m/nofp/libcr_semihost_nf.a(__sys_appexit.o)
                0x0000000000003b94                __exit
                0x0000000000003b94                __sys_appexit
 .text._deferredlazyseek
                0x0000000000003ba0       0x40 /usr/local/mcuxpressoide-11.7.0_9198/ide/plugins/com.nxp.mcuxpresso.tools.linux_11.7.0.202209140929/tools/bin/../lib/gcc/arm-none-eabi/10.3.1/../../../../arm-none-eabi/lib/thumb/v6-m/nofp/libcr_c.a(_deferredlazyseek.o)
                0x0000000000003ba0                _deferredlazyseek
 .text.__flsbuf
                0x0000000000003be0      0x150 /usr/local/mcuxpressoide-11.7.0_9198/ide/plugins/com.nxp.mcuxpresso.tools.linux_11.7.0.202209140929/tools/bin/../lib/gcc/arm-none-eabi/10.3.1/../../../../arm-none-eabi/lib/thumb/v6-m/nofp/libcr_c.a(_deferredlazyseek.o)
                0x0000000000003be0                __flsbuf
 .text._fflush  0x0000000000003d30       0x60 /usr/local/mcuxpressoide-11.7.0_9198/ide/plugins/com.nxp.mcuxpresso.tools.linux_11.7.0.202209140929/tools/bin/../lib/gcc/arm-none-eabi/10.3.1/../../../../arm-none-eabi/lib/thumb/v6-m/nofp/libcr_c.a(_fflush.o)
                0x0000000000003d30                _fflush
 .text._Cwritebuf
                0x0000000000003d90       0x68 /usr/local/mcuxpressoide-11.7.0_9198/ide/plugins/com.nxp.mcuxpresso.tools.linux_11.7.0.202209140929/tools/bin/../lib/gcc/arm-none-eabi/10.3.1/../../../../arm-none-eabi/lib/thumb/v6-m/nofp/libcr_c.a(_writebuf.o)
                0x0000000000003d90                _Cwritebuf
 .text.malloc   0x0000000000003df8       0xcc /usr/local/mcuxpressoide-11.7.0_9198/ide/plugins/com.nxp.mcuxpresso.tools.linux_11.7.0.202209140929/tools/bin/../lib/gcc/arm-none-eabi/10.3.1/../../../../arm-none-eabi/lib/thumb/v6-m/nofp/libcr_c.a(alloc.o)
                0x0000000000003df8                malloc
 .text._Csys_alloc
                0x0000000000003ec4       0x20 /usr/local/mcuxpressoide-11.7.0_9198/ide/plugins/com.nxp.mcuxpresso.tools.linux_11.7.0.202209140929/tools/bin/../lib/gcc/arm-none-eabi/10.3.1/../../../../arm-none-eabi/lib/thumb/v6-m/nofp/libcr_c.a(alloc.o)
                0x0000000000003ec4                _Csys_alloc
 .text.fseek    0x0000000000003ee4       0xf0 /usr/local/mcuxpressoide-11.7.0_9198/ide/plugins/com.nxp.mcuxpresso.tools.linux_11.7.0.202209140929/tools/bin/../lib/gcc/arm-none-eabi/10.3.1/../../../../arm-none-eabi/lib/thumb/v6-m/nofp/libcr_c.a(fseek.o)
                0x0000000000003ee4                fseek
 .text.ftell    0x0000000000003fd4       0x48 /usr/local/mcuxpressoide-11.7.0_9198/ide/plugins/com.nxp.mcuxpresso.tools.linux_11.7.0.202209140929/tools/bin/../lib/gcc/arm-none-eabi/10.3.1/../../../../arm-none-eabi/lib/thumb/v6-m/nofp/libcr_c.a(ftell.o)
                0x0000000000003fd4                ftell
 .text._initio  0x000000000000401c       0x7c /usr/local/mcuxpressoide-11.7.0_9198/ide/plugins/com.nxp.mcuxpresso.tools.linux_11.7.0.202209140929/tools/bin/../lib/gcc/arm-none-eabi/10.3.1/../../../../arm-none-eabi/lib/thumb/v6-m/nofp/libcr_c.a(initio.o)
                0x000000000000401c                _initio
 .text.__vfprintf
                0x0000000000004098      0xd40 /usr/local/mcuxpressoide-11.7.0_9198/ide/plugins/com.nxp.mcuxpresso.tools.linux_11.7.0.202209140929/tools/bin/../lib/gcc/arm-none-eabi/10.3.1/../../../../arm-none-eabi/lib/thumb/v6-m/nofp/libcr_c.a(printf.o)
                0x0000000000004098                __vfprintf
 .text._sprintf
                0x0000000000004dd8       0x6c /usr/local/mcuxpressoide-11.7.0_9198/ide/plugins/com.nxp.mcuxpresso.tools.linux_11.7.0.202209140929/tools/bin/../lib/gcc/arm-none-eabi/10.3.1/../../../../arm-none-eabi/lib/thumb/v6-m/nofp/libcr_c.a(printf.o)
                0x0000000000004dd8                _sprintf
 .text._vsnprintf
                0x0000000000004e44       0x70 /usr/local/mcuxpressoide-11.7.0_9198/ide/plugins/com.nxp.mcuxpresso.tools.linux_11.7.0.202209140929/tools/bin/../lib/gcc/arm-none-eabi/10.3.1/../../../../arm-none-eabi/lib/thumb/v6-m/nofp/libcr_c.a(printf.o)
                0x0000000000004e44                _vsnprintf
 .text._printf  0x0000000000004eb4       0x50 /usr/local/mcuxpressoide-11.7.0_9198/ide/plugins/com.nxp.mcuxpresso.tools.linux_11.7.0.202209140929/tools/bin/../lib/gcc/arm-none-eabi/10.3.1/../../../../arm-none-eabi/lib/thumb/v6-m/nofp/libcr_c.a(printf.o)
                0x0000000000004eb4                _printf
 .text.setvbuf  0x0000000000004f04       0x4c /usr/local/mcuxpressoide-11.7.0_9198/ide/plugins/com.nxp.mcuxpresso.tools.linux_11.7.0.202209140929/tools/bin/../lib/gcc/arm-none-eabi/10.3.1/../../../../arm-none-eabi/lib/thumb/v6-m/nofp/libcr_c.a(setvbuf.o)
                0x0000000000004f04                setvbuf
 .text.strcpy   0x0000000000004f50       0x44 /usr/local/mcuxpressoide-11.7.0_9198/ide/plugins/com.nxp.mcuxpresso.tools.linux_11.7.0.202209140929/tools/bin/../lib/gcc/arm-none-eabi/10.3.1/../../../../arm-none-eabi/lib/thumb/v6-m/nofp/libcr_c.a(strcpy.o)
                0x0000000000004f50                strcpy
 .text.strlen   0x0000000000004f94       0x58 /usr/local/mcuxpressoide-11.7.0_9198/ide/plugins/com.nxp.mcuxpresso.tools.linux_11.7.0.202209140929/tools/bin/../lib/gcc/arm-none-eabi/10.3.1/../../../../arm-none-eabi/lib/thumb/v6-m/nofp/libcr_c.a(strlen.o)
                0x0000000000004f94                strlen
 .text.strncmp  0x0000000000004fec       0x50 /usr/local/mcuxpressoide-11.7.0_9198/ide/plugins/com.nxp.mcuxpresso.tools.linux_11.7.0.202209140929/tools/bin/../lib/gcc/arm-none-eabi/10.3.1/../../../../arm-none-eabi/lib/thumb/v6-m/nofp/libcr_c.a(strncmp.o)
                0x0000000000004fec                strncmp
 .text._sbrk    0x000000000000503c       0x44 /usr/local/mcuxpressoide-11.7.0_9198/ide/plugins/com.nxp.mcuxpresso.tools.linux_11.7.0.202209140929/tools/bin/../lib/gcc/arm-none-eabi/10.3.1/../../../../arm-none-eabi/lib/thumb/v6-m/nofp/libcr_c.a(_cr_sbrk.o)
                0x000000000000503c                _sbrk
 .text._fdopen  0x0000000000005080       0x74 /usr/local/mcuxpressoide-11.7.0_9198/ide/plugins/com.nxp.mcuxpresso.tools.linux_11.7.0.202209140929/tools/bin/../lib/gcc/arm-none-eabi/10.3.1/../../../../arm-none-eabi/lib/thumb/v6-m/nofp/libcr_c.a(_fdopen.o)
                0x0000000000005080                _fdopen
 .text.fclose   0x00000000000050f4       0x5c /usr/local/mcuxpressoide-11.7.0_9198/ide/plugins/com.nxp.mcuxpresso.tools.linux_11.7.0.202209140929/tools/bin/../lib/gcc/arm-none-eabi/10.3.1/../../../../arm-none-eabi/lib/thumb/v6-m/nofp/libcr_c.a(fclose.o)
                0x00000000000050f4                fclose
 .text.fflush   0x0000000000005150       0x44 /usr/local/mcuxpressoide-11.7.0_9198/ide/plugins/com.nxp.mcuxpresso.tools.linux_11.7.0.202209140929/tools/bin/../lib/gcc/arm-none-eabi/10.3.1/../../../../arm-none-eabi/lib/thumb/v6-m/nofp/libcr_c.a(fflush.o)
                0x0000000000005150                fflush
 .text.__check_heap_overflow
                0x0000000000005194       0x18 /usr/local/mcuxpressoide-11.7.0_9198/ide/plugins/com.nxp.mcuxpresso.tools.linux_11.7.0.202209140929/tools/bin/../lib/gcc/arm-none-eabi/10.3.1/../../../../arm-none-eabi/lib/thumb/v6-m/nofp/libcr_c.a(_cr_check_heap.o)
                0x0000000000005194                __check_heap_overflow
 .text._do_fflush
                0x00000000000051ac       0x48 /usr/local/mcuxpressoide-11.7.0_9198/ide/plugins/com.nxp.mcuxpresso.tools.linux_11.7.0.202209140929/tools/bin/../lib/gcc/arm-none-eabi/10.3.1/../../../../arm-none-eabi/lib/thumb/v6-m/nofp/libcr_c.a(_do_fflush.o)
                0x00000000000051ac                _do_fflush
 .text.ringBuffer_init
                0x00000000000051f4       0x42 ./source/efHal/ringBuffer.o
                0x00000000000051f4                ringBuffer_init
 .text.ringBuffer_putData
                0x0000000000005236       0x90 ./source/efHal/ringBuffer.o
                0x0000000000005236                ringBuffer_putData
 .text.ringBuffer_getData
                0x00000000000052c6       0x6c ./source/efHal/ringBuffer.o
                0x00000000000052c6                ringBuffer_getData
 .text.ringBuffer_isEmpty
                0x0000000000005332       0x1e ./source/efHal/ringBuffer.o
                0x0000000000005332                ringBuffer_isEmpty
 .text.EnableIRQ
                0x0000000000005350       0x30 ./source/efHal/uart_ringBufer.o
 .text.DisableIRQ
                0x0000000000005380       0x30 ./source/efHal/uart_ringBufer.o
 .text.UART_ReadByte
                0x00000000000053b0       0x16 ./source/efHal/uart_ringBufer.o
 .text.GPIO_PinWrite
                0x00000000000053c6       0x34 ./source/bsp_kl46/SD2_I2C.o
 .text.i2c_release_bus_delay
                0x00000000000053fa       0x28 ./source/bsp_kl46/SD2_I2C.o
 .text.GPIO_PortSet
                0x0000000000005422       0x18 ./source/bsp_kl46/SD2_board.o
 .text.GPIO_PortClear
                0x000000000000543a       0x18 ./source/bsp_kl46/SD2_board.o
 .text.GPIO_PortToggle
                0x0000000000005452       0x18 ./source/bsp_kl46/SD2_board.o
 .text.GPIO_PinRead
                0x000000000000546a       0x20 ./source/bsp_kl46/SD2_board.o
 .text.GPIO_ReadPinInput
                0x000000000000548a       0x20 ./source/bsp_kl46/SD2_board.o
 .text.PORT_ClearPinsInterruptFlags
                0x00000000000054aa       0x1a ./source/bsp_kl46/mma8451.o
 .text.mma8451_init
                0x00000000000054c4       0xfe ./source/bsp_kl46/mma8451.o
                0x00000000000054c4                mma8451_init
 .text.mma8451_setDataRate
                0x00000000000055c2       0x96 ./source/bsp_kl46/mma8451.o
                0x00000000000055c2                mma8451_setDataRate
 .text.SysTick_Handler
                0x0000000000005658        0xe ./source/main.o
                0x0000000000005658                SysTick_Handler
 .text.OSC_SetExtRefClkConfig
                0x0000000000005666       0x3e ./drivers/fsl_clock.o
 .text.OSC_SetCapLoad
                0x00000000000056a4       0x42 ./drivers/fsl_clock.o
 .text.CLOCK_GetPll0RefFreq
                0x00000000000056e6       0x10 ./drivers/fsl_clock.o
 .text.CLOCK_GetFixedFreqClkFreq
                0x00000000000056f6       0x30 ./drivers/fsl_clock.o
                0x00000000000056f6                CLOCK_GetFixedFreqClkFreq
 .text.CLOCK_SetExternalRefClkConfig
                0x0000000000005726       0x16 ./drivers/fsl_clock.o
                0x0000000000005726                CLOCK_SetExternalRefClkConfig
 .text.EnableIRQ
                0x000000000000573c       0x30 ./drivers/fsl_dma.o
 .text.GPIO_PinWrite
                0x000000000000576c       0x34 ./drivers/fsl_gpio.o
 .text.GPIO_WritePinOutput
                0x00000000000057a0       0x24 ./drivers/fsl_gpio.o
 .text.I2C_MasterClearStatusFlags
                0x00000000000057c4       0x56 ./drivers/fsl_i2c.o
 .text.I2C_MasterStop
                0x000000000000581a       0x36 ./drivers/fsl_i2c.o
                0x000000000000581a                I2C_MasterStop
 .text.I2C_MasterGetStatusFlags
                0x0000000000005850       0x4a ./drivers/fsl_i2c.o
                0x0000000000005850                I2C_MasterGetStatusFlags
 .text.I2C_MasterReadBlocking
                0x000000000000589a       0xea ./drivers/fsl_i2c.o
                0x000000000000589a                I2C_MasterReadBlocking
 .text.UART_GetStatusFlags
                0x0000000000005984       0x26 ./drivers/fsl_uart.o
                0x0000000000005984                UART_GetStatusFlags
 .text.UART_GetDataRegisterAddress
                0x00000000000059aa       0x14 ./drivers/fsl_uart_dma.o
 .text.UART_EnableTxDMA
                0x00000000000059be       0x64 ./drivers/fsl_uart_dma.o
 .text.UART_EnableRxDMA
                0x0000000000005a22       0x60 ./drivers/fsl_uart_dma.o
 .text.SystemInitHook
                0x0000000000005a82        0xa ./CMSIS/system_MKL46Z4.o
                0x0000000000005a82                SystemInitHook
 .text.__main   0x0000000000005a8c        0xc /usr/local/mcuxpressoide-11.7.0_9198/ide/plugins/com.nxp.mcuxpresso.tools.linux_11.7.0.202209140929/tools/bin/../lib/gcc/arm-none-eabi/10.3.1/../../../../arm-none-eabi/lib/thumb/v6-m/nofp/libcr_semihost_nf.a(_cr__main.o)
                0x0000000000005a8c                __main
                0x0000000000005a8c                __CR_SEMIHOST
 .text.memcpy   0x0000000000005a98        0x8 /usr/local/mcuxpressoide-11.7.0_9198/ide/plugins/com.nxp.mcuxpresso.tools.linux_11.7.0.202209140929/tools/bin/../lib/gcc/arm-none-eabi/10.3.1/../../../../arm-none-eabi/lib/thumb/v6-m/nofp/libcr_c.a(memcpy.o)
                0x0000000000005a98                memcpy
 .text.memset   0x0000000000005aa0        0x8 /usr/local/mcuxpressoide-11.7.0_9198/ide/plugins/com.nxp.mcuxpresso.tools.linux_11.7.0.202209140929/tools/bin/../lib/gcc/arm-none-eabi/10.3.1/../../../../arm-none-eabi/lib/thumb/v6-m/nofp/libcr_c.a(memset.o)
                0x0000000000005aa0                memset
 .text.free     0x0000000000005aa8       0x2c /usr/local/mcuxpressoide-11.7.0_9198/ide/plugins/com.nxp.mcuxpresso.tools.linux_11.7.0.202209140929/tools/bin/../lib/gcc/arm-none-eabi/10.3.1/../../../../arm-none-eabi/lib/thumb/v6-m/nofp/libcr_c.a(alloc.o)
                0x0000000000005aa8                free
 .text.fputs    0x0000000000005ad4       0x2e /usr/local/mcuxpressoide-11.7.0_9198/ide/plugins/com.nxp.mcuxpresso.tools.linux_11.7.0.202209140929/tools/bin/../lib/gcc/arm-none-eabi/10.3.1/../../../../arm-none-eabi/lib/thumb/v6-m/nofp/libcr_c.a(fputs.o)
                0x0000000000005ad4                fputs
 .text.no_fp_display
                0x0000000000005b02        0x4 /usr/local/mcuxpressoide-11.7.0_9198/ide/plugins/com.nxp.mcuxpresso.tools.linux_11.7.0.202209140929/tools/bin/../lib/gcc/arm-none-eabi/10.3.1/../../../../arm-none-eabi/lib/thumb/v6-m/nofp/libcr_c.a(printf.o)
 .text.remove   0x0000000000005b06       0x12 /usr/local/mcuxpressoide-11.7.0_9198/ide/plugins/com.nxp.mcuxpresso.tools.linux_11.7.0.202209140929/tools/bin/../lib/gcc/arm-none-eabi/10.3.1/../../../../arm-none-eabi/lib/thumb/v6-m/nofp/libcr_c.a(remove.o)
                0x0000000000005b06                remove
 .text.__aeabi_division_idivmod
                0x0000000000005b18       0x78 /usr/local/mcuxpressoide-11.7.0_9198/ide/plugins/com.nxp.mcuxpresso.tools.linux_11.7.0.202209140929/tools/bin/../lib/gcc/arm-none-eabi/10.3.1/thumb/v6-m/nofp/libcr_eabihelpers.a(division_32.o)
                0x0000000000005b18                __aeabi_idiv
                0x0000000000005b18                __aeabi_idivmod
                0x0000000000005b1e                __aeabi_uidiv
                0x0000000000005b1e                __aeabi_uidivmod
 .text.__aeabi_division_idiv0
                0x0000000000005b90        0x2 /usr/local/mcuxpressoide-11.7.0_9198/ide/plugins/com.nxp.mcuxpresso.tools.linux_11.7.0.202209140929/tools/bin/../lib/gcc/arm-none-eabi/10.3.1/thumb/v6-m/nofp/libcr_eabihelpers.a(division_idiv0.o)
                0x0000000000005b90                __aeabi_idiv0
 .text.__aeabi_llong_lmul
                0x0000000000005b92       0x2e /usr/local/mcuxpressoide-11.7.0_9198/ide/plugins/com.nxp.mcuxpresso.tools.linux_11.7.0.202209140929/tools/bin/../lib/gcc/arm-none-eabi/10.3.1/thumb/v6-m/nofp/libcr_eabihelpers.a(llong.o)
                0x0000000000005b92                __aeabi_lmul
 .text.__aeabi_memcpy
                0x0000000000005bc0       0x2c /usr/local/mcuxpressoide-11.7.0_9198/ide/plugins/com.nxp.mcuxpresso.tools.linux_11.7.0.202209140929/tools/bin/../lib/gcc/arm-none-eabi/10.3.1/thumb/v6-m/nofp/libcr_eabihelpers.a(memcpy.o)
                0x0000000000005bc0                __aeabi_memcpy
                0x0000000000005bc0                __aeabi_memcpy4
                0x0000000000005bc0                __aeabi_memcpy8
 .text.__aeabi_memset_lowlevel
                0x0000000000005bec       0x2a /usr/local/mcuxpressoide-11.7.0_9198/ide/plugins/com.nxp.mcuxpresso.tools.linux_11.7.0.202209140929/tools/bin/../lib/gcc/arm-none-eabi/10.3.1/thumb/v6-m/nofp/libcr_eabihelpers.a(memcpy.o)
                0x0000000000005bec                __aeabi_lowlevel_memset
 .text.__gnu_thumb1_case_shi
                0x0000000000005c16       0x10 /usr/local/mcuxpressoide-11.7.0_9198/ide/plugins/com.nxp.mcuxpresso.tools.linux_11.7.0.202209140929/tools/bin/../lib/gcc/arm-none-eabi/10.3.1/thumb/v6-m/nofp/libcr_eabihelpers.a(thumb1_switch_helpers.o)
                0x0000000000005c16                __gnu_thumb1_case_shi
 .text.__sys_close
                0x0000000000005c26        0xc /usr/local/mcuxpressoide-11.7.0_9198/ide/plugins/com.nxp.mcuxpresso.tools.linux_11.7.0.202209140929/tools/bin/../lib/gcc/arm-none-eabi/10.3.1/../../../../arm-none-eabi/lib/thumb/v6-m/nofp/libcr_semihost_nf.a(__sys_close.o)
                0x0000000000005c26                __sys_close
 .text.__sys_flen
                0x0000000000005c32        0xc /usr/local/mcuxpressoide-11.7.0_9198/ide/plugins/com.nxp.mcuxpresso.tools.linux_11.7.0.202209140929/tools/bin/../lib/gcc/arm-none-eabi/10.3.1/../../../../arm-none-eabi/lib/thumb/v6-m/nofp/libcr_semihost_nf.a(__sys_flen.o)
                0x0000000000005c32                __sys_flen
 .text.__sys_istty
                0x0000000000005c3e        0xc /usr/local/mcuxpressoide-11.7.0_9198/ide/plugins/com.nxp.mcuxpresso.tools.linux_11.7.0.202209140929/tools/bin/../lib/gcc/arm-none-eabi/10.3.1/../../../../arm-none-eabi/lib/thumb/v6-m/nofp/libcr_semihost_nf.a(__sys_istty.o)
                0x0000000000005c3e                __sys_istty
 .text.__sys_remove
                0x0000000000005c4a        0xc /usr/local/mcuxpressoide-11.7.0_9198/ide/plugins/com.nxp.mcuxpresso.tools.linux_11.7.0.202209140929/tools/bin/../lib/gcc/arm-none-eabi/10.3.1/../../../../arm-none-eabi/lib/thumb/v6-m/nofp/libcr_semihost_nf.a(__sys_remove.o)
                0x0000000000005c4a                __sys_remove
 .text.__sys_seek
                0x0000000000005c56        0xc /usr/local/mcuxpressoide-11.7.0_9198/ide/plugins/com.nxp.mcuxpresso.tools.linux_11.7.0.202209140929/tools/bin/../lib/gcc/arm-none-eabi/10.3.1/../../../../arm-none-eabi/lib/thumb/v6-m/nofp/libcr_semihost_nf.a(__sys_seek.o)
                0x0000000000005c56                __sys_seek
 .text.__sys_tmpnam
                0x0000000000005c62        0xc /usr/local/mcuxpressoide-11.7.0_9198/ide/plugins/com.nxp.mcuxpresso.tools.linux_11.7.0.202209140929/tools/bin/../lib/gcc/arm-none-eabi/10.3.1/../../../../arm-none-eabi/lib/thumb/v6-m/nofp/libcr_semihost_nf.a(__sys_tmpnam.o)
                0x0000000000005c62                __sys_tmpnam
 .text.__sys_write
                0x0000000000005c6e        0xc /usr/local/mcuxpressoide-11.7.0_9198/ide/plugins/com.nxp.mcuxpresso.tools.linux_11.7.0.202209140929/tools/bin/../lib/gcc/arm-none-eabi/10.3.1/../../../../arm-none-eabi/lib/thumb/v6-m/nofp/libcr_semihost_nf.a(__sys_write.o)
                0x0000000000005c6e                __sys_write
 *(SORT_BY_ALIGNMENT(.rodata) SORT_BY_ALIGNMENT(.rodata.*) SORT_BY_ALIGNMENT(.constdata) SORT_BY_ALIGNMENT(.constdata.*))
 *fill*         0x0000000000005c7a        0x2 ff
 .rodata.str1.4
                0x0000000000005c7c        0x4 ./source/fsm/fsm_frameDetection.o
 .rodata.fsm_frameDetection_handle.str1.4
                0x0000000000005c80       0x14 ./source/fsm/fsm_frameDetection.o
 .rodata.fsm_mode_execute.str1.4
                0x0000000000005c94       0x15 ./source/fsm/fsm_mode.o
 *fill*         0x0000000000005ca9        0x3 ff
 .rodata.LEDS.str1.4
                0x0000000000005cac        0x4 ./source/fsm/interactor.o
 .rodata.SWITCH.str1.4
                0x0000000000005cb0        0xd ./source/fsm/interactor.o
 *fill*         0x0000000000005cbd        0x3 ff
 .rodata.ACELEROM.str1.4
                0x0000000000005cc0       0x13 ./source/fsm/interactor.o
 *fill*         0x0000000000005cd3        0x1 ff
 .rodata.DMAMUX_EnableChannel.str1.4
                0x0000000000005cd4       0x4a ./source/efHal/uart_ringBufer.o
 *fill*         0x0000000000005d1e        0x2 ff
 .rodata.DMAMUX_SetSource.str1.4
                0x0000000000005d20       0x4a ./source/efHal/uart_ringBufer.o
 *fill*         0x0000000000005d6a        0x2 ff
 .rodata.PORT_SetPinConfig.str1.4
                0x0000000000005d6c       0x23 ./source/bsp_kl46/SD2_I2C.o
 .rodata.PORT_SetPinConfig.str1.4
                0x0000000000005d8f       0x23 ./source/bsp_kl46/SD2_board.o
 *fill*         0x0000000000005d8f        0x1 ff
 .rodata.board_gpioLeds
                0x0000000000005d90       0x18 ./source/bsp_kl46/SD2_board.o
 .rodata.board_gpioSw
                0x0000000000005da8       0x18 ./source/bsp_kl46/SD2_board.o
 .rodata        0x0000000000005dc0        0x2 ./source/bsp_kl46/SD2_board.o
 .rodata.PORT_SetPinConfig.str1.4
                0x0000000000005dc2       0x23 ./source/bsp_kl46/mma8451.o
 *fill*         0x0000000000005dc2        0x2 ff
 .rodata.main.str1.4
                0x0000000000005dc4        0x7 ./source/main.o
 *fill*         0x0000000000005dcb        0x1 ff
 .rodata.CLOCK_GetMcgExtClkFreq.str1.4
                0x0000000000005dcc       0x1e ./drivers/fsl_clock.o
 *fill*         0x0000000000005dea        0x2 ff
 .rodata.CLOCK_GetOsc0ErClkFreq.str1.4
                0x0000000000005dec       0x1e ./drivers/fsl_clock.o
 *fill*         0x0000000000005e0a        0x2 ff
 .rodata.CLOCK_GetEr32kClkFreq.str1.4
                0x0000000000005e0c       0x1f ./drivers/fsl_clock.o
 *fill*         0x0000000000005e2b        0x1 ff
 .rodata.CLOCK_GetFreq
                0x0000000000005e2c       0x34 ./drivers/fsl_clock.o
 .rodata.CLOCK_GetPll0Freq.str1.4
                0x0000000000005e60       0x1d ./drivers/fsl_clock.o
 *fill*         0x0000000000005e7d        0x3 ff
 .rodata.CLOCK_EnablePll0.str1.4
                0x0000000000005e80       0x19 ./drivers/fsl_clock.o
 *fill*         0x0000000000005e99        0x3 ff
 .rodata.CLOCK_SetPbeMode.str1.4
                0x0000000000005e9c       0x1a ./drivers/fsl_clock.o
 *fill*         0x0000000000005eb6        0x2 ff
 .rodata.CLOCK_BootToPeeMode.str1.4
                0x0000000000005eb8       0x1a ./drivers/fsl_clock.o
 *fill*         0x0000000000005ed2        0x2 ff
 .rodata.fllFactorTable.1
                0x0000000000005ed4       0x10 ./drivers/fsl_clock.o
 .rodata.DMA_EnableInterrupts.str1.4
                0x0000000000005ee4       0x3c ./drivers/fsl_dma.o
 .rodata.DMA_ClearChannelStatusFlags.str1.4
                0x0000000000005f20       0x3c ./drivers/fsl_dma.o
 .rodata.s_dmaIRQNumber
                0x0000000000005f5c        0x4 ./drivers/fsl_dma.o
 .rodata.DMA_GetInstance.str1.4
                0x0000000000005f60       0x31 ./drivers/fsl_dma.o
 *fill*         0x0000000000005f91        0x3 ff
 .rodata.DMA_ResetChannel.str1.4
                0x0000000000005f94       0x39 ./drivers/fsl_dma.o
 *fill*         0x0000000000005fcd        0x3 ff
 .rodata.DMA_SetTransferConfig.str1.4
                0x0000000000005fd0       0x5b ./drivers/fsl_dma.o
 *fill*         0x000000000000602b        0x1 ff
 .rodata.DMA_CreateHandle.str1.4
                0x000000000000602c       0x59 ./drivers/fsl_dma.o
 *fill*         0x0000000000006085        0x3 ff
 .rodata.DMA_PrepareTransfer.str1.4
                0x0000000000006088       0xfc ./drivers/fsl_dma.o
 .rodata.DMA_SetCallback.str1.4
                0x0000000000006184       0x1f ./drivers/fsl_dma.o
 *fill*         0x00000000000061a3        0x1 ff
 .rodata.DMA_SubmitTransfer.str1.4
                0x00000000000061a4       0x3f ./drivers/fsl_dma.o
 *fill*         0x00000000000061e3        0x1 ff
 .rodata.DMA_HandleIRQ.str1.4
                0x00000000000061e4       0x1f ./drivers/fsl_dma.o
 *fill*         0x0000000000006203        0x1 ff
 .rodata.DMAMUX_GetInstance.str1.4
                0x0000000000006204       0x37 ./drivers/fsl_dmamux.o
 *fill*         0x000000000000623b        0x1 ff
 .rodata.GPIO_PinInit.str1.4
                0x000000000000623c       0x18 ./drivers/fsl_gpio.o
 .rodata.s_i2cBases
                0x0000000000006254        0x8 ./drivers/fsl_i2c.o
                0x0000000000006254                s_i2cBases
 .rodata.s_i2cDividerTable
                0x000000000000625c       0x80 ./drivers/fsl_i2c.o
 .rodata.s_i2cClocks
                0x00000000000062dc        0x8 ./drivers/fsl_i2c.o
 .rodata.I2C_GetInstance.str1.4
                0x00000000000062e4       0x32 ./drivers/fsl_i2c.o
 *fill*         0x0000000000006316        0x2 ff
 .rodata.I2C_MasterInit.str1.4
                0x0000000000006318       0x2c ./drivers/fsl_i2c.o
 .rodata.I2C_MasterGetDefaultConfig.str1.4
                0x0000000000006344       0x1d ./drivers/fsl_i2c.o
 *fill*         0x0000000000006361        0x3 ff
 .rodata.I2C_MasterTransferBlocking.str1.4
                0x0000000000006364       0x16 ./drivers/fsl_i2c.o
 *fill*         0x000000000000637a        0x2 ff
 .rodata.s_uartBases
                0x000000000000637c        0xc ./drivers/fsl_uart.o
 .rodata.s_uartClock
                0x0000000000006388        0xc ./drivers/fsl_uart.o
 .rodata.UART_GetInstance.str1.4
                0x0000000000006394       0x2b ./drivers/fsl_uart.o
 *fill*         0x00000000000063bf        0x1 ff
 .rodata.UART_Init.str1.4
                0x00000000000063c0       0x3e ./drivers/fsl_uart.o
 *fill*         0x00000000000063fe        0x2 ff
 .rodata.UART_GetDefaultConfig.str1.4
                0x0000000000006400       0x18 ./drivers/fsl_uart.o
 .rodata.DMA_DisableInterrupts.str1.4
                0x0000000000006418       0x3c ./drivers/fsl_uart_dma.o
 .rodata.DMA_StartTransfer.str1.4
                0x0000000000006454       0x1f ./drivers/fsl_uart_dma.o
 *fill*         0x0000000000006473        0x1 ff
 .rodata.UART_TransferSendDMACallback.str1.4
                0x0000000000006474       0x37 ./drivers/fsl_uart_dma.o
 *fill*         0x00000000000064ab        0x1 ff
 .rodata.UART_TransferReceiveDMACallback.str1.4
                0x00000000000064ac       0x37 ./drivers/fsl_uart_dma.o
 *fill*         0x00000000000064e3        0x1 ff
 .rodata.UART_TransferCreateHandleDMA.str1.4
                0x00000000000064e4       0x1c ./drivers/fsl_uart_dma.o
 .rodata.UART_TransferSendDMA.str1.4
                0x0000000000006500       0xa8 ./drivers/fsl_uart_dma.o
 .rodata.mcgConfig_BOARD_BootClockRUN
                0x00000000000065a8        0xa ./board/clock_config.o
                0x00000000000065a8                mcgConfig_BOARD_BootClockRUN
 *fill*         0x00000000000065b2        0x2 ff
 .rodata.simConfig_BOARD_BootClockRUN
                0x00000000000065b4        0x8 ./board/clock_config.o
                0x00000000000065b4                simConfig_BOARD_BootClockRUN
 .rodata.oscConfig_BOARD_BootClockRUN
                0x00000000000065bc        0x8 ./board/clock_config.o
                0x00000000000065bc                oscConfig_BOARD_BootClockRUN
 .rodata.__num_Ciob_streams
                0x00000000000065c4        0x4 /usr/local/mcuxpressoide-11.7.0_9198/ide/plugins/com.nxp.mcuxpresso.tools.linux_11.7.0.202209140929/tools/bin/../lib/gcc/arm-none-eabi/10.3.1/../../../../arm-none-eabi/lib/thumb/v6-m/nofp/libcr_semihost_nf.a(__ciob.o)
                0x00000000000065c4                __num_Ciob_streams
 .rodata.__assertion_failed.str1.1
                0x00000000000065c8       0x15 /usr/local/mcuxpressoide-11.7.0_9198/ide/plugins/com.nxp.mcuxpresso.tools.linux_11.7.0.202209140929/tools/bin/../lib/gcc/arm-none-eabi/10.3.1/../../../../arm-none-eabi/lib/thumb/v6-m/nofp/libcr_semihost_nf.a(_cr_assert.o)
 .rodata._Csys_alloc.str1.1
                0x00000000000065dd       0x18 /usr/local/mcuxpressoide-11.7.0_9198/ide/plugins/com.nxp.mcuxpresso.tools.linux_11.7.0.202209140929/tools/bin/../lib/gcc/arm-none-eabi/10.3.1/../../../../arm-none-eabi/lib/thumb/v6-m/nofp/libcr_c.a(alloc.o)
 .rodata._initio.str1.1
                0x00000000000065f5        0x4 /usr/local/mcuxpressoide-11.7.0_9198/ide/plugins/com.nxp.mcuxpresso.tools.linux_11.7.0.202209140929/tools/bin/../lib/gcc/arm-none-eabi/10.3.1/../../../../arm-none-eabi/lib/thumb/v6-m/nofp/libcr_c.a(initio.o)
 .rodata.__vfprintf.str1.1
                0x00000000000065f9       0x35 /usr/local/mcuxpressoide-11.7.0_9198/ide/plugins/com.nxp.mcuxpresso.tools.linux_11.7.0.202209140929/tools/bin/../lib/gcc/arm-none-eabi/10.3.1/../../../../arm-none-eabi/lib/thumb/v6-m/nofp/libcr_c.a(printf.o)
                                         0x38 (size before relaxing)
                0x0000000000006630                . = ALIGN (0x4)
 *fill*         0x000000000000662e        0x2 ff

.glue_7         0x0000000000006630        0x0
 .glue_7        0x0000000000006630        0x0 linker stubs

.glue_7t        0x0000000000006630        0x0
 .glue_7t       0x0000000000006630        0x0 linker stubs

.vfp11_veneer   0x0000000000006630        0x0
 .vfp11_veneer  0x0000000000006630        0x0 linker stubs

.v4_bx          0x0000000000006630        0x0
 .v4_bx         0x0000000000006630        0x0 linker stubs

.iplt           0x0000000000006630        0x0
 .iplt          0x0000000000006630        0x0 ./startup/startup_mkl46z4.o

.rel.dyn        0x0000000000006630        0x0
 .rel.iplt      0x0000000000006630        0x0 ./startup/startup_mkl46z4.o

.ARM.extab
 *(SORT_BY_ALIGNMENT(.ARM.extab*) SORT_BY_ALIGNMENT(.gnu.linkonce.armextab.*))

.ARM.exidx      0x0000000000006630        0x0
                0x0000000000006630                __exidx_start = .
 *(SORT_BY_ALIGNMENT(.ARM.exidx*) SORT_BY_ALIGNMENT(.gnu.linkonce.armexidx.*))
                0x0000000000006630                __exidx_end = .
                0x0000000000006630                _etext = .

.m_usb_data
 *(SORT_BY_ALIGNMENT(m_usb_bdt))

.mtb_buffer_default
                0x000000001fffe000       0x80
 *(SORT_BY_ALIGNMENT(.mtb*))
 .mtb.$RAM1     0x000000001fffe000       0x80 ./source/mtb.o
                0x000000001fffe000                __mtb_buffer__

.uninit_RESERVED
                0x000000001fffe080        0x0
                0x000000001fffe080                _start_uninit_RESERVED = .
 *(SORT_BY_ALIGNMENT(.bss.$RESERVED*))
                0x000000001fffe080                . = ALIGN (0x4)
                0x000000001fffe080                _end_uninit_RESERVED = .

.data           0x000000001fffe080       0x10 load address 0x0000000000006630
 FILL mask 0xff
                0x000000001fffe080                _data = .
                [!provide]                        PROVIDE (__start_data_RAM = .)
                [!provide]                        PROVIDE (__start_data_SRAM = .)
 *(SORT_BY_ALIGNMENT(vtable))
 *(SORT_BY_ALIGNMENT(.ramfunc*))
 *(SORT_BY_ALIGNMENT(CodeQuickAccess))
 *(SORT_BY_ALIGNMENT(DataQuickAccess))
 *(SORT_BY_ALIGNMENT(RamFunction))
 *(SORT_BY_ALIGNMENT(.data*))
 .data.TEAM_ID  0x000000001fffe080        0x4 ./source/fsm/fsm_frameDetection.o
                0x000000001fffe080                TEAM_ID
 .data.s_slowIrcFreq
                0x000000001fffe084        0x4 ./drivers/fsl_clock.o
 .data.s_fastIrcFreq
                0x000000001fffe088        0x4 ./drivers/fsl_clock.o
 .data.SystemCoreClock
                0x000000001fffe08c        0x4 ./CMSIS/system_MKL46Z4.o
                0x000000001fffe08c                SystemCoreClock
                0x000000001fffe090                . = ALIGN (0x4)
                0x000000001fffe090                _edata = .
                [!provide]                        PROVIDE (__end_data_RAM = .)
                [!provide]                        PROVIDE (__end_data_SRAM = .)

.igot.plt       0x000000001fffe090        0x0 load address 0x0000000000006640
 .igot.plt      0x000000001fffe090        0x0 ./startup/startup_mkl46z4.o

.bss            0x000000001fffe090      0x1b4
                0x000000001fffe090                _bss = .
                [!provide]                        PROVIDE (__start_bss_RAM = .)
                [!provide]                        PROVIDE (__start_bss_SRAM = .)
 *(SORT_BY_ALIGNMENT(.bss*))
 .bss.size.1    0x000000001fffe090        0x4 ./source/fsm/fsm_frameDetection.o
 .bss.frame.0   0x000000001fffe094        0x8 ./source/fsm/fsm_frameDetection.o
 .bss.bufferEnv
                0x000000001fffe09c       0x20 ./source/fsm/interactor.o
                0x000000001fffe09c                bufferEnv
 .bss.receivedFrame
                0x000000001fffe0bc        0x6 ./source/fsm/interactor.o
                0x000000001fffe0bc                receivedFrame
 *fill*         0x000000001fffe0c2        0x2 
 .bss.txBuffer_dma
                0x000000001fffe0c4       0x20 ./source/efHal/uart_ringBufer.o
 .bss.UART1DmaHandle
                0x000000001fffe0e4       0x20 ./source/efHal/uart_ringBufer.o
 .bss.UART1TxDmaHandle
                0x000000001fffe104       0x10 ./source/efHal/uart_ringBufer.o
 .bss.pRingBufferRx
                0x000000001fffe114        0x4 ./source/efHal/uart_ringBufer.o
 .bss.estSW     0x000000001fffe118        0x2 ./source/bsp_kl46/key.o
 *fill*         0x000000001fffe11a        0x2 
 .bss.eventSW   0x000000001fffe11c        0x2 ./source/bsp_kl46/key.o
 *fill*         0x000000001fffe11e        0x2 
 .bss.g_xtal0Freq
                0x000000001fffe120        0x4 ./drivers/fsl_clock.o
                0x000000001fffe120                g_xtal0Freq
 .bss.g_xtal32Freq
                0x000000001fffe124        0x4 ./drivers/fsl_clock.o
                0x000000001fffe124                g_xtal32Freq
 .bss.s_DMAHandle
                0x000000001fffe128       0x10 ./drivers/fsl_dma.o
 .bss.s_i2cHandle
                0x000000001fffe138        0x8 ./drivers/fsl_i2c.o
 .bss.s_i2cMasterIsr
                0x000000001fffe140        0x4 ./drivers/fsl_i2c.o
 .bss.s_i2cSlaveIsr
                0x000000001fffe144        0x4 ./drivers/fsl_i2c.o
 .bss.s_lpsciHandle
                0x000000001fffe148        0x4 ./drivers/fsl_lpsci.o
 .bss.s_lpsciIsr
                0x000000001fffe14c        0x4 ./drivers/fsl_lpsci.o
 .bss.s_uartHandle
                0x000000001fffe150        0xc ./drivers/fsl_uart.o
 .bss.s_uartIsr
                0x000000001fffe15c        0x4 ./drivers/fsl_uart.o
 .bss.s_dmaPrivateHandle
                0x000000001fffe160       0x18 ./drivers/fsl_uart_dma.o
 .bss.__Ciob    0x000000001fffe178       0xb4 /usr/local/mcuxpressoide-11.7.0_9198/ide/plugins/com.nxp.mcuxpresso.tools.linux_11.7.0.202209140929/tools/bin/../lib/gcc/arm-none-eabi/10.3.1/../../../../arm-none-eabi/lib/thumb/v6-m/nofp/libcr_semihost_nf.a(__ciob.o)
                0x000000001fffe178                __Ciob
 .bss.__end_of_heap
                0x000000001fffe22c        0x4 /usr/local/mcuxpressoide-11.7.0_9198/ide/plugins/com.nxp.mcuxpresso.tools.linux_11.7.0.202209140929/tools/bin/../lib/gcc/arm-none-eabi/10.3.1/../../../../arm-none-eabi/lib/thumb/v6-m/nofp/libcr_c.a(__init_alloc.o)
                0x000000001fffe22c                __end_of_heap
 .bss.__heaps   0x000000001fffe230        0x4 /usr/local/mcuxpressoide-11.7.0_9198/ide/plugins/com.nxp.mcuxpresso.tools.linux_11.7.0.202209140929/tools/bin/../lib/gcc/arm-none-eabi/10.3.1/../../../../arm-none-eabi/lib/thumb/v6-m/nofp/libcr_c.a(__init_alloc.o)
                0x000000001fffe230                __heaps
 .bss.errno     0x000000001fffe234        0x4 /usr/local/mcuxpressoide-11.7.0_9198/ide/plugins/com.nxp.mcuxpresso.tools.linux_11.7.0.202209140929/tools/bin/../lib/gcc/arm-none-eabi/10.3.1/../../../../arm-none-eabi/lib/thumb/v6-m/nofp/libcr_c.a(errno.o)
                0x000000001fffe234                errno
 .bss.readX     0x000000001fffe238        0x2 ./source/bsp_kl46/mma8451.o
 .bss.readY     0x000000001fffe23a        0x2 ./source/bsp_kl46/mma8451.o
 .bss.readZ     0x000000001fffe23c        0x2 ./source/bsp_kl46/mma8451.o
 .bss.state.2   0x000000001fffe23e        0x1 ./source/fsm/fsm_frameDetection.o
 .bss.state.0   0x000000001fffe23f        0x1 ./source/fsm/fsm_mode.o
 .bss.frameRecieved
                0x000000001fffe240        0x1 ./source/fsm/interactor.o
                0x000000001fffe240                frameRecieved
 .bss.responseReady
                0x000000001fffe241        0x1 ./source/fsm/interactor.o
                0x000000001fffe241                responseReady
 .bss.txOnGoing
                0x000000001fffe242        0x1 ./source/efHal/uart_ringBufer.o
                0x000000001fffe242                txOnGoing
 *(SORT_BY_ALIGNMENT(COMMON))
                0x000000001fffe244                . = ALIGN (0x4)
 *fill*         0x000000001fffe243        0x1 
                0x000000001fffe244                _ebss = .
                [!provide]                        PROVIDE (__end_bss_RAM = .)
                [!provide]                        PROVIDE (__end_bss_SRAM = .)
                [!provide]                        PROVIDE (end = .)

.noinit         0x000000001fffe244        0x0
                0x000000001fffe244                _noinit = .
                [!provide]                        PROVIDE (__start_noinit_RAM = .)
                [!provide]                        PROVIDE (__start_noinit_SRAM = .)
 *(SORT_BY_ALIGNMENT(.noinit*))
                0x000000001fffe244                . = ALIGN (0x4)
                0x000000001fffe244                _end_noinit = .
                [!provide]                        PROVIDE (__end_noinit_RAM = .)
                [!provide]                        PROVIDE (__end_noinit_SRAM = .)
                0x0000000000000800                _HeapSize = 0x800

.heap           0x000000001fffe244      0x800
                0x000000001fffe244                _pvHeapStart = .
                0x000000001fffea44                . = (. + _HeapSize)
 *fill*         0x000000001fffe244      0x800 
                0x000000001fffea44                . = ALIGN (0x4)
                0x000000001fffea44                _pvHeapLimit = .
                0x0000000000000800                _StackSize = 0x800

.heap2stackfill
                0x000000001fffea44      0x800
                0x000000001ffff244                . = (. + _StackSize)
 *fill*         0x000000001fffea44      0x800 

.stack          0x0000000020005800        0x0
                0x0000000020005800                _vStackBase = .
                0x0000000020005800                . = ALIGN (0x4)
                0x0000000020006000                _vStackTop = (. + _StackSize)
                0x0000000000000000                _image_start = LOADADDR (.text)
                0x0000000000006640                _image_end = (LOADADDR (.data) + SIZEOF (.data))
                0x0000000000006640                _image_size = (_image_end - _image_start)
OUTPUT(sdii-tp3.axf elf32-littlearm)
LOAD linker stubs

.debug_info     0x0000000000000000     0xe057
 .debug_info    0x0000000000000000      0x4eb ./startup/startup_mkl46z4.o
 .debug_info    0x00000000000004eb      0x393 ./source/fsm/fsm_frameDetection.o
 .debug_info    0x000000000000087e      0x116 ./source/fsm/fsm_mode.o
 .debug_info    0x0000000000000994      0x490 ./source/fsm/interactor.o
 .debug_info    0x0000000000000e24      0x269 ./source/efHal/ringBuffer.o
 .debug_info    0x000000000000108d      0xf91 ./source/efHal/uart_ringBufer.o
 .debug_info    0x000000000000201e      0x795 ./source/bsp_kl46/SD2_I2C.o
 .debug_info    0x00000000000027b3      0xc40 ./source/bsp_kl46/SD2_board.o
 .debug_info    0x00000000000033f3      0x197 ./source/bsp_kl46/key.o
 .debug_info    0x000000000000358a     0x1031 ./source/bsp_kl46/mma8451.o
 .debug_info    0x00000000000045bb      0x466 ./source/main.o
 .debug_info    0x0000000000004a21       0x53 ./source/mtb.o
 .debug_info    0x0000000000004a74       0x3c ./source/semihost_hardfault.o
 .debug_info    0x0000000000004ab0     0x1a8b ./drivers/fsl_clock.o
 .debug_info    0x000000000000653b      0xf55 ./drivers/fsl_dma.o
 .debug_info    0x0000000000007490      0x4e5 ./drivers/fsl_dmamux.o
 .debug_info    0x0000000000007975      0x7dc ./drivers/fsl_gpio.o
 .debug_info    0x0000000000008151     0x1aba ./drivers/fsl_i2c.o
 .debug_info    0x0000000000009c0b     0x14ac ./drivers/fsl_lpsci.o
 .debug_info    0x000000000000b0b7     0x144d ./drivers/fsl_uart.o
 .debug_info    0x000000000000c504      0xc53 ./drivers/fsl_uart_dma.o
 .debug_info    0x000000000000d157      0xaf2 ./board/clock_config.o
 .debug_info    0x000000000000dc49      0x40e ./CMSIS/system_MKL46Z4.o

.debug_abbrev   0x0000000000000000     0x2c10
 .debug_abbrev  0x0000000000000000      0x198 ./startup/startup_mkl46z4.o
 .debug_abbrev  0x0000000000000198      0x101 ./source/fsm/fsm_frameDetection.o
 .debug_abbrev  0x0000000000000299       0xa4 ./source/fsm/fsm_mode.o
 .debug_abbrev  0x000000000000033d      0x18d ./source/fsm/interactor.o
 .debug_abbrev  0x00000000000004ca       0xf5 ./source/efHal/ringBuffer.o
 .debug_abbrev  0x00000000000005bf      0x2c4 ./source/efHal/uart_ringBufer.o
 .debug_abbrev  0x0000000000000883      0x22a ./source/bsp_kl46/SD2_I2C.o
 .debug_abbrev  0x0000000000000aad      0x2e5 ./source/bsp_kl46/SD2_board.o
 .debug_abbrev  0x0000000000000d92       0xf1 ./source/bsp_kl46/key.o
 .debug_abbrev  0x0000000000000e83      0x2d0 ./source/bsp_kl46/mma8451.o
 .debug_abbrev  0x0000000000001153      0x195 ./source/main.o
 .debug_abbrev  0x00000000000012e8       0x46 ./source/mtb.o
 .debug_abbrev  0x000000000000132e       0x31 ./source/semihost_hardfault.o
 .debug_abbrev  0x000000000000135f      0x34b ./drivers/fsl_clock.o
 .debug_abbrev  0x00000000000016aa      0x2bc ./drivers/fsl_dma.o
 .debug_abbrev  0x0000000000001966      0x17e ./drivers/fsl_dmamux.o
 .debug_abbrev  0x0000000000001ae4      0x1f6 ./drivers/fsl_gpio.o
 .debug_abbrev  0x0000000000001cda      0x376 ./drivers/fsl_i2c.o
 .debug_abbrev  0x0000000000002050      0x2f3 ./drivers/fsl_lpsci.o
 .debug_abbrev  0x0000000000002343      0x2f3 ./drivers/fsl_uart.o
 .debug_abbrev  0x0000000000002636      0x291 ./drivers/fsl_uart_dma.o
 .debug_abbrev  0x00000000000028c7      0x201 ./board/clock_config.o
 .debug_abbrev  0x0000000000002ac8      0x148 ./CMSIS/system_MKL46Z4.o

.debug_aranges  0x0000000000000000      0xcf8
 .debug_aranges
                0x0000000000000000      0x160 ./startup/startup_mkl46z4.o
 .debug_aranges
                0x0000000000000160       0x30 ./source/fsm/fsm_frameDetection.o
 .debug_aranges
                0x0000000000000190       0x20 ./source/fsm/fsm_mode.o
 .debug_aranges
                0x00000000000001b0       0x50 ./source/fsm/interactor.o
 .debug_aranges
                0x0000000000000200       0x48 ./source/efHal/ringBuffer.o
 .debug_aranges
                0x0000000000000248       0x78 ./source/efHal/uart_ringBufer.o
 .debug_aranges
                0x00000000000002c0       0x50 ./source/bsp_kl46/SD2_I2C.o
 .debug_aranges
                0x0000000000000310       0x78 ./source/bsp_kl46/SD2_board.o
 .debug_aranges
                0x0000000000000388       0x30 ./source/bsp_kl46/key.o
 .debug_aranges
                0x00000000000003b8       0x98 ./source/bsp_kl46/mma8451.o
 .debug_aranges
                0x0000000000000450       0x38 ./source/main.o
 .debug_aranges
                0x0000000000000488       0x18 ./source/mtb.o
 .debug_aranges
                0x00000000000004a0       0x20 ./source/semihost_hardfault.o
 .debug_aranges
                0x00000000000004c0      0x1d8 ./drivers/fsl_clock.o
 .debug_aranges
                0x0000000000000698       0xd0 ./drivers/fsl_dma.o
 .debug_aranges
                0x0000000000000768       0x40 ./drivers/fsl_dmamux.o
 .debug_aranges
                0x00000000000007a8       0x78 ./drivers/fsl_gpio.o
 .debug_aranges
                0x0000000000000820      0x178 ./drivers/fsl_i2c.o
 .debug_aranges
                0x0000000000000998      0x118 ./drivers/fsl_lpsci.o
 .debug_aranges
                0x0000000000000ab0      0x130 ./drivers/fsl_uart.o
 .debug_aranges
                0x0000000000000be0       0x98 ./drivers/fsl_uart_dma.o
 .debug_aranges
                0x0000000000000c78       0x50 ./board/clock_config.o
 .debug_aranges
                0x0000000000000cc8       0x30 ./CMSIS/system_MKL46Z4.o

.debug_ranges   0x0000000000000000      0xb98
 .debug_ranges  0x0000000000000000      0x150 ./startup/startup_mkl46z4.o
 .debug_ranges  0x0000000000000150       0x38 ./source/fsm/fsm_frameDetection.o
 .debug_ranges  0x0000000000000188       0x10 ./source/fsm/fsm_mode.o
 .debug_ranges  0x0000000000000198       0x40 ./source/fsm/interactor.o
 .debug_ranges  0x00000000000001d8       0x38 ./source/efHal/ringBuffer.o
 .debug_ranges  0x0000000000000210       0x68 ./source/efHal/uart_ringBufer.o
 .debug_ranges  0x0000000000000278       0x40 ./source/bsp_kl46/SD2_I2C.o
 .debug_ranges  0x00000000000002b8       0x68 ./source/bsp_kl46/SD2_board.o
 .debug_ranges  0x0000000000000320       0x20 ./source/bsp_kl46/key.o
 .debug_ranges  0x0000000000000340       0x88 ./source/bsp_kl46/mma8451.o
 .debug_ranges  0x00000000000003c8       0x28 ./source/main.o
 .debug_ranges  0x00000000000003f0       0x10 ./source/semihost_hardfault.o
 .debug_ranges  0x0000000000000400      0x1c8 ./drivers/fsl_clock.o
 .debug_ranges  0x00000000000005c8       0xc0 ./drivers/fsl_dma.o
 .debug_ranges  0x0000000000000688       0x30 ./drivers/fsl_dmamux.o
 .debug_ranges  0x00000000000006b8       0x68 ./drivers/fsl_gpio.o
 .debug_ranges  0x0000000000000720      0x168 ./drivers/fsl_i2c.o
 .debug_ranges  0x0000000000000888      0x108 ./drivers/fsl_lpsci.o
 .debug_ranges  0x0000000000000990      0x120 ./drivers/fsl_uart.o
 .debug_ranges  0x0000000000000ab0       0x88 ./drivers/fsl_uart_dma.o
 .debug_ranges  0x0000000000000b38       0x40 ./board/clock_config.o
 .debug_ranges  0x0000000000000b78       0x20 ./CMSIS/system_MKL46Z4.o

.debug_macro    0x0000000000000000     0x1e29
 .debug_macro   0x0000000000000000       0x29 ./startup/startup_mkl46z4.o
 .debug_macro   0x0000000000000029      0x1aa ./source/fsm/fsm_frameDetection.o
 .debug_macro   0x00000000000001d3       0xc4 ./source/fsm/fsm_frameDetection.o
 .debug_macro   0x0000000000000297      0x1d2 ./source/fsm/fsm_frameDetection.o
 .debug_macro   0x0000000000000469       0x10 ./source/fsm/fsm_frameDetection.o
 .debug_macro   0x0000000000000479       0x10 ./source/fsm/fsm_frameDetection.o
 .debug_macro   0x0000000000000489       0x10 ./source/fsm/fsm_frameDetection.o
 .debug_macro   0x0000000000000499       0x10 ./source/fsm/fsm_frameDetection.o
 .debug_macro   0x00000000000004a9       0x16 ./source/fsm/fsm_frameDetection.o
 .debug_macro   0x00000000000004bf       0xe1 ./source/fsm/fsm_mode.o
 .debug_macro   0x00000000000005a0       0xd8 ./source/fsm/fsm_mode.o
 .debug_macro   0x0000000000000678      0x19b ./source/fsm/interactor.o
 .debug_macro   0x0000000000000813       0x62 ./source/efHal/ringBuffer.o
 .debug_macro   0x0000000000000875      0x187 ./source/efHal/uart_ringBufer.o
 .debug_macro   0x00000000000009fc      0x17c ./source/bsp_kl46/SD2_I2C.o
 .debug_macro   0x0000000000000b78       0x10 ./source/bsp_kl46/SD2_I2C.o
 .debug_macro   0x0000000000000b88       0x1c ./source/bsp_kl46/SD2_I2C.o
 .debug_macro   0x0000000000000ba4       0x10 ./source/bsp_kl46/SD2_I2C.o
 .debug_macro   0x0000000000000bb4      0x143 ./source/bsp_kl46/SD2_board.o
 .debug_macro   0x0000000000000cf7       0xba ./source/bsp_kl46/key.o
 .debug_macro   0x0000000000000db1      0x162 ./source/bsp_kl46/mma8451.o
 .debug_macro   0x0000000000000f13       0x16 ./source/bsp_kl46/mma8451.o
 .debug_macro   0x0000000000000f29       0x16 ./source/bsp_kl46/mma8451.o
 .debug_macro   0x0000000000000f3f      0x1c3 ./source/main.o
 .debug_macro   0x0000000000001102       0x16 ./source/main.o
 .debug_macro   0x0000000000001118      0x15b ./source/main.o
 .debug_macro   0x0000000000001273       0x2f ./source/mtb.o
 .debug_macro   0x00000000000012a2       0x82 ./source/mtb.o
 .debug_macro   0x0000000000001324       0x10 ./source/mtb.o
 .debug_macro   0x0000000000001334       0x11 ./source/semihost_hardfault.o
 .debug_macro   0x0000000000001345      0x1b8 ./drivers/fsl_clock.o
 .debug_macro   0x00000000000014fd      0x108 ./drivers/fsl_dma.o
 .debug_macro   0x0000000000001605      0x108 ./drivers/fsl_dmamux.o
 .debug_macro   0x000000000000170d      0x108 ./drivers/fsl_gpio.o
 .debug_macro   0x0000000000001815      0x107 ./drivers/fsl_i2c.o
 .debug_macro   0x000000000000191c      0x108 ./drivers/fsl_lpsci.o
 .debug_macro   0x0000000000001a24      0x10e ./drivers/fsl_uart.o
 .debug_macro   0x0000000000001b32      0x127 ./drivers/fsl_uart_dma.o
 .debug_macro   0x0000000000001c59      0x139 ./board/clock_config.o
 .debug_macro   0x0000000000001d92       0x97 ./CMSIS/system_MKL46Z4.o

.debug_line     0x0000000000000000     0x8b40
 .debug_line    0x0000000000000000      0x1ed ./startup/startup_mkl46z4.o
 .debug_line    0x00000000000001ed      0x47e ./source/fsm/fsm_frameDetection.o
 .debug_line    0x000000000000066b      0x2a7 ./source/fsm/fsm_mode.o
 .debug_line    0x0000000000000912      0x4b8 ./source/fsm/interactor.o
 .debug_line    0x0000000000000dca      0x2c7 ./source/efHal/ringBuffer.o
 .debug_line    0x0000000000001091      0x586 ./source/efHal/uart_ringBufer.o
 .debug_line    0x0000000000001617      0x454 ./source/bsp_kl46/SD2_I2C.o
 .debug_line    0x0000000000001a6b      0x4ee ./source/bsp_kl46/SD2_board.o
 .debug_line    0x0000000000001f59      0x2dd ./source/bsp_kl46/key.o
 .debug_line    0x0000000000002236      0x5d0 ./source/bsp_kl46/mma8451.o
 .debug_line    0x0000000000002806      0x47c ./source/main.o
 .debug_line    0x0000000000002c82       0xd5 ./source/mtb.o
 .debug_line    0x0000000000002d57       0x5a ./source/semihost_hardfault.o
 .debug_line    0x0000000000002db1     0x12c4 ./drivers/fsl_clock.o
 .debug_line    0x0000000000004075      0x734 ./drivers/fsl_dma.o
 .debug_line    0x00000000000047a9      0x33e ./drivers/fsl_dmamux.o
 .debug_line    0x0000000000004ae7      0x48a ./drivers/fsl_gpio.o
 .debug_line    0x0000000000004f71     0x1371 ./drivers/fsl_i2c.o
 .debug_line    0x00000000000062e2      0xd86 ./drivers/fsl_lpsci.o
 .debug_line    0x0000000000007068      0xd91 ./drivers/fsl_uart.o
 .debug_line    0x0000000000007df9      0x67f ./drivers/fsl_uart_dma.o
 .debug_line    0x0000000000008478      0x371 ./board/clock_config.o
 .debug_line    0x00000000000087e9      0x357 ./CMSIS/system_MKL46Z4.o

.debug_str      0x0000000000000000    0x52c85
 .debug_str     0x0000000000000000     0x3076 ./startup/startup_mkl46z4.o
                                       0x30c3 (size before relaxing)
 .debug_str     0x0000000000003076    0x48b16 ./source/fsm/fsm_frameDetection.o
                                      0x4b9dc (size before relaxing)
 .debug_str     0x000000000004bb8c       0xb8 ./source/fsm/fsm_mode.o
                                      0x4307b (size before relaxing)
 .debug_str     0x000000000004bc44      0x161 ./source/fsm/interactor.o
                                      0x4ba3c (size before relaxing)
 .debug_str     0x000000000004bda5       0xa9 ./source/efHal/ringBuffer.o
                                       0x452d (size before relaxing)
 .debug_str     0x000000000004be4e     0x1182 ./source/efHal/uart_ringBufer.o
                                      0x4bf82 (size before relaxing)
 .debug_str     0x000000000004cfd0      0x7df ./source/bsp_kl46/SD2_I2C.o
                                      0x4b34b (size before relaxing)
 .debug_str     0x000000000004d7af      0x24a ./source/bsp_kl46/SD2_board.o
                                      0x4b830 (size before relaxing)
 .debug_str     0x000000000004d9f9       0x8c ./source/bsp_kl46/key.o
                                      0x42d8d (size before relaxing)
 .debug_str     0x000000000004da85      0x608 ./source/bsp_kl46/mma8451.o
                                      0x4b5dc (size before relaxing)
 .debug_str     0x000000000004e08d      0x8ba ./source/main.o
                                      0x4b419 (size before relaxing)
 .debug_str     0x000000000004e947      0x532 ./source/mtb.o
                                       0x31ea (size before relaxing)
 .debug_str     0x000000000004ee79       0x1f ./source/semihost_hardfault.o
                                       0x2cd7 (size before relaxing)
 .debug_str     0x000000000004ee98     0x15aa ./drivers/fsl_clock.o
                                      0x4c2a1 (size before relaxing)
 .debug_str     0x0000000000050442      0x70e ./drivers/fsl_dma.o
                                      0x4b506 (size before relaxing)
 .debug_str     0x0000000000050b50       0x90 ./drivers/fsl_dmamux.o
                                      0x4ab3b (size before relaxing)
 .debug_str     0x0000000000050be0       0xf6 ./drivers/fsl_gpio.o
                                      0x4ab2e (size before relaxing)
 .debug_str     0x0000000000050cd6      0xa81 ./drivers/fsl_i2c.o
                                      0x4ba47 (size before relaxing)
 .debug_str     0x0000000000051757      0xabe ./drivers/fsl_lpsci.o
                                      0x4b8ca (size before relaxing)
 .debug_str     0x0000000000052215      0x436 ./drivers/fsl_uart.o
                                      0x4b8e7 (size before relaxing)
 .debug_str     0x000000000005264b      0x240 ./drivers/fsl_uart_dma.o
                                      0x4b1fa (size before relaxing)
 .debug_str     0x000000000005288b      0x39c ./board/clock_config.o
                                      0x4b131 (size before relaxing)
 .debug_str     0x0000000000052c27       0x5e ./CMSIS/system_MKL46Z4.o
                                      0x4971f (size before relaxing)

.comment        0x0000000000000000       0x49
 .comment       0x0000000000000000       0x49 ./startup/startup_mkl46z4.o
                                         0x4a (size before relaxing)
 .comment       0x0000000000000049       0x4a ./source/fsm/fsm_frameDetection.o
 .comment       0x0000000000000049       0x4a ./source/fsm/fsm_mode.o
 .comment       0x0000000000000049       0x4a ./source/fsm/interactor.o
 .comment       0x0000000000000049       0x4a ./source/efHal/ringBuffer.o
 .comment       0x0000000000000049       0x4a ./source/efHal/uart_ringBufer.o
 .comment       0x0000000000000049       0x4a ./source/bsp_kl46/SD2_I2C.o
 .comment       0x0000000000000049       0x4a ./source/bsp_kl46/SD2_board.o
 .comment       0x0000000000000049       0x4a ./source/bsp_kl46/key.o
 .comment       0x0000000000000049       0x4a ./source/bsp_kl46/mma8451.o
 .comment       0x0000000000000049       0x4a ./source/main.o
 .comment       0x0000000000000049       0x4a ./source/mtb.o
 .comment       0x0000000000000049       0x4a ./source/semihost_hardfault.o
 .comment       0x0000000000000049       0x4a ./drivers/fsl_clock.o
 .comment       0x0000000000000049       0x4a ./drivers/fsl_dma.o
 .comment       0x0000000000000049       0x4a ./drivers/fsl_dmamux.o
 .comment       0x0000000000000049       0x4a ./drivers/fsl_gpio.o
 .comment       0x0000000000000049       0x4a ./drivers/fsl_i2c.o
 .comment       0x0000000000000049       0x4a ./drivers/fsl_lpsci.o
 .comment       0x0000000000000049       0x4a ./drivers/fsl_uart.o
 .comment       0x0000000000000049       0x4a ./drivers/fsl_uart_dma.o
 .comment       0x0000000000000049       0x4a ./board/clock_config.o
 .comment       0x0000000000000049       0x4a ./CMSIS/system_MKL46Z4.o
 .comment       0x0000000000000049       0x4a /usr/local/mcuxpressoide-11.7.0_9198/ide/plugins/com.nxp.mcuxpresso.tools.linux_11.7.0.202209140929/tools/bin/../lib/gcc/arm-none-eabi/10.3.1/../../../../arm-none-eabi/lib/thumb/v6-m/nofp/libcr_semihost_nf.a(_cr__main.o)
 .comment       0x0000000000000049       0x4a /usr/local/mcuxpressoide-11.7.0_9198/ide/plugins/com.nxp.mcuxpresso.tools.linux_11.7.0.202209140929/tools/bin/../lib/gcc/arm-none-eabi/10.3.1/../../../../arm-none-eabi/lib/thumb/v6-m/nofp/libcr_semihost_nf.a(_cr_assert.o)
 .comment       0x0000000000000049       0x4a /usr/local/mcuxpressoide-11.7.0_9198/ide/plugins/com.nxp.mcuxpresso.tools.linux_11.7.0.202209140929/tools/bin/../lib/gcc/arm-none-eabi/10.3.1/../../../../arm-none-eabi/lib/thumb/v6-m/nofp/libcr_semihost_nf.a(__ciob.o)
 .comment       0x0000000000000049       0x4a /usr/local/mcuxpressoide-11.7.0_9198/ide/plugins/com.nxp.mcuxpresso.tools.linux_11.7.0.202209140929/tools/bin/../lib/gcc/arm-none-eabi/10.3.1/../../../../arm-none-eabi/lib/thumb/v6-m/nofp/libcr_c.a(memcpy.o)
 .comment       0x0000000000000049       0x4a /usr/local/mcuxpressoide-11.7.0_9198/ide/plugins/com.nxp.mcuxpresso.tools.linux_11.7.0.202209140929/tools/bin/../lib/gcc/arm-none-eabi/10.3.1/../../../../arm-none-eabi/lib/thumb/v6-m/nofp/libcr_c.a(memset.o)
 .comment       0x0000000000000049       0x4a /usr/local/mcuxpressoide-11.7.0_9198/ide/plugins/com.nxp.mcuxpresso.tools.linux_11.7.0.202209140929/tools/bin/../lib/gcc/arm-none-eabi/10.3.1/../../../../arm-none-eabi/lib/thumb/v6-m/nofp/libcr_c.a(_deferredlazyseek.o)
 .comment       0x0000000000000049       0x4a /usr/local/mcuxpressoide-11.7.0_9198/ide/plugins/com.nxp.mcuxpresso.tools.linux_11.7.0.202209140929/tools/bin/../lib/gcc/arm-none-eabi/10.3.1/../../../../arm-none-eabi/lib/thumb/v6-m/nofp/libcr_c.a(_fflush.o)
 .comment       0x0000000000000049       0x4a /usr/local/mcuxpressoide-11.7.0_9198/ide/plugins/com.nxp.mcuxpresso.tools.linux_11.7.0.202209140929/tools/bin/../lib/gcc/arm-none-eabi/10.3.1/../../../../arm-none-eabi/lib/thumb/v6-m/nofp/libcr_c.a(_writebuf.o)
 .comment       0x0000000000000049       0x4a /usr/local/mcuxpressoide-11.7.0_9198/ide/plugins/com.nxp.mcuxpresso.tools.linux_11.7.0.202209140929/tools/bin/../lib/gcc/arm-none-eabi/10.3.1/../../../../arm-none-eabi/lib/thumb/v6-m/nofp/libcr_c.a(alloc.o)
 .comment       0x0000000000000049       0x4a /usr/local/mcuxpressoide-11.7.0_9198/ide/plugins/com.nxp.mcuxpresso.tools.linux_11.7.0.202209140929/tools/bin/../lib/gcc/arm-none-eabi/10.3.1/../../../../arm-none-eabi/lib/thumb/v6-m/nofp/libcr_c.a(fputs.o)
 .comment       0x0000000000000049       0x4a /usr/local/mcuxpressoide-11.7.0_9198/ide/plugins/com.nxp.mcuxpresso.tools.linux_11.7.0.202209140929/tools/bin/../lib/gcc/arm-none-eabi/10.3.1/../../../../arm-none-eabi/lib/thumb/v6-m/nofp/libcr_c.a(fseek.o)
 .comment       0x0000000000000049       0x4a /usr/local/mcuxpressoide-11.7.0_9198/ide/plugins/com.nxp.mcuxpresso.tools.linux_11.7.0.202209140929/tools/bin/../lib/gcc/arm-none-eabi/10.3.1/../../../../arm-none-eabi/lib/thumb/v6-m/nofp/libcr_c.a(ftell.o)
 .comment       0x0000000000000049       0x4a /usr/local/mcuxpressoide-11.7.0_9198/ide/plugins/com.nxp.mcuxpresso.tools.linux_11.7.0.202209140929/tools/bin/../lib/gcc/arm-none-eabi/10.3.1/../../../../arm-none-eabi/lib/thumb/v6-m/nofp/libcr_c.a(initio.o)
 .comment       0x0000000000000049       0x4a /usr/local/mcuxpressoide-11.7.0_9198/ide/plugins/com.nxp.mcuxpresso.tools.linux_11.7.0.202209140929/tools/bin/../lib/gcc/arm-none-eabi/10.3.1/../../../../arm-none-eabi/lib/thumb/v6-m/nofp/libcr_c.a(printf.o)
 .comment       0x0000000000000049       0x4a /usr/local/mcuxpressoide-11.7.0_9198/ide/plugins/com.nxp.mcuxpresso.tools.linux_11.7.0.202209140929/tools/bin/../lib/gcc/arm-none-eabi/10.3.1/../../../../arm-none-eabi/lib/thumb/v6-m/nofp/libcr_c.a(setvbuf.o)
 .comment       0x0000000000000049       0x4a /usr/local/mcuxpressoide-11.7.0_9198/ide/plugins/com.nxp.mcuxpresso.tools.linux_11.7.0.202209140929/tools/bin/../lib/gcc/arm-none-eabi/10.3.1/../../../../arm-none-eabi/lib/thumb/v6-m/nofp/libcr_c.a(strcpy.o)
 .comment       0x0000000000000049       0x4a /usr/local/mcuxpressoide-11.7.0_9198/ide/plugins/com.nxp.mcuxpresso.tools.linux_11.7.0.202209140929/tools/bin/../lib/gcc/arm-none-eabi/10.3.1/../../../../arm-none-eabi/lib/thumb/v6-m/nofp/libcr_c.a(strlen.o)
 .comment       0x0000000000000049       0x4a /usr/local/mcuxpressoide-11.7.0_9198/ide/plugins/com.nxp.mcuxpresso.tools.linux_11.7.0.202209140929/tools/bin/../lib/gcc/arm-none-eabi/10.3.1/../../../../arm-none-eabi/lib/thumb/v6-m/nofp/libcr_c.a(strncmp.o)
 .comment       0x0000000000000049       0x4a /usr/local/mcuxpressoide-11.7.0_9198/ide/plugins/com.nxp.mcuxpresso.tools.linux_11.7.0.202209140929/tools/bin/../lib/gcc/arm-none-eabi/10.3.1/../../../../arm-none-eabi/lib/thumb/v6-m/nofp/libcr_c.a(__init_alloc.o)
 .comment       0x0000000000000049       0x4a /usr/local/mcuxpressoide-11.7.0_9198/ide/plugins/com.nxp.mcuxpresso.tools.linux_11.7.0.202209140929/tools/bin/../lib/gcc/arm-none-eabi/10.3.1/../../../../arm-none-eabi/lib/thumb/v6-m/nofp/libcr_c.a(_cr_sbrk.o)
 .comment       0x0000000000000049       0x4a /usr/local/mcuxpressoide-11.7.0_9198/ide/plugins/com.nxp.mcuxpresso.tools.linux_11.7.0.202209140929/tools/bin/../lib/gcc/arm-none-eabi/10.3.1/../../../../arm-none-eabi/lib/thumb/v6-m/nofp/libcr_c.a(_fdopen.o)
 .comment       0x0000000000000049       0x4a /usr/local/mcuxpressoide-11.7.0_9198/ide/plugins/com.nxp.mcuxpresso.tools.linux_11.7.0.202209140929/tools/bin/../lib/gcc/arm-none-eabi/10.3.1/../../../../arm-none-eabi/lib/thumb/v6-m/nofp/libcr_c.a(errno.o)
 .comment       0x0000000000000049       0x4a /usr/local/mcuxpressoide-11.7.0_9198/ide/plugins/com.nxp.mcuxpresso.tools.linux_11.7.0.202209140929/tools/bin/../lib/gcc/arm-none-eabi/10.3.1/../../../../arm-none-eabi/lib/thumb/v6-m/nofp/libcr_c.a(fclose.o)
 .comment       0x0000000000000049       0x4a /usr/local/mcuxpressoide-11.7.0_9198/ide/plugins/com.nxp.mcuxpresso.tools.linux_11.7.0.202209140929/tools/bin/../lib/gcc/arm-none-eabi/10.3.1/../../../../arm-none-eabi/lib/thumb/v6-m/nofp/libcr_c.a(fflush.o)
 .comment       0x0000000000000049       0x4a /usr/local/mcuxpressoide-11.7.0_9198/ide/plugins/com.nxp.mcuxpresso.tools.linux_11.7.0.202209140929/tools/bin/../lib/gcc/arm-none-eabi/10.3.1/../../../../arm-none-eabi/lib/thumb/v6-m/nofp/libcr_c.a(remove.o)
 .comment       0x0000000000000049       0x4a /usr/local/mcuxpressoide-11.7.0_9198/ide/plugins/com.nxp.mcuxpresso.tools.linux_11.7.0.202209140929/tools/bin/../lib/gcc/arm-none-eabi/10.3.1/../../../../arm-none-eabi/lib/thumb/v6-m/nofp/libcr_c.a(_cr_check_heap.o)
 .comment       0x0000000000000049       0x4a /usr/local/mcuxpressoide-11.7.0_9198/ide/plugins/com.nxp.mcuxpresso.tools.linux_11.7.0.202209140929/tools/bin/../lib/gcc/arm-none-eabi/10.3.1/../../../../arm-none-eabi/lib/thumb/v6-m/nofp/libcr_c.a(_do_fflush.o)

.ARM.attributes
                0x0000000000000000       0x2a
 .ARM.attributes
                0x0000000000000000       0x2c ./startup/startup_mkl46z4.o
 .ARM.attributes
                0x000000000000002c       0x2c ./source/fsm/fsm_frameDetection.o
 .ARM.attributes
                0x0000000000000058       0x2c ./source/fsm/fsm_mode.o
 .ARM.attributes
                0x0000000000000084       0x2c ./source/fsm/interactor.o
 .ARM.attributes
                0x00000000000000b0       0x2c ./source/efHal/ringBuffer.o
 .ARM.attributes
                0x00000000000000dc       0x2c ./source/efHal/uart_ringBufer.o
 .ARM.attributes
                0x0000000000000108       0x2c ./source/bsp_kl46/SD2_I2C.o
 .ARM.attributes
                0x0000000000000134       0x2c ./source/bsp_kl46/SD2_board.o
 .ARM.attributes
                0x0000000000000160       0x2c ./source/bsp_kl46/key.o
 .ARM.attributes
                0x000000000000018c       0x2c ./source/bsp_kl46/mma8451.o
 .ARM.attributes
                0x00000000000001b8       0x2c ./source/main.o
 .ARM.attributes
                0x00000000000001e4       0x2c ./source/mtb.o
 .ARM.attributes
                0x0000000000000210       0x2c ./source/semihost_hardfault.o
 .ARM.attributes
                0x000000000000023c       0x2c ./drivers/fsl_clock.o
 .ARM.attributes
                0x0000000000000268       0x2c ./drivers/fsl_dma.o
 .ARM.attributes
                0x0000000000000294       0x2c ./drivers/fsl_dmamux.o
 .ARM.attributes
                0x00000000000002c0       0x2c ./drivers/fsl_gpio.o
 .ARM.attributes
                0x00000000000002ec       0x2c ./drivers/fsl_i2c.o
 .ARM.attributes
                0x0000000000000318       0x2c ./drivers/fsl_lpsci.o
 .ARM.attributes
                0x0000000000000344       0x2c ./drivers/fsl_uart.o
 .ARM.attributes
                0x0000000000000370       0x2c ./drivers/fsl_uart_dma.o
 .ARM.attributes
                0x000000000000039c       0x2c ./board/clock_config.o
 .ARM.attributes
                0x00000000000003c8       0x2c ./CMSIS/system_MKL46Z4.o
 .ARM.attributes
                0x00000000000003f4       0x2c /usr/local/mcuxpressoide-11.7.0_9198/ide/plugins/com.nxp.mcuxpresso.tools.linux_11.7.0.202209140929/tools/bin/../lib/gcc/arm-none-eabi/10.3.1/../../../../arm-none-eabi/lib/thumb/v6-m/nofp/libcr_semihost_nf.a(_cr__main.o)
 .ARM.attributes
                0x0000000000000420       0x2c /usr/local/mcuxpressoide-11.7.0_9198/ide/plugins/com.nxp.mcuxpresso.tools.linux_11.7.0.202209140929/tools/bin/../lib/gcc/arm-none-eabi/10.3.1/../../../../arm-none-eabi/lib/thumb/v6-m/nofp/libcr_semihost_nf.a(_cr_assert.o)
 .ARM.attributes
                0x000000000000044c       0x2c /usr/local/mcuxpressoide-11.7.0_9198/ide/plugins/com.nxp.mcuxpresso.tools.linux_11.7.0.202209140929/tools/bin/../lib/gcc/arm-none-eabi/10.3.1/../../../../arm-none-eabi/lib/thumb/v6-m/nofp/libcr_semihost_nf.a(__ciob.o)
 .ARM.attributes
                0x0000000000000478       0x1c /usr/local/mcuxpressoide-11.7.0_9198/ide/plugins/com.nxp.mcuxpresso.tools.linux_11.7.0.202209140929/tools/bin/../lib/gcc/arm-none-eabi/10.3.1/../../../../arm-none-eabi/lib/thumb/v6-m/nofp/libcr_semihost_nf.a(__sys_appexit.o)
 .ARM.attributes
                0x0000000000000494       0x2c /usr/local/mcuxpressoide-11.7.0_9198/ide/plugins/com.nxp.mcuxpresso.tools.linux_11.7.0.202209140929/tools/bin/../lib/gcc/arm-none-eabi/10.3.1/../../../../arm-none-eabi/lib/thumb/v6-m/nofp/libcr_c.a(memcpy.o)
 .ARM.attributes
                0x00000000000004c0       0x2c /usr/local/mcuxpressoide-11.7.0_9198/ide/plugins/com.nxp.mcuxpresso.tools.linux_11.7.0.202209140929/tools/bin/../lib/gcc/arm-none-eabi/10.3.1/../../../../arm-none-eabi/lib/thumb/v6-m/nofp/libcr_c.a(memset.o)
 .ARM.attributes
                0x00000000000004ec       0x2c /usr/local/mcuxpressoide-11.7.0_9198/ide/plugins/com.nxp.mcuxpresso.tools.linux_11.7.0.202209140929/tools/bin/../lib/gcc/arm-none-eabi/10.3.1/../../../../arm-none-eabi/lib/thumb/v6-m/nofp/libcr_c.a(_deferredlazyseek.o)
 .ARM.attributes
                0x0000000000000518       0x2c /usr/local/mcuxpressoide-11.7.0_9198/ide/plugins/com.nxp.mcuxpresso.tools.linux_11.7.0.202209140929/tools/bin/../lib/gcc/arm-none-eabi/10.3.1/../../../../arm-none-eabi/lib/thumb/v6-m/nofp/libcr_c.a(_fflush.o)
 .ARM.attributes
                0x0000000000000544       0x2c /usr/local/mcuxpressoide-11.7.0_9198/ide/plugins/com.nxp.mcuxpresso.tools.linux_11.7.0.202209140929/tools/bin/../lib/gcc/arm-none-eabi/10.3.1/../../../../arm-none-eabi/lib/thumb/v6-m/nofp/libcr_c.a(_writebuf.o)
 .ARM.attributes
                0x0000000000000570       0x2c /usr/local/mcuxpressoide-11.7.0_9198/ide/plugins/com.nxp.mcuxpresso.tools.linux_11.7.0.202209140929/tools/bin/../lib/gcc/arm-none-eabi/10.3.1/../../../../arm-none-eabi/lib/thumb/v6-m/nofp/libcr_c.a(alloc.o)
 .ARM.attributes