Archive member included to satisfy reference by file (symbol)

/usr/local/mcuxpressoide-11.7.0_9198/ide/plugins/com.nxp.mcuxpresso.tools.linux_11.7.0.202209140929/tools/bin/../lib/gcc/arm-none-eabi/10.3.1/../../../../arm-none-eabi/lib/thumb/v6-m/nofp/libcr_semihost_nf.a(_cr__main.o)
                              ./startup/startup_mkl46z4.o (__main)
/usr/local/mcuxpressoide-11.7.0_9198/ide/plugins/com.nxp.mcuxpresso.tools.linux_11.7.0.202209140929/tools/bin/../lib/gcc/arm-none-eabi/10.3.1/../../../../arm-none-eabi/lib/thumb/v6-m/nofp/libcr_semihost_nf.a(_cr_assert.o)
                              ./utilities/fsl_debug_console.o (__assertion_failed)
/usr/local/mcuxpressoide-11.7.0_9198/ide/plugins/com.nxp.mcuxpresso.tools.linux_11.7.0.202209140929/tools/bin/../lib/gcc/arm-none-eabi/10.3.1/../../../../arm-none-eabi/lib/thumb/v6-m/nofp/libcr_semihost_nf.a(__ciob.o)
                              /usr/local/mcuxpressoide-11.7.0_9198/ide/plugins/com.nxp.mcuxpresso.tools.linux_11.7.0.202209140929/tools/bin/../lib/gcc/arm-none-eabi/10.3.1/../../../../arm-none-eabi/lib/thumb/v6-m/nofp/libcr_semihost_nf.a(_cr_assert.o) (__Ciob)
/usr/local/mcuxpressoide-11.7.0_9198/ide/plugins/com.nxp.mcuxpresso.tools.linux_11.7.0.202209140929/tools/bin/../lib/gcc/arm-none-eabi/10.3.1/../../../../arm-none-eabi/lib/thumb/v6-m/nofp/libcr_semihost_nf.a(__sys_appexit.o)
                              /usr/local/mcuxpressoide-11.7.0_9198/ide/plugins/com.nxp.mcuxpresso.tools.linux_11.7.0.202209140929/tools/bin/../lib/gcc/arm-none-eabi/10.3.1/../../../../arm-none-eabi/lib/thumb/v6-m/nofp/libcr_semihost_nf.a(_cr_assert.o) (__sys_appexit)
/usr/local/mcuxpressoide-11.7.0_9198/ide/plugins/com.nxp.mcuxpresso.tools.linux_11.7.0.202209140929/tools/bin/../lib/gcc/arm-none-eabi/10.3.1/../../../../arm-none-eabi/lib/thumb/v6-m/nofp/libcr_c.a(memcpy.o)
                              ./source/efHal/uart_ringBufer.o (memcpy)
/usr/local/mcuxpressoide-11.7.0_9198/ide/plugins/com.nxp.mcuxpresso.tools.linux_11.7.0.202209140929/tools/bin/../lib/gcc/arm-none-eabi/10.3.1/../../../../arm-none-eabi/lib/thumb/v6-m/nofp/libcr_c.a(memset.o)
                              ./source/efHal/display/oled.o (memset)
/usr/local/mcuxpressoide-11.7.0_9198/ide/plugins/com.nxp.mcuxpresso.tools.linux_11.7.0.202209140929/tools/bin/../lib/gcc/arm-none-eabi/10.3.1/../../../../arm-none-eabi/lib/thumb/v6-m/nofp/libcr_c.a(_deferredlazyseek.o)
                              /usr/local/mcuxpressoide-11.7.0_9198/ide/plugins/com.nxp.mcuxpresso.tools.linux_11.7.0.202209140929/tools/bin/../lib/gcc/arm-none-eabi/10.3.1/../../../../arm-none-eabi/lib/thumb/v6-m/nofp/libcr_semihost_nf.a(_cr_assert.o) (__flsbuf)
/usr/local/mcuxpressoide-11.7.0_9198/ide/plugins/com.nxp.mcuxpresso.tools.linux_11.7.0.202209140929/tools/bin/../lib/gcc/arm-none-eabi/10.3.1/../../../../arm-none-eabi/lib/thumb/v6-m/nofp/libcr_c.a(_fflush.o)
                              /usr/local/mcuxpressoide-11.7.0_9198/ide/plugins/com.nxp.mcuxpresso.tools.linux_11.7.0.202209140929/tools/bin/../lib/gcc/arm-none-eabi/10.3.1/../../../../arm-none-eabi/lib/thumb/v6-m/nofp/libcr_c.a(_deferredlazyseek.o) (_fflush)
/usr/local/mcuxpressoide-11.7.0_9198/ide/plugins/com.nxp.mcuxpresso.tools.linux_11.7.0.202209140929/tools/bin/../lib/gcc/arm-none-eabi/10.3.1/../../../../arm-none-eabi/lib/thumb/v6-m/nofp/libcr_c.a(_writebuf.o)
                              /usr/local/mcuxpressoide-11.7.0_9198/ide/plugins/com.nxp.mcuxpresso.tools.linux_11.7.0.202209140929/tools/bin/../lib/gcc/arm-none-eabi/10.3.1/../../../../arm-none-eabi/lib/thumb/v6-m/nofp/libcr_c.a(_deferredlazyseek.o) (_Cwritebuf)
/usr/local/mcuxpressoide-11.7.0_9198/ide/plugins/com.nxp.mcuxpresso.tools.linux_11.7.0.202209140929/tools/bin/../lib/gcc/arm-none-eabi/10.3.1/../../../../arm-none-eabi/lib/thumb/v6-m/nofp/libcr_c.a(alloc.o)
                              ./source/efHal/ringBuffer.o (malloc)
/usr/local/mcuxpressoide-11.7.0_9198/ide/plugins/com.nxp.mcuxpresso.tools.linux_11.7.0.202209140929/tools/bin/../lib/gcc/arm-none-eabi/10.3.1/../../../../arm-none-eabi/lib/thumb/v6-m/nofp/libcr_c.a(fputs.o)
                              /usr/local/mcuxpressoide-11.7.0_9198/ide/plugins/com.nxp.mcuxpresso.tools.linux_11.7.0.202209140929/tools/bin/../lib/gcc/arm-none-eabi/10.3.1/../../../../arm-none-eabi/lib/thumb/v6-m/nofp/libcr_semihost_nf.a(_cr_assert.o) (fputs)
/usr/local/mcuxpressoide-11.7.0_9198/ide/plugins/com.nxp.mcuxpresso.tools.linux_11.7.0.202209140929/tools/bin/../lib/gcc/arm-none-eabi/10.3.1/../../../../arm-none-eabi/lib/thumb/v6-m/nofp/libcr_c.a(fseek.o)
                              /usr/local/mcuxpressoide-11.7.0_9198/ide/plugins/com.nxp.mcuxpresso.tools.linux_11.7.0.202209140929/tools/bin/../lib/gcc/arm-none-eabi/10.3.1/../../../../arm-none-eabi/lib/thumb/v6-m/nofp/libcr_c.a(_deferredlazyseek.o) (fseek)
[...]
Memory Configuration

Name             Origin             Length             Attributes
PROGRAM_FLASH    0x0000000000000000 0x0000000000040000 xr
SRAM             0x000000001fffe000 0x0000000000008000 xrw
*default*        0x0000000000000000 0xffffffffffffffff

Linker script and memory map

LOAD ./utilities/fsl_debug_console.o
LOAD ./utilities/fsl_io.o
LOAD ./utilities/fsl_log.o
LOAD ./utilities/fsl_str.o
LOAD ./startup/startup_mkl46z4.o
LOAD ./source/fsm/fsm_frameDetection.o
LOAD ./source/fsm/fsm_mode.o
LOAD ./source/fsm/interactor.o
LOAD ./source/efHal/display/font5x7.o
LOAD ./source/efHal/display/oled.o
LOAD ./source/efHal/ringBuffer.o
LOAD ./source/efHal/uart_ringBufer.o
LOAD ./source/bsp_kl46/SD2_I2C.o
LOAD ./source/bsp_kl46/SD2_board.o
LOAD ./source/bsp_kl46/key.o
LOAD ./source/bsp_kl46/mma8451.o
LOAD ./source/main.o
LOAD ./source/mtb.o
LOAD ./source/semihost_hardfault.o
LOAD ./drivers/fsl_clock.o
LOAD ./drivers/fsl_common.o
LOAD ./drivers/fsl_dma.o
LOAD ./drivers/fsl_dmamux.o
LOAD ./drivers/fsl_ftfx_cache.o
LOAD ./drivers/fsl_ftfx_controller.o
LOAD ./drivers/fsl_ftfx_flash.o
LOAD ./drivers/fsl_ftfx_flexnvm.o
LOAD ./drivers/fsl_gpio.o
LOAD ./drivers/fsl_i2c.o
LOAD ./drivers/fsl_lpsci.o
LOAD ./drivers/fsl_smc.o
LOAD ./drivers/fsl_spi.o
LOAD ./drivers/fsl_uart.o
LOAD ./drivers/fsl_uart_dma.o
LOAD ./board/board.o
LOAD ./board/clock_config.o
LOAD ./board/peripherals.o
LOAD ./board/pin_mux.o
LOAD ./CMSIS/system_MKL46Z4.o
START GROUP
LOAD /usr/local/mcuxpressoide-11.7.0_9198/ide/plugins/com.nxp.mcuxpresso.tools.linux_11.7.0.202209140929/tools/bin/../lib/gcc/arm-none-eabi/10.3.1/../../../../arm-none-eabi/lib/thumb/v6-m/nofp/libcr_semihost_nf.a
LOAD /usr/local/mcuxpressoide-11.7.0_9198/ide/plugins/com.nxp.mcuxpresso.tools.linux_11.7.0.202209140929/tools/bin/../lib/gcc/arm-none-eabi/10.3.1/../../../../arm-none-eabi/lib/thumb/v6-m/nofp/libcr_c.a
LOAD /usr/local/mcuxpressoide-11.7.0_9198/ide/plugins/com.nxp.mcuxpresso.tools.linux_11.7.0.202209140929/tools/bin/../lib/gcc/arm-none-eabi/10.3.1/thumb/v6-m/nofp/libcr_eabihelpers.a
LOAD /usr/local/mcuxpressoide-11.7.0_9198/ide/plugins/com.nxp.mcuxpresso.tools.linux_11.7.0.202209140929/tools/bin/../lib/gcc/arm-none-eabi/10.3.1/thumb/v6-m/nofp/libgcc.a
END GROUP
                0x0000000000000000                __base_PROGRAM_FLASH = 0x0
                0x0000000000000000                __base_Flash = 0x0
                0x0000000000040000                __top_PROGRAM_FLASH = 0x40000
                0x0000000000040000                __top_Flash = 0x40000
                0x000000001fffe000                __base_SRAM = 0x1fffe000
                0x000000001fffe000                __base_RAM = 0x1fffe000
                0x0000000020006000                __top_SRAM = 0x20006000
                0x0000000020006000                __top_RAM = 0x20006000

.text           0x0000000000000000     0x7884
 FILL mask 0xff
                0x0000000000000000                __vectors_start__ = ABSOLUTE (.)
 *(SORT_BY_ALIGNMENT(.isr_vector))
 .isr_vector    0x0000000000000000       0xc0 ./startup/startup_mkl46z4.o
                0x0000000000000000                __Vectors
                0x0000000000000000                g_pfnVectors
                0x00000000000000c0                . = ALIGN (0x4)
                0x00000000000000c0                __section_table_start = .
                0x00000000000000c0                __data_section_table = .
                0x00000000000000c0        0x4 LONG 0x7884 LOADADDR (.data)
                0x00000000000000c4        0x4 LONG 0x1fffe080 ADDR (.data)
                0x00000000000000c8        0x4 LONG 0x10 SIZEOF (.data)
                0x00000000000000cc                __data_section_table_end = .
                0x00000000000000cc                __bss_section_table = .
                0x00000000000000cc        0x4 LONG 0x1fffe090 ADDR (.bss)
                0x00000000000000d0        0x4 LONG 0x5c8 SIZEOF (.bss)
                0x00000000000000d4                __bss_section_table_end = .
                0x00000000000000d4                __section_table_end = .
 *(SORT_BY_ALIGNMENT(.after_vectors*))
 .after_vectors.reset
                0x00000000000000d4       0x4c ./startup/startup_mkl46z4.o
                0x00000000000000d4                ResetISR
 .after_vectors.init_data
                0x0000000000000120       0x12 ./startup/startup_mkl46z4.o
                0x0000000000000120                data_init
 .after_vectors.init_bss
                0x0000000000000132       0x10 ./startup/startup_mkl46z4.o
                0x0000000000000132                bss_init
 .after_vectors
                0x0000000000000142      0x10c ./startup/startup_mkl46z4.o
                0x0000000000000142                NMI_Handler
                0x0000000000000146                SVC_Handler
                0x0000000000000148                PendSV_Handler
                0x000000000000014c                PIT_DriverIRQHandler
                0x000000000000014c                LPTMR0_DriverIRQHandler
                0x000000000000014c                PORTC_PORTD_DriverIRQHandler
                0x000000000000014c                I2S0_DriverIRQHandler
                0x000000000000014c                TPM2_DriverIRQHandler
                0x000000000000014c                TSI0_DriverIRQHandler
                0x000000000000014c                RTC_Seconds_DriverIRQHandler
                0x000000000000014c                LLWU_DriverIRQHandler
                0x000000000000014c                MCG_DriverIRQHandler
                0x000000000000014c                FTFA_DriverIRQHandler
                0x000000000000014c                IntDefaultHandler
                0x000000000000014c                USB0_DriverIRQHandler
                0x000000000000014c                DAC0_DriverIRQHandler
                0x000000000000014c                LVD_LVW_DriverIRQHandler
                0x000000000000014c                TPM0_DriverIRQHandler
                0x000000000000014c                Reserved20_DriverIRQHandler
                0x000000000000014c                PORTA_DriverIRQHandler
                0x000000000000014c                TPM1_DriverIRQHandler
                0x000000000000014c                RTC_DriverIRQHandler
                0x000000000000014c                LCD_DriverIRQHandler
                0x000000000000014c                ADC0_DriverIRQHandler
                0x000000000000014c                CMP0_DriverIRQHandler
                0x000000000000014e                DMA0_IRQHandler
                0x0000000000000156                DMA1_IRQHandler
                0x000000000000015e                DMA2_IRQHandler
                0x0000000000000166                DMA3_IRQHandler
                0x000000000000016e                Reserved20_IRQHandler
                0x0000000000000176                FTFA_IRQHandler
                0x000000000000017e                LVD_LVW_IRQHandler
                0x0000000000000186                LLWU_IRQHandler
                0x000000000000018e                I2C0_IRQHandler
                0x0000000000000196                I2C1_IRQHandler
                0x000000000000019e                SPI0_IRQHandler
                0x00000000000001a6                SPI1_IRQHandler
                0x00000000000001ae                UART0_IRQHandler
                0x00000000000001be                UART2_IRQHandler
                0x00000000000001c6                ADC0_IRQHandler
                0x00000000000001ce                CMP0_IRQHandler
                0x00000000000001d6                TPM0_IRQHandler
                0x00000000000001de                TPM1_IRQHandler
                0x00000000000001e6                TPM2_IRQHandler
                0x00000000000001ee                RTC_IRQHandler
                0x00000000000001f6                RTC_Seconds_IRQHandler
                0x00000000000001fe                PIT_IRQHandler
                0x0000000000000206                I2S0_IRQHandler
                0x000000000000020e                USB0_IRQHandler
                0x0000000000000216                DAC0_IRQHandler
                0x000000000000021e                TSI0_IRQHandler
                0x0000000000000226                MCG_IRQHandler
                0x000000000000022e                LPTMR0_IRQHandler
                0x0000000000000236                LCD_IRQHandler
                0x000000000000023e                PORTA_IRQHandler
                0x0000000000000400                . = 0x400
 *fill*         0x000000000000024e      0x1b2 ff
                0x0000000000000400                PROVIDE (__FLASH_CONFIG_START__ = .)
 *(SORT_BY_ALIGNMENT(.FlashConfig))
 .FlashConfig   0x0000000000000400       0x10 ./startup/startup_mkl46z4.o
                0x0000000000000400                Flash_Config
                0x0000000000000410                PROVIDE (__FLASH_CONFIG_END__ = .)
                0x0000000000000001                ASSERT (! ((__FLASH_CONFIG_START__ == __FLASH_CONFIG_END__)), Linker Flash Config Support Enabled, but no .FlashConfig section provided within application)
 *(SORT_BY_ALIGNMENT(.text*))
 .text.receiveFrame
                0x0000000000000410       0x78 ./source/fsm/fsm_frameDetection.o
                0x0000000000000410                receiveFrame
 .text.fsm_frameDetection_execute
                0x0000000000000488       0xdc ./source/fsm/fsm_frameDetection.o
                0x0000000000000488                fsm_frameDetection_execute
 .text.fsm_frameDetection_handle
                0x0000000000000564       0x5c ./source/fsm/fsm_frameDetection.o
                0x0000000000000564                fsm_frameDetection_handle
 .text.fsm_mode_init
                0x00000000000005c0       0x30 ./source/fsm/fsm_mode.o
                0x00000000000005c0                fsm_mode_init
 .text.fsm_mode_execute
                0x00000000000005f0       0x8c ./source/fsm/fsm_mode.o
                0x00000000000005f0                fsm_mode_execute
 .text.get_bufferEnv
                0x000000000000067c       0x10 ./source/fsm/interactor.o
                0x000000000000067c                get_bufferEnv
 .text.isFrameRecieved
                0x000000000000068c       0x24 ./source/fsm/interactor.o
                0x000000000000068c                isFrameRecieved
 .text.storeReceivedFrame
                0x00000000000006b0       0x38 ./source/fsm/interactor.o
                0x00000000000006b0                storeReceivedFrame
 .text.LEDS     0x00000000000006e8       0xc4 ./source/fsm/interactor.o
                0x00000000000006e8                LEDS
 .text.SWITCH   0x00000000000007ac       0x90 ./source/fsm/interactor.o
                0x00000000000007ac                SWITCH
 .text.ACELEROM
                0x000000000000083c       0x5c ./source/fsm/interactor.o
                0x000000000000083c                ACELEROM
 .text.processFrame
                0x0000000000000898       0x3c ./source/fsm/interactor.o
                0x0000000000000898                processFrame
 .text.oled_init
                0x00000000000008d4       0x50 ./source/efHal/display/oled.o
                0x00000000000008d4                oled_init
 .text.oled_putPixel
                0x0000000000000924      0x1bc ./source/efHal/display/oled.o
                0x0000000000000924                oled_putPixel
 .text.oled_clearScreen
                0x0000000000000ae0       0x84 ./source/efHal/display/oled.o
                0x0000000000000ae0                oled_clearScreen
 .text.oled_putChar
                0x0000000000000b64      0x148 ./source/efHal/display/oled.o
                0x0000000000000b64                oled_putChar
 .text.__NVIC_EnableIRQ
                0x0000000000000cac       0x34 ./source/efHal/uart_ringBufer.o
 .text.__NVIC_DisableIRQ
                0x0000000000000ce0       0x44 ./source/efHal/uart_ringBufer.o
 .text.DMAMUX_EnableChannel
                0x0000000000000d24       0x40 ./source/efHal/uart_ringBufer.o
 .text.DMAMUX_SetSource
                0x0000000000000d64       0x50 ./source/efHal/uart_ringBufer.o
 .text.UART_UserCallback
                0x0000000000000db4       0x2c ./source/efHal/uart_ringBufer.o
 .text.uart_ringBuffer_init
                0x0000000000000de0       0xd0 ./source/efHal/uart_ringBufer.o
                0x0000000000000de0                uart_ringBuffer_init
 .text.uart_ringBuffer_recDatos
                0x0000000000000eb0       0x6c ./source/efHal/uart_ringBufer.o
                0x0000000000000eb0                uart_ringBuffer_recDatos
 .text.uart_dma_envDatos
                0x0000000000000f1c       0x80 ./source/efHal/uart_ringBufer.o
                0x0000000000000f1c                uart_dma_envDatos
 .text.UART1_IRQHandler
                0x0000000000000f9c       0xe0 ./source/efHal/uart_ringBufer.o
                0x0000000000000f9c                UART1_IRQHandler
 .text.CLOCK_EnableClock
                0x000000000000107c       0x34 ./source/bsp_kl46/SD2_I2C.o
 .text.PORT_SetPinConfig
                0x00000000000010b0       0x38 ./source/bsp_kl46/SD2_I2C.o
 .text.I2C_releaseBus
                0x00000000000010e8      0x124 ./source/bsp_kl46/SD2_I2C.o
 .text.I2C_configPins
                0x000000000000120c       0x80 ./source/bsp_kl46/SD2_I2C.o
 .text.SD2_I2C_init
                0x000000000000128c       0x44 ./source/bsp_kl46/SD2_I2C.o
                0x000000000000128c                SD2_I2C_init
 .text.CLOCK_EnableClock
                0x00000000000012d0       0x34 ./source/bsp_kl46/SD2_board.o
 .text.PORT_SetPinConfig
                0x0000000000001304       0x38 ./source/bsp_kl46/SD2_board.o
 .text.PORT_SetPinMux
                0x000000000000133c       0x40 ./source/bsp_kl46/SD2_board.o
 .text.board_init
                0x000000000000137c      0x294 ./source/bsp_kl46/SD2_board.o
                0x000000000000137c                board_init
 .text.board_Tx_Rx_485_Enable
                0x0000000000001610       0x5c ./source/bsp_kl46/SD2_board.o
                0x0000000000001610                board_Tx_Rx_485_Enable
 .text.board_setLed
                0x000000000000166c       0xd8 ./source/bsp_kl46/SD2_board.o
                0x000000000000166c                board_setLed
 .text.board_getSw
                0x0000000000001744       0x50 ./source/bsp_kl46/SD2_board.o
                0x0000000000001744                board_getSw
 .text.board_configSPI0
                0x0000000000001794       0x90 ./source/bsp_kl46/SD2_board.o
                0x0000000000001794                board_configSPI0
 .text.board_SPISend
                0x0000000000001824       0x38 ./source/bsp_kl46/SD2_board.o
                0x0000000000001824                board_SPISend
 .text.board_setOledPin
                0x000000000000185c       0x50 ./source/bsp_kl46/SD2_board.o
                0x000000000000185c                board_setOledPin
 .text.key_init
                0x00000000000018ac       0x40 ./source/bsp_kl46/key.o
                0x00000000000018ac                key_init
 .text.key_getPressEv
                0x00000000000018ec       0x44 ./source/bsp_kl46/key.o
                0x00000000000018ec                key_getPressEv
 .text.key_periodicTask1ms
                0x0000000000001930       0x98 ./source/bsp_kl46/key.o
                0x0000000000001930                key_periodicTask1ms
 .text.__NVIC_EnableIRQ
                0x00000000000019c8       0x34 ./source/bsp_kl46/mma8451.o
 .text.__NVIC_SetPriority
                0x00000000000019fc       0xdc ./source/bsp_kl46/mma8451.o
 .text.PORT_SetPinConfig
                0x0000000000001ad8       0x38 ./source/bsp_kl46/mma8451.o
 .text.PORT_SetPinInterruptConfig
                0x0000000000001b10       0x40 ./source/bsp_kl46/mma8451.o
 .text.mma8451_read_reg
                0x0000000000001b50       0x68 ./source/bsp_kl46/mma8451.o
 .text.mma8451_read_reg_batch
                0x0000000000001bb8       0x6c ./source/bsp_kl46/mma8451.o
                0x0000000000001bb8                mma8451_read_reg_batch
 .text.mma8451_write_reg
                0x0000000000001c24       0x68 ./source/bsp_kl46/mma8451.o
 .text.config_port_int1
                0x0000000000001c8c       0x74 ./source/bsp_kl46/mma8451.o
 .text.mma8451_getAcX
                0x0000000000001d00       0x2c ./source/bsp_kl46/mma8451.o
                0x0000000000001d00                mma8451_getAcX
 .text.mma8451_getAcY
                0x0000000000001d2c       0x2c ./source/bsp_kl46/mma8451.o
                0x0000000000001d2c                mma8451_getAcY
 .text.mma8451_getAcZ
                0x0000000000001d58       0x2c ./source/bsp_kl46/mma8451.o
                0x0000000000001d58                mma8451_getAcZ
 .text.readAccelerationFromRegisters
                0x0000000000001d84       0xa0 ./source/bsp_kl46/mma8451.o
 .text.PORTC_PORTD_IRQHandler
                0x0000000000001e24       0x3c ./source/bsp_kl46/mma8451.o
                0x0000000000001e24                PORTC_PORTD_IRQHandler
 .text.__NVIC_SetPriority
                0x0000000000001e60       0xdc ./source/main.o
 .text.SysTick_Config
                0x0000000000001f3c       0x48 ./source/main.o
 .text.main     0x0000000000001f84       0x44 ./source/main.o
                0x0000000000001f84                main
 .text.HardFault_Handler
                0x0000000000001fc8       0x30 ./source/semihost_hardfault.o
                0x0000000000001fc8                HardFault_Handler
 .text.CLOCK_SetEr32kClock
                0x0000000000001ff8       0x34 ./drivers/fsl_clock.o
 .text.CLOCK_SetPllFllSelClock
                0x000000000000202c       0x38 ./drivers/fsl_clock.o
 .text.CLOCK_GetMcgExtClkFreq
                0x0000000000002064       0x28 ./drivers/fsl_clock.o
 .text.CLOCK_GetFllExtRefClkFreq
                0x000000000000208c       0xa8 ./drivers/fsl_clock.o
 .text.CLOCK_GetInternalRefClkSelectFreq
                0x0000000000002134       0x40 ./drivers/fsl_clock.o
 .text.CLOCK_GetFllRefClkFreq
                0x0000000000002174       0x2c ./drivers/fsl_clock.o
 .text.CLOCK_GetOscRangeFromFreq
                0x00000000000021a0       0x4c ./drivers/fsl_clock.o
 .text.CLOCK_GetOsc0ErClkFreq
                0x00000000000021ec       0x3c ./drivers/fsl_clock.o
                0x00000000000021ec                CLOCK_GetOsc0ErClkFreq
 .text.CLOCK_GetEr32kClkFreq
                0x0000000000002228       0x78 ./drivers/fsl_clock.o
                0x0000000000002228                CLOCK_GetEr32kClkFreq
 .text.CLOCK_GetPllFllSelClkFreq
                0x00000000000022a0       0x4c ./drivers/fsl_clock.o
                0x00000000000022a0                CLOCK_GetPllFllSelClkFreq
 .text.CLOCK_GetFreq
                0x00000000000022ec       0xe0 ./drivers/fsl_clock.o
                0x00000000000022ec                CLOCK_GetFreq
 .text.CLOCK_SetSimConfig
                0x00000000000023cc       0x38 ./drivers/fsl_clock.o
                0x00000000000023cc                CLOCK_SetSimConfig
 .text.CLOCK_GetOutClkFreq
                0x0000000000002404       0x78 ./drivers/fsl_clock.o
                0x0000000000002404                CLOCK_GetOutClkFreq
 .text.CLOCK_GetFllFreq
                0x000000000000247c       0x84 ./drivers/fsl_clock.o
                0x000000000000247c                CLOCK_GetFllFreq
 .text.CLOCK_GetInternalRefClkFreq
                0x0000000000002500       0x28 ./drivers/fsl_clock.o
                0x0000000000002500                CLOCK_GetInternalRefClkFreq
 .text.CLOCK_GetPll0Freq
                0x0000000000002528       0x70 ./drivers/fsl_clock.o
                0x0000000000002528                CLOCK_GetPll0Freq
 .text.CLOCK_SetInternalRefClkConfig
                0x0000000000002598      0x124 ./drivers/fsl_clock.o
                0x0000000000002598                CLOCK_SetInternalRefClkConfig
 .text.CLOCK_EnablePll0
                0x00000000000026bc       0x94 ./drivers/fsl_clock.o
                0x00000000000026bc                CLOCK_EnablePll0
 .text.CLOCK_InitOsc0
                0x0000000000002750       0x94 ./drivers/fsl_clock.o
                0x0000000000002750                CLOCK_InitOsc0
 .text.CLOCK_SetPbeMode
                0x00000000000027e4       0xb0 ./drivers/fsl_clock.o
                0x00000000000027e4                CLOCK_SetPbeMode
 .text.CLOCK_BootToPeeMode
                0x0000000000002894       0x70 ./drivers/fsl_clock.o
                0x0000000000002894                CLOCK_BootToPeeMode
 .text.__NVIC_EnableIRQ
                0x0000000000002904       0x34 ./drivers/fsl_dma.o
 .text.CLOCK_EnableClock
                0x0000000000002938       0x34 ./drivers/fsl_dma.o
 .text.DMA_EnableInterrupts
                0x000000000000296c       0x4c ./drivers/fsl_dma.o
 .text.DMA_ClearChannelStatusFlags
                0x00000000000029b8       0x54 ./drivers/fsl_dma.o
 .text.DMA_GetInstance
                0x0000000000002a0c       0x48 ./drivers/fsl_dma.o
 .text.DMA_Init
                0x0000000000002a54       0x24 ./drivers/fsl_dma.o
                0x0000000000002a54                DMA_Init
 .text.DMA_ResetChannel
                0x0000000000002a78       0x90 ./drivers/fsl_dma.o
                0x0000000000002a78                DMA_ResetChannel
 .text.DMA_SetTransferConfig
                0x0000000000002b08       0xdc ./drivers/fsl_dma.o
                0x0000000000002b08                DMA_SetTransferConfig
 .text.DMA_CreateHandle
                0x0000000000002be4       0x90 ./drivers/fsl_dma.o
                0x0000000000002be4                DMA_CreateHandle
 .text.DMA_PrepareTransfer
                0x0000000000002c74      0x144 ./drivers/fsl_dma.o
                0x0000000000002c74                DMA_PrepareTransfer
 .text.DMA_SetCallback
                0x0000000000002db8       0x34 ./drivers/fsl_dma.o
                0x0000000000002db8                DMA_SetCallback
 .text.DMA_SubmitTransfer
                0x0000000000002dec       0x9c ./drivers/fsl_dma.o
                0x0000000000002dec                DMA_SubmitTransfer
 .text.DMA_HandleIRQ
                0x0000000000002e88       0x4c ./drivers/fsl_dma.o
                0x0000000000002e88                DMA_HandleIRQ
 .text.DMA0_DriverIRQHandler
                0x0000000000002ed4       0x18 ./drivers/fsl_dma.o
                0x0000000000002ed4                DMA0_DriverIRQHandler
 .text.DMA1_DriverIRQHandler
                0x0000000000002eec       0x18 ./drivers/fsl_dma.o
                0x0000000000002eec                DMA1_DriverIRQHandler
 .text.DMA2_DriverIRQHandler
                0x0000000000002f04       0x18 ./drivers/fsl_dma.o
                0x0000000000002f04                DMA2_DriverIRQHandler
 .text.DMA3_DriverIRQHandler
                0x0000000000002f1c       0x18 ./drivers/fsl_dma.o
                0x0000000000002f1c                DMA3_DriverIRQHandler
 .text.CLOCK_EnableClock
                0x0000000000002f34       0x34 ./drivers/fsl_dmamux.o
 .text.DMAMUX_GetInstance
                0x0000000000002f68       0x48 ./drivers/fsl_dmamux.o
 .text.DMAMUX_Init
                0x0000000000002fb0       0x24 ./drivers/fsl_dmamux.o
                0x0000000000002fb0                DMAMUX_Init
 .text.GPIO_PinInit
                0x0000000000002fd4       0x64 ./drivers/fsl_gpio.o
                0x0000000000002fd4                GPIO_PinInit
 .text.CLOCK_EnableClock
                0x0000000000003038       0x34 ./drivers/fsl_i2c.o
 .text.I2C_GetInstance
                0x000000000000306c       0x4c ./drivers/fsl_i2c.o
                0x000000000000306c                I2C_GetInstance
 .text.I2C_CheckAndClearError
                0x00000000000030b8       0x40 ./drivers/fsl_i2c.o
 .text.I2C_TransferCommonIRQHandler
                0x00000000000030f8       0x58 ./drivers/fsl_i2c.o
 .text.I2C_MasterInit
                0x0000000000003150       0xfc ./drivers/fsl_i2c.o
                0x0000000000003150                I2C_MasterInit
 .text.I2C_MasterGetDefaultConfig
                0x000000000000324c       0x40 ./drivers/fsl_i2c.o
                0x000000000000324c                I2C_MasterGetDefaultConfig
 .text.I2C_MasterSetBaudRate
                0x000000000000328c       0xf0 ./drivers/fsl_i2c.o
                0x000000000000328c                I2C_MasterSetBaudRate
 .text.I2C_MasterStart
                0x000000000000337c       0x74 ./drivers/fsl_i2c.o
                0x000000000000337c                I2C_MasterStart
 .text.I2C_MasterRepeatedStart
                0x00000000000033f0       0xbc ./drivers/fsl_i2c.o
                0x00000000000033f0                I2C_MasterRepeatedStart
 .text.I2C_MasterWriteBlocking
                0x00000000000034ac       0xec ./drivers/fsl_i2c.o
                0x00000000000034ac                I2C_MasterWriteBlocking
 .text.I2C_MasterTransferBlocking
                0x0000000000003598      0x24c ./drivers/fsl_i2c.o
                0x0000000000003598                I2C_MasterTransferBlocking
 .text.I2C0_DriverIRQHandler
                0x00000000000037e4       0x20 ./drivers/fsl_i2c.o
                0x00000000000037e4                I2C0_DriverIRQHandler
 .text.I2C1_DriverIRQHandler
                0x0000000000003804       0x20 ./drivers/fsl_i2c.o
                0x0000000000003804                I2C1_DriverIRQHandler
 .text.UART0_DriverIRQHandler
                0x0000000000003824       0x24 ./drivers/fsl_lpsci.o
                0x0000000000003824                UART0_DriverIRQHandler
 .text.CLOCK_EnableClock
                0x0000000000003848       0x34 ./drivers/fsl_spi.o
 .text.SPI_GetInstance
                0x000000000000387c       0x4c ./drivers/fsl_spi.o
                0x000000000000387c                SPI_GetInstance
 .text.SPI_SetDummyData
                0x00000000000038c8       0x34 ./drivers/fsl_spi.o
                0x00000000000038c8                SPI_SetDummyData
 .text.SPI_WriteNonBlocking
                0x00000000000038fc       0xc4 ./drivers/fsl_spi.o
 .text.SPI_MasterGetDefaultConfig
                0x00000000000039c0       0x58 ./drivers/fsl_spi.o
                0x00000000000039c0                SPI_MasterGetDefaultConfig
 .text.SPI_MasterInit
                0x0000000000003a18      0x164 ./drivers/fsl_spi.o
                0x0000000000003a18                SPI_MasterInit
 .text.SPI_MasterTransferBlocking
                0x0000000000003b7c      0x100 ./drivers/fsl_spi.o
                0x0000000000003b7c                SPI_MasterTransferBlocking
 .text.SPI_CommonIRQHandler
                0x0000000000003c7c       0x54 ./drivers/fsl_spi.o
 .text.SPI0_DriverIRQHandler
                0x0000000000003cd0       0x30 ./drivers/fsl_spi.o
                0x0000000000003cd0                SPI0_DriverIRQHandler
 .text.SPI1_DriverIRQHandler
                0x0000000000003d00       0x30 ./drivers/fsl_spi.o
                0x0000000000003d00                SPI1_DriverIRQHandler
 .text.CLOCK_EnableClock
                0x0000000000003d30       0x34 ./drivers/fsl_uart.o
 .text.UART_GetInstance
                0x0000000000003d64       0x54 ./drivers/fsl_uart.o
                0x0000000000003d64                UART_GetInstance
 .text.UART_Init
                0x0000000000003db8      0x1f8 ./drivers/fsl_uart.o
                0x0000000000003db8                UART_Init
 .text.UART_GetDefaultConfig
                0x0000000000003fb0       0x48 ./drivers/fsl_uart.o
                0x0000000000003fb0                UART_GetDefaultConfig
 .text.UART_EnableInterrupts
                0x0000000000003ff8       0x58 ./drivers/fsl_uart.o
                0x0000000000003ff8                UART_EnableInterrupts
 .text.UART_DisableInterrupts
                0x0000000000004050       0x64 ./drivers/fsl_uart.o
                0x0000000000004050                UART_DisableInterrupts
 .text.UART_GetEnabledInterrupts
                0x00000000000040b4       0x38 ./drivers/fsl_uart.o
                0x00000000000040b4                UART_GetEnabledInterrupts
 .text.UART_ClearStatusFlags
                0x00000000000040ec       0x7c ./drivers/fsl_uart.o
                0x00000000000040ec                UART_ClearStatusFlags
 .text.UART1_DriverIRQHandler
                0x0000000000004168       0x24 ./drivers/fsl_uart.o
                0x0000000000004168                UART1_DriverIRQHandler
 .text.UART2_DriverIRQHandler
                0x000000000000418c       0x24 ./drivers/fsl_uart.o
                0x000000000000418c                UART2_DriverIRQHandler
 .text.DMA_DisableInterrupts
                0x00000000000041b0       0x48 ./drivers/fsl_uart_dma.o
 .text.DMA_StartTransfer
                0x00000000000041f8       0x54 ./drivers/fsl_uart_dma.o
 .text.UART_TransferSendDMACallback
                0x000000000000424c       0x84 ./drivers/fsl_uart_dma.o
 .text.UART_TransferReceiveDMACallback
                0x00000000000042d0       0x84 ./drivers/fsl_uart_dma.o
 .text.UART_TransferCreateHandleDMA
                0x0000000000004354       0xb8 ./drivers/fsl_uart_dma.o
                0x0000000000004354                UART_TransferCreateHandleDMA
 .text.UART_TransferSendDMA
                0x000000000000440c       0xe8 ./drivers/fsl_uart_dma.o
                0x000000000000440c                UART_TransferSendDMA
 .text.CLOCK_SetSimSafeDivs
                0x00000000000044f4       0x20 ./board/clock_config.o
 .text.CLOCK_SetXtal0Freq
                0x0000000000004514       0x1c ./board/clock_config.o
 .text.CLOCK_CONFIG_SetFllExtRefDiv
                0x0000000000004530       0x3c ./board/clock_config.o
 .text.BOARD_BootClockRUN
                0x000000000000456c       0x64 ./board/clock_config.o
                0x000000000000456c                BOARD_BootClockRUN
 .text.SystemInit
                0x00000000000045d0       0x1c ./CMSIS/system_MKL46Z4.o
                0x00000000000045d0                SystemInit
 .text.__assertion_failed
                0x00000000000045ec       0x4c /usr/local/mcuxpressoide-11.7.0_9198/ide/plugins/com.nxp.mcuxpresso.tools.linux_11.7.0.202209140929/tools/bin/../lib/gcc/arm-none-eabi/10.3.1/../../../../arm-none-eabi/lib/thumb/v6-m/nofp/libcr_semihost_nf.a(_cr_assert.o)
                0x00000000000045ec                __assertion_failed
 .text.__sys_appexit
                0x0000000000004638        0xc /usr/local/mcuxpressoide-11.7.0_9198/ide/plugins/com.nxp.mcuxpresso.tools.linux_11.7.0.202209140929/tools/bin/../lib/gcc/arm-none-eabi/10.3.1/../../../../arm-none-eabi/lib/thumb/v6-m/nofp/libcr_semihost_nf.a(__sys_appexit.o)
                0x0000000000004638                __exit
                0x0000000000004638                __sys_appexit
 .text._deferredlazyseek
                0x0000000000004644       0x40 /usr/local/mcuxpressoide-11.7.0_9198/ide/plugins/com.nxp.mcuxpresso.tools.linux_11.7.0.202209140929/tools/bin/../lib/gcc/arm-none-eabi/10.3.1/../../../../arm-none-eabi/lib/thumb/v6-m/nofp/libcr_c.a(_deferredlazyseek.o)
                0x0000000000004644                _deferredlazyseek
 .text.__flsbuf
                0x0000000000004684      0x150 /usr/local/mcuxpressoide-11.7.0_9198/ide/plugins/com.nxp.mcuxpresso.tools.linux_11.7.0.202209140929/tools/bin/../lib/gcc/arm-none-eabi/10.3.1/../../../../arm-none-eabi/lib/thumb/v6-m/nofp/libcr_c.a(_deferredlazyseek.o)
                0x0000000000004684                __flsbuf
 .text._fflush  0x00000000000047d4       0x60 /usr/local/mcuxpressoide-11.7.0_9198/ide/plugins/com.nxp.mcuxpresso.tools.linux_11.7.0.202209140929/tools/bin/../lib/gcc/arm-none-eabi/10.3.1/../../../../arm-none-eabi/lib/thumb/v6-m/nofp/libcr_c.a(_fflush.o)
                0x00000000000047d4                _fflush
 .text._Cwritebuf
                0x0000000000004834       0x68 /usr/local/mcuxpressoide-11.7.0_9198/ide/plugins/com.nxp.mcuxpresso.tools.linux_11.7.0.202209140929/tools/bin/../lib/gcc/arm-none-eabi/10.3.1/../../../../arm-none-eabi/lib/thumb/v6-m/nofp/libcr_c.a(_writebuf.o)
                0x0000000000004834                _Cwritebuf
 .text.malloc   0x000000000000489c       0xcc /usr/local/mcuxpressoide-11.7.0_9198/ide/plugins/com.nxp.mcuxpresso.tools.linux_11.7.0.202209140929/tools/bin/../lib/gcc/arm-none-eabi/10.3.1/../../../../arm-none-eabi/lib/thumb/v6-m/nofp/libcr_c.a(alloc.o)
                0x000000000000489c                malloc
 .text._Csys_alloc
                0x0000000000004968       0x20 /usr/local/mcuxpressoide-11.7.0_9198/ide/plugins/com.nxp.mcuxpresso.tools.linux_11.7.0.202209140929/tools/bin/../lib/gcc/arm-none-eabi/10.3.1/../../../../arm-none-eabi/lib/thumb/v6-m/nofp/libcr_c.a(alloc.o)
                0x0000000000004968                _Csys_alloc
 .text.fseek    0x0000000000004988       0xf0 /usr/local/mcuxpressoide-11.7.0_9198/ide/plugins/com.nxp.mcuxpresso.tools.linux_11.7.0.202209140929/tools/bin/../lib/gcc/arm-none-eabi/10.3.1/../../../../arm-none-eabi/lib/thumb/v6-m/nofp/libcr_c.a(fseek.o)
                0x0000000000004988                fseek
 .text.ftell    0x0000000000004a78       0x48 /usr/local/mcuxpressoide-11.7.0_9198/ide/plugins/com.nxp.mcuxpresso.tools.linux_11.7.0.202209140929/tools/bin/../lib/gcc/arm-none-eabi/10.3.1/../../../../arm-none-eabi/lib/thumb/v6-m/nofp/libcr_c.a(ftell.o)
                0x0000000000004a78                ftell
 .text._initio  0x0000000000004ac0       0x7c /usr/local/mcuxpressoide-11.7.0_9198/ide/plugins/com.nxp.mcuxpresso.tools.linux_11.7.0.202209140929/tools/bin/../lib/gcc/arm-none-eabi/10.3.1/../../../../arm-none-eabi/lib/thumb/v6-m/nofp/libcr_c.a(initio.o)
                0x0000000000004ac0                _initio
 .text.__vfprintf
                0x0000000000004b3c      0xd40 /usr/local/mcuxpressoide-11.7.0_9198/ide/plugins/com.nxp.mcuxpresso.tools.linux_11.7.0.202209140929/tools/bin/../lib/gcc/arm-none-eabi/10.3.1/../../../../arm-none-eabi/lib/thumb/v6-m/nofp/libcr_c.a(printf.o)
                0x0000000000004b3c                __vfprintf
 .text._sprintf
                0x000000000000587c       0x6c /usr/local/mcuxpressoide-11.7.0_9198/ide/plugins/com.nxp.mcuxpresso.tools.linux_11.7.0.202209140929/tools/bin/../lib/gcc/arm-none-eabi/10.3.1/../../../../arm-none-eabi/lib/thumb/v6-m/nofp/libcr_c.a(printf.o)
                0x000000000000587c                _sprintf
 .text._vsnprintf
                0x00000000000058e8       0x70 /usr/local/mcuxpressoide-11.7.0_9198/ide/plugins/com.nxp.mcuxpresso.tools.linux_11.7.0.202209140929/tools/bin/../lib/gcc/arm-none-eabi/10.3.1/../../../../arm-none-eabi/lib/thumb/v6-m/nofp/libcr_c.a(printf.o)
                0x00000000000058e8                _vsnprintf
 .text._printf  0x0000000000005958       0x50 /usr/local/mcuxpressoide-11.7.0_9198/ide/plugins/com.nxp.mcuxpresso.tools.linux_11.7.0.202209140929/tools/bin/../lib/gcc/arm-none-eabi/10.3.1/../../../../arm-none-eabi/lib/thumb/v6-m/nofp/libcr_c.a(printf.o)
                0x0000000000005958                _printf
 .text.setvbuf  0x00000000000059a8       0x4c /usr/local/mcuxpressoide-11.7.0_9198/ide/plugins/com.nxp.mcuxpresso.tools.linux_11.7.0.202209140929/tools/bin/../lib/gcc/arm-none-eabi/10.3.1/../../../../arm-none-eabi/lib/thumb/v6-m/nofp/libcr_c.a(setvbuf.o)
                0x00000000000059a8                setvbuf
 .text.strcpy   0x00000000000059f4       0x44 /usr/local/mcuxpressoide-11.7.0_9198/ide/plugins/com.nxp.mcuxpresso.tools.linux_11.7.0.202209140929/tools/bin/../lib/gcc/arm-none-eabi/10.3.1/../../../../arm-none-eabi/lib/thumb/v6-m/nofp/libcr_c.a(strcpy.o)
                0x00000000000059f4                strcpy
 .text.strlen   0x0000000000005a38       0x58 /usr/local/mcuxpressoide-11.7.0_9198/ide/plugins/com.nxp.mcuxpresso.tools.linux_11.7.0.202209140929/tools/bin/../lib/gcc/arm-none-eabi/10.3.1/../../../../arm-none-eabi/lib/thumb/v6-m/nofp/libcr_c.a(strlen.o)
                0x0000000000005a38                strlen
 .text.strncmp  0x0000000000005a90       0x50 /usr/local/mcuxpressoide-11.7.0_9198/ide/plugins/com.nxp.mcuxpresso.tools.linux_11.7.0.202209140929/tools/bin/../lib/gcc/arm-none-eabi/10.3.1/../../../../arm-none-eabi/lib/thumb/v6-m/nofp/libcr_c.a(strncmp.o)
                0x0000000000005a90                strncmp
 .text._sbrk    0x0000000000005ae0       0x44 /usr/local/mcuxpressoide-11.7.0_9198/ide/plugins/com.nxp.mcuxpresso.tools.linux_11.7.0.202209140929/tools/bin/../lib/gcc/arm-none-eabi/10.3.1/../../../../arm-none-eabi/lib/thumb/v6-m/nofp/libcr_c.a(_cr_sbrk.o)
                0x0000000000005ae0                _sbrk
 .text._fdopen  0x0000000000005b24       0x74 /usr/local/mcuxpressoide-11.7.0_9198/ide/plugins/com.nxp.mcuxpresso.tools.linux_11.7.0.202209140929/tools/bin/../lib/gcc/arm-none-eabi/10.3.1/../../../../arm-none-eabi/lib/thumb/v6-m/nofp/libcr_c.a(_fdopen.o)
                0x0000000000005b24                _fdopen
 .text.fclose   0x0000000000005b98       0x5c /usr/local/mcuxpressoide-11.7.0_9198/ide/plugins/com.nxp.mcuxpresso.tools.linux_11.7.0.202209140929/tools/bin/../lib/gcc/arm-none-eabi/10.3.1/../../../../arm-none-eabi/lib/thumb/v6-m/nofp/libcr_c.a(fclose.o)
                0x0000000000005b98                fclose
 .text.fflush   0x0000000000005bf4       0x44 /usr/local/mcuxpressoide-11.7.0_9198/ide/plugins/com.nxp.mcuxpresso.tools.linux_11.7.0.202209140929/tools/bin/../lib/gcc/arm-none-eabi/10.3.1/../../../../arm-none-eabi/lib/thumb/v6-m/nofp/libcr_c.a(fflush.o)
                0x0000000000005bf4                fflush
 .text.__check_heap_overflow
                0x0000000000005c38       0x18 /usr/local/mcuxpressoide-11.7.0_9198/ide/plugins/com.nxp.mcuxpresso.tools.linux_11.7.0.202209140929/tools/bin/../lib/gcc/arm-none-eabi/10.3.1/../../../../arm-none-eabi/lib/thumb/v6-m/nofp/libcr_c.a(_cr_check_heap.o)
                0x0000000000005c38                __check_heap_overflow
 .text._do_fflush
                0x0000000000005c50       0x48 /usr/local/mcuxpressoide-11.7.0_9198/ide/plugins/com.nxp.mcuxpresso.tools.linux_11.7.0.202209140929/tools/bin/../lib/gcc/arm-none-eabi/10.3.1/../../../../arm-none-eabi/lib/thumb/v6-m/nofp/libcr_c.a(_do_fflush.o)
                0x0000000000005c50                _do_fflush
 .text.writeCommand
                0x0000000000005c98       0x26 ./source/efHal/display/oled.o
 .text.writeData
                0x0000000000005cbe       0x26 ./source/efHal/display/oled.o
 .text.writeDataLen
                0x0000000000005ce4       0x5e ./source/efHal/display/oled.o
 .text.runInitSequence
                0x0000000000005d42       0xa6 ./source/efHal/display/oled.o
 .text.oled_setContrast
                0x0000000000005de8       0x24 ./source/efHal/display/oled.o
                0x0000000000005de8                oled_setContrast
 .text.oled_putString
                0x0000000000005e0c       0x68 ./source/efHal/display/oled.o
                0x0000000000005e0c                oled_putString
 .text.ringBuffer_init
                0x0000000000005e74       0x42 ./source/efHal/ringBuffer.o
                0x0000000000005e74                ringBuffer_init
 .text.ringBuffer_putData
                0x0000000000005eb6       0x90 ./source/efHal/ringBuffer.o
                0x0000000000005eb6                ringBuffer_putData
 .text.ringBuffer_getData
                0x0000000000005f46       0x6c ./source/efHal/ringBuffer.o
                0x0000000000005f46                ringBuffer_getData
 .text.ringBuffer_isEmpty
                0x0000000000005fb2       0x1e ./source/efHal/ringBuffer.o
                0x0000000000005fb2                ringBuffer_isEmpty
 .text.EnableIRQ
                0x0000000000005fd0       0x30 ./source/efHal/uart_ringBufer.o
 .text.DisableIRQ
                0x0000000000006000       0x30 ./source/efHal/uart_ringBufer.o
 .text.UART_ReadByte
                0x0000000000006030       0x16 ./source/efHal/uart_ringBufer.o
 .text.GPIO_PinWrite
                0x0000000000006046       0x34 ./source/bsp_kl46/SD2_I2C.o
 .text.i2c_release_bus_delay
                0x000000000000607a       0x28 ./source/bsp_kl46/SD2_I2C.o
 .text.GPIO_PinWrite
                0x00000000000060a2       0x34 ./source/bsp_kl46/SD2_board.o
 .text.GPIO_PortSet
                0x00000000000060d6       0x18 ./source/bsp_kl46/SD2_board.o
 .text.GPIO_PortClear
                0x00000000000060ee       0x18 ./source/bsp_kl46/SD2_board.o
 .text.GPIO_PortToggle
                0x0000000000006106       0x18 ./source/bsp_kl46/SD2_board.o
 .text.GPIO_PinRead
                0x000000000000611e       0x20 ./source/bsp_kl46/SD2_board.o
 .text.GPIO_ReadPinInput
                0x000000000000613e       0x20 ./source/bsp_kl46/SD2_board.o
 .text.PORT_ClearPinsInterruptFlags
                0x000000000000615e       0x1a ./source/bsp_kl46/mma8451.o
 .text.mma8451_init
                0x0000000000006178       0xfe ./source/bsp_kl46/mma8451.o
                0x0000000000006178                mma8451_init
 .text.mma8451_setDataRate
                0x0000000000006276       0x96 ./source/bsp_kl46/mma8451.o
                0x0000000000006276                mma8451_setDataRate
 .text.SysTick_Handler
                0x000000000000630c        0xe ./source/main.o
                0x000000000000630c                SysTick_Handler
 .text.OSC_SetExtRefClkConfig
                0x000000000000631a       0x3e ./drivers/fsl_clock.o
 .text.OSC_SetCapLoad
                0x0000000000006358       0x42 ./drivers/fsl_clock.o
 .text.CLOCK_GetPll0RefFreq
                0x000000000000639a       0x10 ./drivers/fsl_clock.o
 .text.CLOCK_GetFixedFreqClkFreq
                0x00000000000063aa       0x30 ./drivers/fsl_clock.o
                0x00000000000063aa                CLOCK_GetFixedFreqClkFreq
 .text.CLOCK_SetExternalRefClkConfig
                0x00000000000063da       0x16 ./drivers/fsl_clock.o
                0x00000000000063da                CLOCK_SetExternalRefClkConfig
 .text.EnableIRQ
                0x00000000000063f0       0x30 ./drivers/fsl_dma.o
 .text.GPIO_PinWrite
                0x0000000000006420       0x34 ./drivers/fsl_gpio.o
 .text.GPIO_WritePinOutput
                0x0000000000006454       0x24 ./drivers/fsl_gpio.o
 .text.I2C_MasterClearStatusFlags
                0x0000000000006478       0x56 ./drivers/fsl_i2c.o
 .text.I2C_MasterStop
                0x00000000000064ce       0x36 ./drivers/fsl_i2c.o
                0x00000000000064ce                I2C_MasterStop
 .text.I2C_MasterGetStatusFlags
                0x0000000000006504       0x4a ./drivers/fsl_i2c.o
                0x0000000000006504                I2C_MasterGetStatusFlags
 .text.I2C_MasterReadBlocking
                0x000000000000654e       0xea ./drivers/fsl_i2c.o
                0x000000000000654e                I2C_MasterReadBlocking
 .text.SPI_ReadNonBlocking
                0x0000000000006638       0x98 ./drivers/fsl_spi.o
 .text.SPI_MasterSetBaudRate
                0x00000000000066d0       0xb8 ./drivers/fsl_spi.o
                0x00000000000066d0                SPI_MasterSetBaudRate
 .text.SPI_WriteData
                0x0000000000006788       0x2e ./drivers/fsl_spi.o
                0x0000000000006788                SPI_WriteData
 .text.SPI_ReadData
                0x00000000000067b6       0x3c ./drivers/fsl_spi.o
                0x00000000000067b6                SPI_ReadData
 .text.UART_GetStatusFlags
                0x00000000000067f2       0x26 ./drivers/fsl_uart.o
                0x00000000000067f2                UART_GetStatusFlags
 .text.UART_GetDataRegisterAddress
                0x0000000000006818       0x14 ./drivers/fsl_uart_dma.o
 .text.UART_EnableTxDMA
                0x000000000000682c       0x64 ./drivers/fsl_uart_dma.o
 .text.UART_EnableRxDMA
                0x0000000000006890       0x60 ./drivers/fsl_uart_dma.o
 .text.SystemInitHook
                0x00000000000068f0        0xa ./CMSIS/system_MKL46Z4.o
                0x00000000000068f0                SystemInitHook
 .text.__main   0x00000000000068fa        0xc /usr/local/mcuxpressoide-11.7.0_9198/ide/plugins/com.nxp.mcuxpresso.tools.linux_11.7.0.202209140929/tools/bin/../lib/gcc/arm-none-eabi/10.3.1/../../../../arm-none-eabi/lib/thumb/v6-m/nofp/libcr_semihost_nf.a(_cr__main.o)
                0x00000000000068fa                __main
                0x00000000000068fa                __CR_SEMIHOST
 .text.memcpy   0x0000000000006906        0x8 /usr/local/mcuxpressoide-11.7.0_9198/ide/plugins/com.nxp.mcuxpresso.tools.linux_11.7.0.202209140929/tools/bin/../lib/gcc/arm-none-eabi/10.3.1/../../../../arm-none-eabi/lib/thumb/v6-m/nofp/libcr_c.a(memcpy.o)
                0x0000000000006906                memcpy
 .text.memset   0x000000000000690e        0x8 /usr/local/mcuxpressoide-11.7.0_9198/ide/plugins/com.nxp.mcuxpresso.tools.linux_11.7.0.202209140929/tools/bin/../lib/gcc/arm-none-eabi/10.3.1/../../../../arm-none-eabi/lib/thumb/v6-m/nofp/libcr_c.a(memset.o)
                0x000000000000690e                memset
 .text.free     0x0000000000006916       0x2c /usr/local/mcuxpressoide-11.7.0_9198/ide/plugins/com.nxp.mcuxpresso.tools.linux_11.7.0.202209140929/tools/bin/../lib/gcc/arm-none-eabi/10.3.1/../../../../arm-none-eabi/lib/thumb/v6-m/nofp/libcr_c.a(alloc.o)
                0x0000000000006916                free
 .text.fputs    0x0000000000006942       0x2e /usr/local/mcuxpressoide-11.7.0_9198/ide/plugins/com.nxp.mcuxpresso.tools.linux_11.7.0.202209140929/tools/bin/../lib/gcc/arm-none-eabi/10.3.1/../../../../arm-none-eabi/lib/thumb/v6-m/nofp/libcr_c.a(fputs.o)
                0x0000000000006942                fputs
 .text.no_fp_display
                0x0000000000006970        0x4 /usr/local/mcuxpressoide-11.7.0_9198/ide/plugins/com.nxp.mcuxpresso.tools.linux_11.7.0.202209140929/tools/bin/../lib/gcc/arm-none-eabi/10.3.1/../../../../arm-none-eabi/lib/thumb/v6-m/nofp/libcr_c.a(printf.o)
 .text.remove   0x0000000000006974       0x12 /usr/local/mcuxpressoide-11.7.0_9198/ide/plugins/com.nxp.mcuxpresso.tools.linux_11.7.0.202209140929/tools/bin/../lib/gcc/arm-none-eabi/10.3.1/../../../../arm-none-eabi/lib/thumb/v6-m/nofp/libcr_c.a(remove.o)
                0x0000000000006974                remove
 .text.__aeabi_division_idivmod
                0x0000000000006986       0x78 /usr/local/mcuxpressoide-11.7.0_9198/ide/plugins/com.nxp.mcuxpresso.tools.linux_11.7.0.202209140929/tools/bin/../lib/gcc/arm-none-eabi/10.3.1/thumb/v6-m/nofp/libcr_eabihelpers.a(division_32.o)
                0x0000000000006986                __aeabi_idiv
                0x0000000000006986                __aeabi_idivmod
                0x000000000000698c                __aeabi_uidiv
                0x000000000000698c                __aeabi_uidivmod
 .text.__aeabi_division_idiv0
                0x00000000000069fe        0x2 /usr/local/mcuxpressoide-11.7.0_9198/ide/plugins/com.nxp.mcuxpresso.tools.linux_11.7.0.202209140929/tools/bin/../lib/gcc/arm-none-eabi/10.3.1/thumb/v6-m/nofp/libcr_eabihelpers.a(division_idiv0.o)
                0x00000000000069fe                __aeabi_idiv0
 .text.__aeabi_llong_lmul
                0x0000000000006a00       0x2e /usr/local/mcuxpressoide-11.7.0_9198/ide/plugins/com.nxp.mcuxpresso.tools.linux_11.7.0.202209140929/tools/bin/../lib/gcc/arm-none-eabi/10.3.1/thumb/v6-m/nofp/libcr_eabihelpers.a(llong.o)
                0x0000000000006a00                __aeabi_lmul
 .text.__aeabi_memcpy
                0x0000000000006a2e       0x2c /usr/local/mcuxpressoide-11.7.0_9198/ide/plugins/com.nxp.mcuxpresso.tools.linux_11.7.0.202209140929/tools/bin/../lib/gcc/arm-none-eabi/10.3.1/thumb/v6-m/nofp/libcr_eabihelpers.a(memcpy.o)
                0x0000000000006a2e                __aeabi_memcpy
                0x0000000000006a2e                __aeabi_memcpy4
                0x0000000000006a2e                __aeabi_memcpy8
 .text.__aeabi_memset_lowlevel
                0x0000000000006a5a       0x2a /usr/local/mcuxpressoide-11.7.0_9198/ide/plugins/com.nxp.mcuxpresso.tools.linux_11.7.0.202209140929/tools/bin/../lib/gcc/arm-none-eabi/10.3.1/thumb/v6-m/nofp/libcr_eabihelpers.a(memcpy.o)
                0x0000000000006a5a                __aeabi_lowlevel_memset
 .text.__gnu_thumb1_case_shi
                0x0000000000006a84       0x10 /usr/local/mcuxpressoide-11.7.0_9198/ide/plugins/com.nxp.mcuxpresso.tools.linux_11.7.0.202209140929/tools/bin/../lib/gcc/arm-none-eabi/10.3.1/thumb/v6-m/nofp/libcr_eabihelpers.a(thumb1_switch_helpers.o)
                0x0000000000006a84                __gnu_thumb1_case_shi
 .text.__sys_close
                0x0000000000006a94        0xc /usr/local/mcuxpressoide-11.7.0_9198/ide/plugins/com.nxp.mcuxpresso.tools.linux_11.7.0.202209140929/tools/bin/../lib/gcc/arm-none-eabi/10.3.1/../../../../arm-none-eabi/lib/thumb/v6-m/nofp/libcr_semihost_nf.a(__sys_close.o)
                0x0000000000006a94                __sys_close
 .text.__sys_flen
                0x0000000000006aa0        0xc /usr/local/mcuxpressoide-11.7.0_9198/ide/plugins/com.nxp.mcuxpresso.tools.linux_11.7.0.202209140929/tools/bin/../lib/gcc/arm-none-eabi/10.3.1/../../../../arm-none-eabi/lib/thumb/v6-m/nofp/libcr_semihost_nf.a(__sys_flen.o)
                0x0000000000006aa0                __sys_flen
 .text.__sys_istty
                0x0000000000006aac        0xc /usr/local/mcuxpressoide-11.7.0_9198/ide/plugins/com.nxp.mcuxpresso.tools.linux_11.7.0.202209140929/tools/bin/../lib/gcc/arm-none-eabi/10.3.1/../../../../arm-none-eabi/lib/thumb/v6-m/nofp/libcr_semihost_nf.a(__sys_istty.o)
                0x0000000000006aac                __sys_istty
 .text.__sys_remove
                0x0000000000006ab8        0xc /usr/local/mcuxpressoide-11.7.0_9198/ide/plugins/com.nxp.mcuxpresso.tools.linux_11.7.0.202209140929/tools/bin/../lib/gcc/arm-none-eabi/10.3.1/../../../../arm-none-eabi/lib/thumb/v6-m/nofp/libcr_semihost_nf.a(__sys_remove.o)
                0x0000000000006ab8                __sys_remove
 .text.__sys_seek
                0x0000000000006ac4        0xc /usr/local/mcuxpressoide-11.7.0_9198/ide/plugins/com.nxp.mcuxpresso.tools.linux_11.7.0.202209140929/tools/bin/../lib/gcc/arm-none-eabi/10.3.1/../../../../arm-none-eabi/lib/thumb/v6-m/nofp/libcr_semihost_nf.a(__sys_seek.o)
                0x0000000000006ac4                __sys_seek
 .text.__sys_tmpnam
                0x0000000000006ad0        0xc /usr/local/mcuxpressoide-11.7.0_9198/ide/plugins/com.nxp.mcuxpresso.tools.linux_11.7.0.202209140929/tools/bin/../lib/gcc/arm-none-eabi/10.3.1/../../../../arm-none-eabi/lib/thumb/v6-m/nofp/libcr_semihost_nf.a(__sys_tmpnam.o)
                0x0000000000006ad0                __sys_tmpnam
 .text.__sys_write
                0x0000000000006adc        0xc /usr/local/mcuxpressoide-11.7.0_9198/ide/plugins/com.nxp.mcuxpresso.tools.linux_11.7.0.202209140929/tools/bin/../lib/gcc/arm-none-eabi/10.3.1/../../../../arm-none-eabi/lib/thumb/v6-m/nofp/libcr_semihost_nf.a(__sys_write.o)
                0x0000000000006adc                __sys_write
 *(SORT_BY_ALIGNMENT(.rodata) SORT_BY_ALIGNMENT(.rodata.*) SORT_BY_ALIGNMENT(.constdata) SORT_BY_ALIGNMENT(.constdata.*))
 .rodata.str1.4
                0x0000000000006ae8        0x4 ./source/fsm/fsm_frameDetection.o
 .rodata.fsm_frameDetection_handle.str1.4
                0x0000000000006aec       0x14 ./source/fsm/fsm_frameDetection.o
 .rodata.fsm_mode_init.str1.4
                0x0000000000006b00       0x13 ./source/fsm/fsm_mode.o
 *fill*         0x0000000000006b13        0x1 ff
 .rodata.fsm_mode_execute.str1.4
                0x0000000000006b14        0xe ./source/fsm/fsm_mode.o
 *fill*         0x0000000000006b22        0x2 ff
 .rodata.LEDS.str1.4
                0x0000000000006b24        0x4 ./source/fsm/interactor.o
 .rodata.SWITCH.str1.4
                0x0000000000006b28        0xd ./source/fsm/interactor.o
 *fill*         0x0000000000006b35        0x3 ff
 .rodata.ACELEROM.str1.4
                0x0000000000006b38       0x13 ./source/fsm/interactor.o
 *fill*         0x0000000000006b4b        0x1 ff
 .rodata.font5x7
                0x0000000000006b4c      0x300 ./source/efHal/display/font5x7.o
                0x0000000000006b4c                font5x7
 .rodata.font_mask
                0x0000000000006e4c        0x8 ./source/efHal/display/oled.o
 .rodata.DMAMUX_EnableChannel.str1.4
                0x0000000000006e54       0x4a ./source/efHal/uart_ringBufer.o
 *fill*         0x0000000000006e9e        0x2 ff
 .rodata.DMAMUX_SetSource.str1.4
                0x0000000000006ea0       0x4a ./source/efHal/uart_ringBufer.o
 *fill*         0x0000000000006eea        0x2 ff
 .rodata.PORT_SetPinConfig.str1.4
                0x0000000000006eec       0x23 ./source/bsp_kl46/SD2_I2C.o
 .rodata.PORT_SetPinConfig.str1.4
                0x0000000000006f0f       0x23 ./source/bsp_kl46/SD2_board.o
 *fill*         0x0000000000006f0f        0x1 ff
 .rodata.board_gpioLeds
                0x0000000000006f10       0x18 ./source/bsp_kl46/SD2_board.o
 .rodata.board_gpioSw
                0x0000000000006f28       0x18 ./source/bsp_kl46/SD2_board.o
 .rodata.board_gpioOled
                0x0000000000006f40       0x18 ./source/bsp_kl46/SD2_board.o
 .rodata        0x0000000000006f58        0x2 ./source/bsp_kl46/SD2_board.o
 .rodata.PORT_SetPinConfig.str1.4
                0x0000000000006f5a       0x23 ./source/bsp_kl46/mma8451.o
 *fill*         0x0000000000006f5a        0x2 ff
 .rodata.CLOCK_GetMcgExtClkFreq.str1.4
                0x0000000000006f5c       0x1e ./drivers/fsl_clock.o
 *fill*         0x0000000000006f7a        0x2 ff
 .rodata.CLOCK_GetOsc0ErClkFreq.str1.4
                0x0000000000006f7c       0x1e ./drivers/fsl_clock.o
 *fill*         0x0000000000006f9a        0x2 ff
 .rodata.CLOCK_GetEr32kClkFreq.str1.4
                0x0000000000006f9c       0x1f ./drivers/fsl_clock.o
 *fill*         0x0000000000006fbb        0x1 ff
 .rodata.CLOCK_GetFreq
                0x0000000000006fbc       0x34 ./drivers/fsl_clock.o
 .rodata.CLOCK_GetPll0Freq.str1.4
                0x0000000000006ff0       0x1d ./drivers/fsl_clock.o
 *fill*         0x000000000000700d        0x3 ff
 .rodata.CLOCK_EnablePll0.str1.4
                0x0000000000007010       0x19 ./drivers/fsl_clock.o
 *fill*         0x0000000000007029        0x3 ff
 .rodata.CLOCK_SetPbeMode.str1.4
                0x000000000000702c       0x1a ./drivers/fsl_clock.o
 *fill*         0x0000000000007046        0x2 ff
 .rodata.CLOCK_BootToPeeMode.str1.4
                0x0000000000007048       0x1a ./drivers/fsl_clock.o
 *fill*         0x0000000000007062        0x2 ff
 .rodata.fllFactorTable.1
                0x0000000000007064       0x10 ./drivers/fsl_clock.o
 .rodata.DMA_EnableInterrupts.str1.4
                0x0000000000007074       0x3c ./drivers/fsl_dma.o
 .rodata.DMA_ClearChannelStatusFlags.str1.4
                0x00000000000070b0       0x3c ./drivers/fsl_dma.o
 .rodata.s_dmaIRQNumber
                0x00000000000070ec        0x4 ./drivers/fsl_dma.o
 .rodata.DMA_GetInstance.str1.4
                0x00000000000070f0       0x31 ./drivers/fsl_dma.o
 *fill*         0x0000000000007121        0x3 ff
 .rodata.DMA_ResetChannel.str1.4
                0x0000000000007124       0x39 ./drivers/fsl_dma.o
 *fill*         0x000000000000715d        0x3 ff
 .rodata.DMA_SetTransferConfig.str1.4
                0x0000000000007160       0x5b ./drivers/fsl_dma.o
 *fill*         0x00000000000071bb        0x1 ff
 .rodata.DMA_CreateHandle.str1.4
                0x00000000000071bc       0x59 ./drivers/fsl_dma.o
 *fill*         0x0000000000007215        0x3 ff
 .rodata.DMA_PrepareTransfer.str1.4
                0x0000000000007218       0xfc ./drivers/fsl_dma.o
 .rodata.DMA_SetCallback.str1.4
                0x0000000000007314       0x1f ./drivers/fsl_dma.o
 *fill*         0x0000000000007333        0x1 ff
 .rodata.DMA_SubmitTransfer.str1.4
                0x0000000000007334       0x3f ./drivers/fsl_dma.o
 *fill*         0x0000000000007373        0x1 ff
 .rodata.DMA_HandleIRQ.str1.4
                0x0000000000007374       0x1f ./drivers/fsl_dma.o
 *fill*         0x0000000000007393        0x1 ff
 .rodata.DMAMUX_GetInstance.str1.4
                0x0000000000007394       0x37 ./drivers/fsl_dmamux.o
 *fill*         0x00000000000073cb        0x1 ff
 .rodata.GPIO_PinInit.str1.4
                0x00000000000073cc       0x18 ./drivers/fsl_gpio.o
 .rodata.s_i2cBases
                0x00000000000073e4        0x8 ./drivers/fsl_i2c.o
                0x00000000000073e4                s_i2cBases
 .rodata.s_i2cDividerTable
                0x00000000000073ec       0x80 ./drivers/fsl_i2c.o
 .rodata.s_i2cClocks
                0x000000000000746c        0x8 ./drivers/fsl_i2c.o
 .rodata.I2C_GetInstance.str1.4
                0x0000000000007474       0x32 ./drivers/fsl_i2c.o
 *fill*         0x00000000000074a6        0x2 ff
 .rodata.I2C_MasterInit.str1.4
                0x00000000000074a8       0x2c ./drivers/fsl_i2c.o
 .rodata.I2C_MasterGetDefaultConfig.str1.4
                0x00000000000074d4       0x1d ./drivers/fsl_i2c.o
 *fill*         0x00000000000074f1        0x3 ff
 .rodata.I2C_MasterTransferBlocking.str1.4
                0x00000000000074f4       0x16 ./drivers/fsl_i2c.o
 *fill*         0x000000000000750a        0x2 ff
 .rodata.s_spiBases
                0x000000000000750c        0x8 ./drivers/fsl_spi.o
 .rodata.s_spiClock
                0x0000000000007514        0x8 ./drivers/fsl_spi.o
 .rodata.SPI_GetInstance.str1.4
                0x000000000000751c       0x32 ./drivers/fsl_spi.o
 *fill*         0x000000000000754e        0x2 ff
 .rodata.SPI_MasterInit.str1.4
                0x0000000000007550       0x26 ./drivers/fsl_spi.o
 *fill*         0x0000000000007576        0x2 ff
 .rodata.SPI_MasterTransferBlocking.str1.4
                0x0000000000007578       0x15 ./drivers/fsl_spi.o
 *fill*         0x000000000000758d        0x3 ff
 .rodata.SPI0_DriverIRQHandler.str1.4
                0x0000000000007590       0x20 ./drivers/fsl_spi.o
 .rodata.SPI1_DriverIRQHandler.str1.4
                0x00000000000075b0       0x20 ./drivers/fsl_spi.o
 .rodata.s_uartBases
                0x00000000000075d0        0xc ./drivers/fsl_uart.o
 .rodata.s_uartClock
                0x00000000000075dc        0xc ./drivers/fsl_uart.o
 .rodata.UART_GetInstance.str1.4
                0x00000000000075e8       0x2b ./drivers/fsl_uart.o
 *fill*         0x0000000000007613        0x1 ff
 .rodata.UART_Init.str1.4
                0x0000000000007614       0x3e ./drivers/fsl_uart.o
 *fill*         0x0000000000007652        0x2 ff
 .rodata.UART_GetDefaultConfig.str1.4
                0x0000000000007654       0x18 ./drivers/fsl_uart.o
 .rodata.DMA_DisableInterrupts.str1.4
                0x000000000000766c       0x3c ./drivers/fsl_uart_dma.o
 .rodata.DMA_StartTransfer.str1.4
                0x00000000000076a8       0x1f ./drivers/fsl_uart_dma.o
 *fill*         0x00000000000076c7        0x1 ff
 .rodata.UART_TransferSendDMACallback.str1.4
                0x00000000000076c8       0x37 ./drivers/fsl_uart_dma.o
 *fill*         0x00000000000076ff        0x1 ff
 .rodata.UART_TransferReceiveDMACallback.str1.4
                0x0000000000007700       0x37 ./drivers/fsl_uart_dma.o
 *fill*         0x0000000000007737        0x1 ff
 .rodata.UART_TransferCreateHandleDMA.str1.4
                0x0000000000007738       0x1c ./drivers/fsl_uart_dma.o
 .rodata.UART_TransferSendDMA.str1.4
                0x0000000000007754       0xa8 ./drivers/fsl_uart_dma.o
 .rodata.mcgConfig_BOARD_BootClockRUN
                0x00000000000077fc        0xa ./board/clock_config.o
                0x00000000000077fc                mcgConfig_BOARD_BootClockRUN
 *fill*         0x0000000000007806        0x2 ff
 .rodata.simConfig_BOARD_BootClockRUN
                0x0000000000007808        0x8 ./board/clock_config.o
                0x0000000000007808                simConfig_BOARD_BootClockRUN
 .rodata.oscConfig_BOARD_BootClockRUN
                0x0000000000007810        0x8 ./board/clock_config.o
                0x0000000000007810                oscConfig_BOARD_BootClockRUN
 .rodata.__num_Ciob_streams
                0x0000000000007818        0x4 /usr/local/mcuxpressoide-11.7.0_9198/ide/plugins/com.nxp.mcuxpresso.tools.linux_11.7.0.202209140929/tools/bin/../lib/gcc/arm-none-eabi/10.3.1/../../../../arm-none-eabi/lib/thumb/v6-m/nofp/libcr_semihost_nf.a(__ciob.o)
                0x0000000000007818                __num_Ciob_streams
 .rodata.__assertion_failed.str1.1
                0x000000000000781c       0x15 /usr/local/mcuxpressoide-11.7.0_9198/ide/plugins/com.nxp.mcuxpresso.tools.linux_11.7.0.202209140929/tools/bin/../lib/gcc/arm-none-eabi/10.3.1/../../../../arm-none-eabi/lib/thumb/v6-m/nofp/libcr_semihost_nf.a(_cr_assert.o)
 .rodata._Csys_alloc.str1.1
                0x0000000000007831       0x18 /usr/local/mcuxpressoide-11.7.0_9198/ide/plugins/com.nxp.mcuxpresso.tools.linux_11.7.0.202209140929/tools/bin/../lib/gcc/arm-none-eabi/10.3.1/../../../../arm-none-eabi/lib/thumb/v6-m/nofp/libcr_c.a(alloc.o)
 .rodata._initio.str1.1
                0x0000000000007849        0x4 /usr/local/mcuxpressoide-11.7.0_9198/ide/plugins/com.nxp.mcuxpresso.tools.linux_11.7.0.202209140929/tools/bin/../lib/gcc/arm-none-eabi/10.3.1/../../../../arm-none-eabi/lib/thumb/v6-m/nofp/libcr_c.a(initio.o)
 .rodata.__vfprintf.str1.1
                0x000000000000784d       0x35 /usr/local/mcuxpressoide-11.7.0_9198/ide/plugins/com.nxp.mcuxpresso.tools.linux_11.7.0.202209140929/tools/bin/../lib/gcc/arm-none-eabi/10.3.1/../../../../arm-none-eabi/lib/thumb/v6-m/nofp/libcr_c.a(printf.o)
                                         0x38 (size before relaxing)
                0x0000000000007884                . = ALIGN (0x4)
 *fill*         0x0000000000007882        0x2 ff

.glue_7         0x0000000000007884        0x0
 .glue_7        0x0000000000007884        0x0 linker stubs

.glue_7t        0x0000000000007884        0x0
 .glue_7t       0x0000000000007884        0x0 linker stubs

.vfp11_veneer   0x0000000000007884        0x0
 .vfp11_veneer  0x0000000000007884        0x0 linker stubs

.v4_bx          0x0000000000007884        0x0
 .v4_bx         0x0000000000007884        0x0 linker stubs

.iplt           0x0000000000007884        0x0
 .iplt          0x0000000000007884        0x0 ./startup/startup_mkl46z4.o

.rel.dyn        0x0000000000007884        0x0
 .rel.iplt      0x0000000000007884        0x0 ./startup/startup_mkl46z4.o

.ARM.extab
 *(SORT_BY_ALIGNMENT(.ARM.extab*) SORT_BY_ALIGNMENT(.gnu.linkonce.armextab.*))

.ARM.exidx      0x0000000000007884        0x0
                0x0000000000007884                __exidx_start = .
 *(SORT_BY_ALIGNMENT(.ARM.exidx*) SORT_BY_ALIGNMENT(.gnu.linkonce.armexidx.*))
                0x0000000000007884                __exidx_end = .
                0x0000000000007884                _etext = .

.m_usb_data
 *(SORT_BY_ALIGNMENT(m_usb_bdt))

.mtb_buffer_default
                0x000000001fffe000       0x80
 *(SORT_BY_ALIGNMENT(.mtb*))
 .mtb.$RAM1     0x000000001fffe000       0x80 ./source/mtb.o
                0x000000001fffe000                __mtb_buffer__

.uninit_RESERVED
                0x000000001fffe080        0x0
                0x000000001fffe080                _start_uninit_RESERVED = .
 *(SORT_BY_ALIGNMENT(.bss.$RESERVED*))
                0x000000001fffe080                . = ALIGN (0x4)
                0x000000001fffe080                _end_uninit_RESERVED = .

.data           0x000000001fffe080       0x10 load address 0x0000000000007884
 FILL mask 0xff
                0x000000001fffe080                _data = .
                [!provide]                        PROVIDE (__start_data_RAM = .)
                [!provide]                        PROVIDE (__start_data_SRAM = .)
 *(SORT_BY_ALIGNMENT(vtable))
 *(SORT_BY_ALIGNMENT(.ramfunc*))
 *(SORT_BY_ALIGNMENT(CodeQuickAccess))
 *(SORT_BY_ALIGNMENT(DataQuickAccess))
 *(SORT_BY_ALIGNMENT(RamFunction))
 *(SORT_BY_ALIGNMENT(.data*))
 .data.TEAM_ID  0x000000001fffe080        0x4 ./source/fsm/fsm_frameDetection.o
                0x000000001fffe080                TEAM_ID
 .data.s_slowIrcFreq
                0x000000001fffe084        0x4 ./drivers/fsl_clock.o
 .data.s_fastIrcFreq
                0x000000001fffe088        0x4 ./drivers/fsl_clock.o
 .data.SystemCoreClock
                0x000000001fffe08c        0x4 ./CMSIS/system_MKL46Z4.o
                0x000000001fffe08c                SystemCoreClock
                0x000000001fffe090                . = ALIGN (0x4)
                0x000000001fffe090                _edata = .
                [!provide]                        PROVIDE (__end_data_RAM = .)
                [!provide]                        PROVIDE (__end_data_SRAM = .)

.igot.plt       0x000000001fffe090        0x0 load address 0x0000000000007894
 .igot.plt      0x000000001fffe090        0x0 ./startup/startup_mkl46z4.o

.bss            0x000000001fffe090      0x5c8
                0x000000001fffe090                _bss = .
                [!provide]                        PROVIDE (__start_bss_RAM = .)
                [!provide]                        PROVIDE (__start_bss_SRAM = .)
 *(SORT_BY_ALIGNMENT(.bss*))
 .bss.size.1    0x000000001fffe090        0x4 ./source/fsm/fsm_frameDetection.o
 .bss.frame.0   0x000000001fffe094        0x8 ./source/fsm/fsm_frameDetection.o
 .bss.bufferEnv
                0x000000001fffe09c       0x20 ./source/fsm/interactor.o
                0x000000001fffe09c                bufferEnv
 .bss.receivedFrame
                0x000000001fffe0bc        0x6 ./source/fsm/interactor.o
                0x000000001fffe0bc                receivedFrame
 *fill*         0x000000001fffe0c2        0x2 
 .bss.shadowFB  0x000000001fffe0c4      0x400 ./source/efHal/display/oled.o
 .bss.txBuffer_dma
                0x000000001fffe4c4       0x20 ./source/efHal/uart_ringBufer.o
 .bss.UART1DmaHandle
                0x000000001fffe4e4       0x20 ./source/efHal/uart_ringBufer.o
 .bss.UART1TxDmaHandle
                0x000000001fffe504       0x10 ./source/efHal/uart_ringBufer.o
 .bss.pRingBufferRx
                0x000000001fffe514        0x4 ./source/efHal/uart_ringBufer.o
 .bss.estSW     0x000000001fffe518        0x2 ./source/bsp_kl46/key.o
 *fill*         0x000000001fffe51a        0x2 
 .bss.eventSW   0x000000001fffe51c        0x2 ./source/bsp_kl46/key.o
 *fill*         0x000000001fffe51e        0x2 
 .bss.g_xtal0Freq
                0x000000001fffe520        0x4 ./drivers/fsl_clock.o
                0x000000001fffe520                g_xtal0Freq
 .bss.g_xtal32Freq
                0x000000001fffe524        0x4 ./drivers/fsl_clock.o
                0x000000001fffe524                g_xtal32Freq
 .bss.s_DMAHandle
                0x000000001fffe528       0x10 ./drivers/fsl_dma.o
 .bss.s_i2cHandle
                0x000000001fffe538        0x8 ./drivers/fsl_i2c.o
 .bss.s_i2cMasterIsr
                0x000000001fffe540        0x4 ./drivers/fsl_i2c.o
 .bss.s_i2cSlaveIsr
                0x000000001fffe544        0x4 ./drivers/fsl_i2c.o
 .bss.s_lpsciHandle
                0x000000001fffe548        0x4 ./drivers/fsl_lpsci.o
 .bss.s_lpsciIsr
                0x000000001fffe54c        0x4 ./drivers/fsl_lpsci.o
 .bss.s_spiHandle
                0x000000001fffe550        0x8 ./drivers/fsl_spi.o
 .bss.s_spiMasterIsr
                0x000000001fffe558        0x4 ./drivers/fsl_spi.o
 .bss.s_spiSlaveIsr
                0x000000001fffe55c        0x4 ./drivers/fsl_spi.o
 .bss.g_spiDummyData
                0x000000001fffe560        0x2 ./drivers/fsl_spi.o
                0x000000001fffe560                g_spiDummyData
 *fill*         0x000000001fffe562        0x2 
 .bss.s_uartHandle
                0x000000001fffe564        0xc ./drivers/fsl_uart.o
 .bss.s_uartIsr
                0x000000001fffe570        0x4 ./drivers/fsl_uart.o
 .bss.s_dmaPrivateHandle
                0x000000001fffe574       0x18 ./drivers/fsl_uart_dma.o
 .bss.__Ciob    0x000000001fffe58c       0xb4 /usr/local/mcuxpressoide-11.7.0_9198/ide/plugins/com.nxp.mcuxpresso.tools.linux_11.7.0.202209140929/tools/bin/../lib/gcc/arm-none-eabi/10.3.1/../../../../arm-none-eabi/lib/thumb/v6-m/nofp/libcr_semihost_nf.a(__ciob.o)
                0x000000001fffe58c                __Ciob
 .bss.__end_of_heap
                0x000000001fffe640        0x4 /usr/local/mcuxpressoide-11.7.0_9198/ide/plugins/com.nxp.mcuxpresso.tools.linux_11.7.0.202209140929/tools/bin/../lib/gcc/arm-none-eabi/10.3.1/../../../../arm-none-eabi/lib/thumb/v6-m/nofp/libcr_c.a(__init_alloc.o)
                0x000000001fffe640                __end_of_heap
 .bss.__heaps   0x000000001fffe644        0x4 /usr/local/mcuxpressoide-11.7.0_9198/ide/plugins/com.nxp.mcuxpresso.tools.linux_11.7.0.202209140929/tools/bin/../lib/gcc/arm-none-eabi/10.3.1/../../../../arm-none-eabi/lib/thumb/v6-m/nofp/libcr_c.a(__init_alloc.o)
                0x000000001fffe644                __heaps
 .bss.errno     0x000000001fffe648        0x4 /usr/local/mcuxpressoide-11.7.0_9198/ide/plugins/com.nxp.mcuxpresso.tools.linux_11.7.0.202209140929/tools/bin/../lib/gcc/arm-none-eabi/10.3.1/../../../../arm-none-eabi/lib/thumb/v6-m/nofp/libcr_c.a(errno.o)
                0x000000001fffe648                errno
 .bss.readX     0x000000001fffe64c        0x2 ./source/bsp_kl46/mma8451.o
 .bss.readY     0x000000001fffe64e        0x2 ./source/bsp_kl46/mma8451.o
 .bss.readZ     0x000000001fffe650        0x2 ./source/bsp_kl46/mma8451.o
 .bss.state.2   0x000000001fffe652        0x1 ./source/fsm/fsm_frameDetection.o
 .bss.state.0   0x000000001fffe653        0x1 ./source/fsm/fsm_mode.o
 .bss.frameRecieved
                0x000000001fffe654        0x1 ./source/fsm/interactor.o
                0x000000001fffe654                frameRecieved
 .bss.responseReady
                0x000000001fffe655        0x1 ./source/fsm/interactor.o
                0x000000001fffe655                responseReady
 .bss.txOnGoing
                0x000000001fffe656        0x1 ./source/efHal/uart_ringBufer.o
                0x000000001fffe656                txOnGoing
 *(SORT_BY_ALIGNMENT(COMMON))
                0x000000001fffe658                . = ALIGN (0x4)
 *fill*         0x000000001fffe657        0x1 
                0x000000001fffe658                _ebss = .
                [!provide]                        PROVIDE (__end_bss_RAM = .)
                [!provide]                        PROVIDE (__end_bss_SRAM = .)
                [!provide]                        PROVIDE (end = .)

.noinit         0x000000001fffe658        0x0
                0x000000001fffe658                _noinit = .
                [!provide]                        PROVIDE (__start_noinit_RAM = .)
                [!provide]                        PROVIDE (__start_noinit_SRAM = .)
 *(SORT_BY_ALIGNMENT(.noinit*))
                0x000000001fffe658                . = ALIGN (0x4)
                0x000000001fffe658                _end_noinit = .
                [!provide]                        PROVIDE (__end_noinit_RAM = .)
                [!provide]                        PROVIDE (__end_noinit_SRAM = .)
                0x0000000000000800                _HeapSize = 0x800

.heap           0x000000001fffe658      0x800
                0x000000001fffe658                _pvHeapStart = .
                0x000000001fffee58                . = (. + _HeapSize)
 *fill*         0x000000001fffe658      0x800 
                0x000000001fffee58                . = ALIGN (0x4)
                0x000000001fffee58                _pvHeapLimit = .
                0x0000000000000800                _StackSize = 0x800

.heap2stackfill
                0x000000001fffee58      0x800
                0x000000001ffff658                . = (. + _StackSize)
 *fill*         0x000000001fffee58      0x800 

.stack          0x0000000020005800        0x0
                0x0000000020005800                _vStackBase = .
                0x0000000020005800                . = ALIGN (0x4)
                0x0000000020006000                _vStackTop = (. + _StackSize)
                0x0000000000000000                _image_start = LOADADDR (.text)
                0x0000000000007894                _image_end = (LOADADDR (.data) + SIZEOF (.data))
                0x0000000000007894                _image_size = (_image_end - _image_start)
OUTPUT(sdii-tp3.axf elf32-littlearm)
LOAD linker stubs

.debug_info     0x0000000000000000    0x10435
 .debug_info    0x0000000000000000      0x4eb ./startup/startup_mkl46z4.o
 .debug_info    0x00000000000004eb      0x393 ./source/fsm/fsm_frameDetection.o
 .debug_info    0x000000000000087e      0x148 ./source/fsm/fsm_mode.o
 .debug_info    0x00000000000009c6      0x490 ./source/fsm/interactor.o
 .debug_info    0x0000000000000e56       0x62 ./source/efHal/display/font5x7.o
 .debug_info    0x0000000000000eb8      0x84d ./source/efHal/display/oled.o
 .debug_info    0x0000000000001705      0x269 ./source/efHal/ringBuffer.o
 .debug_info    0x000000000000196e      0xf91 ./source/efHal/uart_ringBufer.o
 .debug_info    0x00000000000028ff      0x795 ./source/bsp_kl46/SD2_I2C.o
 .debug_info    0x0000000000003094     0x1121 ./source/bsp_kl46/SD2_board.o
 .debug_info    0x00000000000041b5      0x197 ./source/bsp_kl46/key.o
 .debug_info    0x000000000000434c     0x1031 ./source/bsp_kl46/mma8451.o
 .debug_info    0x000000000000537d      0x466 ./source/main.o
 .debug_info    0x00000000000057e3       0x53 ./source/mtb.o
 .debug_info    0x0000000000005836       0x3c ./source/semihost_hardfault.o
 .debug_info    0x0000000000005872     0x1a8b ./drivers/fsl_clock.o
 .debug_info    0x00000000000072fd      0xf55 ./drivers/fsl_dma.o
 .debug_info    0x0000000000008252      0x4e5 ./drivers/fsl_dmamux.o
 .debug_info    0x0000000000008737      0x7dc ./drivers/fsl_gpio.o
 .debug_info    0x0000000000008f13     0x1aba ./drivers/fsl_i2c.o
 .debug_info    0x000000000000a9cd     0x14ac ./drivers/fsl_lpsci.o
 .debug_info    0x000000000000be79     0x161c ./drivers/fsl_spi.o
 .debug_info    0x000000000000d495     0x144d ./drivers/fsl_uart.o
 .debug_info    0x000000000000e8e2      0xc53 ./drivers/fsl_uart_dma.o
 .debug_info    0x000000000000f535      0xaf2 ./board/clock_config.o
 .debug_info    0x0000000000010027      0x40e ./CMSIS/system_MKL46Z4.o

.debug_abbrev   0x0000000000000000     0x31a8
 .debug_abbrev  0x0000000000000000      0x198 ./startup/startup_mkl46z4.o
 .debug_abbrev  0x0000000000000198      0x101 ./source/fsm/fsm_frameDetection.o
 .debug_abbrev  0x0000000000000299       0xbc ./source/fsm/fsm_mode.o
 .debug_abbrev  0x0000000000000355      0x18d ./source/fsm/interactor.o
 .debug_abbrev  0x00000000000004e2       0x4a ./source/efHal/display/font5x7.o
 .debug_abbrev  0x000000000000052c      0x1a5 ./source/efHal/display/oled.o
 .debug_abbrev  0x00000000000006d1       0xf5 ./source/efHal/ringBuffer.o
 .debug_abbrev  0x00000000000007c6      0x2c4 ./source/efHal/uart_ringBufer.o
 .debug_abbrev  0x0000000000000a8a      0x22a ./source/bsp_kl46/SD2_I2C.o
 .debug_abbrev  0x0000000000000cb4      0x31b ./source/bsp_kl46/SD2_board.o
 .debug_abbrev  0x0000000000000fcf       0xf1 ./source/bsp_kl46/key.o
 .debug_abbrev  0x00000000000010c0      0x2d0 ./source/bsp_kl46/mma8451.o
 .debug_abbrev  0x0000000000001390      0x195 ./source/main.o
 .debug_abbrev  0x0000000000001525       0x46 ./source/mtb.o
 .debug_abbrev  0x000000000000156b       0x31 ./source/semihost_hardfault.o
 .debug_abbrev  0x000000000000159c      0x34b ./drivers/fsl_clock.o
 .debug_abbrev  0x00000000000018e7      0x2bc ./drivers/fsl_dma.o
 .debug_abbrev  0x0000000000001ba3      0x17e ./drivers/fsl_dmamux.o
 .debug_abbrev  0x0000000000001d21      0x1f6 ./drivers/fsl_gpio.o
 .debug_abbrev  0x0000000000001f17      0x376 ./drivers/fsl_i2c.o
 .debug_abbrev  0x000000000000228d      0x2f3 ./drivers/fsl_lpsci.o
 .debug_abbrev  0x0000000000002580      0x35b ./drivers/fsl_spi.o
 .debug_abbrev  0x00000000000028db      0x2f3 ./drivers/fsl_uart.o
 .debug_abbrev  0x0000000000002bce      0x291 ./drivers/fsl_uart_dma.o
 .debug_abbrev  0x0000000000002e5f      0x201 ./board/clock_config.o
 .debug_abbrev  0x0000000000003060      0x148 ./CMSIS/system_MKL46Z4.o

.debug_aranges  0x0000000000000000      0xf10
 .debug_aranges
                0x0000000000000000      0x160 ./startup/startup_mkl46z4.o
 .debug_aranges
                0x0000000000000160       0x30 ./source/fsm/fsm_frameDetection.o
 .debug_aranges
                0x0000000000000190       0x28 ./source/fsm/fsm_mode.o
 .debug_aranges
                0x00000000000001b8       0x50 ./source/fsm/interactor.o
 .debug_aranges
                0x0000000000000208       0x18 ./source/efHal/display/font5x7.o
 .debug_aranges
                0x0000000000000220       0x98 ./source/efHal/display/oled.o
 .debug_aranges
                0x00000000000002b8       0x48 ./source/efHal/ringBuffer.o
 .debug_aranges
                0x0000000000000300       0x78 ./source/efHal/uart_ringBufer.o
 .debug_aranges
                0x0000000000000378       0x50 ./source/bsp_kl46/SD2_I2C.o
 .debug_aranges
                0x00000000000003c8       0x98 ./source/bsp_kl46/SD2_board.o
 .debug_aranges
                0x0000000000000460       0x30 ./source/bsp_kl46/key.o
 .debug_aranges
                0x0000000000000490       0x98 ./source/bsp_kl46/mma8451.o
 .debug_aranges
                0x0000000000000528       0x38 ./source/main.o
 .debug_aranges
                0x0000000000000560       0x18 ./source/mtb.o
 .debug_aranges
                0x0000000000000578       0x20 ./source/semihost_hardfault.o
 .debug_aranges
                0x0000000000000598      0x1d8 ./drivers/fsl_clock.o
 .debug_aranges
                0x0000000000000770       0xd0 ./drivers/fsl_dma.o
 .debug_aranges
                0x0000000000000840       0x40 ./drivers/fsl_dmamux.o
 .debug_aranges
                0x0000000000000880       0x78 ./drivers/fsl_gpio.o
 .debug_aranges
                0x00000000000008f8      0x178 ./drivers/fsl_i2c.o
 .debug_aranges
                0x0000000000000a70      0x118 ./drivers/fsl_lpsci.o
 .debug_aranges
                0x0000000000000b88      0x140 ./drivers/fsl_spi.o
 .debug_aranges
                0x0000000000000cc8      0x130 ./drivers/fsl_uart.o
 .debug_aranges
                0x0000000000000df8       0x98 ./drivers/fsl_uart_dma.o
 .debug_aranges
                0x0000000000000e90       0x50 ./board/clock_config.o
 .debug_aranges
                0x0000000000000ee0       0x30 ./CMSIS/system_MKL46Z4.o

.debug_ranges   0x0000000000000000      0xd78
 .debug_ranges  0x0000000000000000      0x150 ./startup/startup_mkl46z4.o
 .debug_ranges  0x0000000000000150       0x38 ./source/fsm/fsm_frameDetection.o
 .debug_ranges  0x0000000000000188       0x18 ./source/fsm/fsm_mode.o
 .debug_ranges  0x00000000000001a0       0x40 ./source/fsm/interactor.o
 .debug_ranges  0x00000000000001e0       0x88 ./source/efHal/display/oled.o
 .debug_ranges  0x0000000000000268       0x38 ./source/efHal/ringBuffer.o
 .debug_ranges  0x00000000000002a0       0x68 ./source/efHal/uart_ringBufer.o
 .debug_ranges  0x0000000000000308       0x40 ./source/bsp_kl46/SD2_I2C.o
 .debug_ranges  0x0000000000000348       0x88 ./source/bsp_kl46/SD2_board.o
 .debug_ranges  0x00000000000003d0       0x20 ./source/bsp_kl46/key.o
 .debug_ranges  0x00000000000003f0       0x88 ./source/bsp_kl46/mma8451.o
 .debug_ranges  0x0000000000000478       0x28 ./source/main.o
 .debug_ranges  0x00000000000004a0       0x10 ./source/semihost_hardfault.o
 .debug_ranges  0x00000000000004b0      0x1c8 ./drivers/fsl_clock.o
 .debug_ranges  0x0000000000000678       0xc0 ./drivers/fsl_dma.o
 .debug_ranges  0x0000000000000738       0x30 ./drivers/fsl_dmamux.o
 .debug_ranges  0x0000000000000768       0x68 ./drivers/fsl_gpio.o
 .debug_ranges  0x00000000000007d0      0x168 ./drivers/fsl_i2c.o
 .debug_ranges  0x0000000000000938      0x108 ./drivers/fsl_lpsci.o
 .debug_ranges  0x0000000000000a40      0x130 ./drivers/fsl_spi.o
 .debug_ranges  0x0000000000000b70      0x120 ./drivers/fsl_uart.o
 .debug_ranges  0x0000000000000c90       0x88 ./drivers/fsl_uart_dma.o
 .debug_ranges  0x0000000000000d18       0x40 ./board/clock_config.o
 .debug_ranges  0x0000000000000d58       0x20 ./CMSIS/system_MKL46Z4.o

.debug_macro    0x0000000000000000     0x276d
 .debug_macro   0x0000000000000000       0x29 ./startup/startup_mkl46z4.o
 .debug_macro   0x0000000000000029      0x1aa ./source/fsm/fsm_frameDetection.o
 .debug_macro   0x00000000000001d3       0xc4 ./source/fsm/fsm_frameDetection.o
 .debug_macro   0x0000000000000297      0x1d2 ./source/fsm/fsm_frameDetection.o
 .debug_macro   0x0000000000000469       0x10 ./source/fsm/fsm_frameDetection.o
 .debug_macro   0x0000000000000479       0x22 ./source/fsm/fsm_frameDetection.o
 .debug_macro   0x000000000000049b       0x10 ./source/fsm/fsm_frameDetection.o
 .debug_macro   0x00000000000004ab       0x10 ./source/fsm/fsm_frameDetection.o
 .debug_macro   0x00000000000004bb       0x16 ./source/fsm/fsm_frameDetection.o
 .debug_macro   0x00000000000004d1       0xd6 ./source/fsm/fsm_mode.o
 .debug_macro   0x00000000000005a7       0x16 ./source/fsm/fsm_mode.o
 .debug_macro   0x00000000000005bd       0x22 ./source/fsm/fsm_mode.o
 .debug_macro   0x00000000000005df      0x19b ./source/fsm/interactor.o
 .debug_macro   0x000000000000077a       0x1a ./source/efHal/display/font5x7.o
 .debug_macro   0x0000000000000794      0x696 ./source/efHal/display/font5x7.o
 .debug_macro   0x0000000000000e2a      0x107 ./source/efHal/display/oled.o
 .debug_macro   0x0000000000000f31       0x10 ./source/efHal/display/oled.o
 .debug_macro   0x0000000000000f41       0x62 ./source/efHal/ringBuffer.o
 .debug_macro   0x0000000000000fa3      0x187 ./source/efHal/uart_ringBufer.o
 .debug_macro   0x000000000000112a      0x17c ./source/bsp_kl46/SD2_I2C.o
 .debug_macro   0x00000000000012a6       0x10 ./source/bsp_kl46/SD2_I2C.o
 .debug_macro   0x00000000000012b6       0x1c ./source/bsp_kl46/SD2_I2C.o
 .debug_macro   0x00000000000012d2       0x10 ./source/bsp_kl46/SD2_I2C.o
 .debug_macro   0x00000000000012e2      0x14c ./source/bsp_kl46/SD2_board.o
 .debug_macro   0x000000000000142e       0x16 ./source/bsp_kl46/SD2_board.o
 .debug_macro   0x0000000000001444       0xba ./source/bsp_kl46/key.o
 .debug_macro   0x00000000000014fe      0x162 ./source/bsp_kl46/mma8451.o
 .debug_macro   0x0000000000001660       0x16 ./source/bsp_kl46/mma8451.o
 .debug_macro   0x0000000000001676       0x16 ./source/bsp_kl46/mma8451.o
 .debug_macro   0x000000000000168c      0x1cb ./source/main.o
 .debug_macro   0x0000000000001857       0xd8 ./source/main.o
 .debug_macro   0x000000000000192f       0x16 ./source/main.o
 .debug_macro   0x0000000000001945      0x15b ./source/main.o
 .debug_macro   0x0000000000001aa0       0x2f ./source/mtb.o
 .debug_macro   0x0000000000001acf       0x82 ./source/mtb.o
 .debug_macro   0x0000000000001b51       0x10 ./source/mtb.o
 .debug_macro   0x0000000000001b61       0x11 ./source/semihost_hardfault.o
 .debug_macro   0x0000000000001b72      0x1b8 ./drivers/fsl_clock.o
 .debug_macro   0x0000000000001d2a      0x108 ./drivers/fsl_dma.o
 .debug_macro   0x0000000000001e32      0x108 ./drivers/fsl_dmamux.o
 .debug_macro   0x0000000000001f3a      0x108 ./drivers/fsl_gpio.o
 .debug_macro   0x0000000000002042      0x107 ./drivers/fsl_i2c.o
 .debug_macro   0x0000000000002149      0x108 ./drivers/fsl_lpsci.o
 .debug_macro   0x0000000000002251      0x107 ./drivers/fsl_spi.o
 .debug_macro   0x0000000000002358       0x10 ./drivers/fsl_spi.o
 .debug_macro   0x0000000000002368      0x10e ./drivers/fsl_uart.o
 .debug_macro   0x0000000000002476      0x127 ./drivers/fsl_uart_dma.o
 .debug_macro   0x000000000000259d      0x139 ./board/clock_config.o
 .debug_macro   0x00000000000026d6       0x97 ./CMSIS/system_MKL46Z4.o

.debug_line     0x0000000000000000     0xa185
 .debug_line    0x0000000000000000      0x1ed ./startup/startup_mkl46z4.o
 .debug_line    0x00000000000001ed      0x47e ./source/fsm/fsm_frameDetection.o
 .debug_line    0x000000000000066b      0x2d9 ./source/fsm/fsm_mode.o
 .debug_line    0x0000000000000944      0x4b8 ./source/fsm/interactor.o
 .debug_line    0x0000000000000dfc       0x52 ./source/efHal/display/font5x7.o
 .debug_line    0x0000000000000e4e      0x79d ./source/efHal/display/oled.o
 .debug_line    0x00000000000015eb      0x2c7 ./source/efHal/ringBuffer.o
 .debug_line    0x00000000000018b2      0x586 ./source/efHal/uart_ringBufer.o
 .debug_line    0x0000000000001e38      0x454 ./source/bsp_kl46/SD2_I2C.o
 .debug_line    0x000000000000228c      0x5b6 ./source/bsp_kl46/SD2_board.o
 .debug_line    0x0000000000002842      0x2dd ./source/bsp_kl46/key.o
 .debug_line    0x0000000000002b1f      0x5d0 ./source/bsp_kl46/mma8451.o
 .debug_line    0x00000000000030ef      0x49d ./source/main.o
 .debug_line    0x000000000000358c       0xd5 ./source/mtb.o
 .debug_line    0x0000000000003661       0x5a ./source/semihost_hardfault.o
 .debug_line    0x00000000000036bb     0x12c4 ./drivers/fsl_clock.o
 .debug_line    0x000000000000497f      0x734 ./drivers/fsl_dma.o
 .debug_line    0x00000000000050b3      0x33e ./drivers/fsl_dmamux.o
 .debug_line    0x00000000000053f1      0x48a ./drivers/fsl_gpio.o
 .debug_line    0x000000000000587b     0x1371 ./drivers/fsl_i2c.o
 .debug_line    0x0000000000006bec      0xd86 ./drivers/fsl_lpsci.o
 .debug_line    0x0000000000007972      0xd3b ./drivers/fsl_spi.o
 .debug_line    0x00000000000086ad      0xd91 ./drivers/fsl_uart.o
 .debug_line    0x000000000000943e      0x67f ./drivers/fsl_uart_dma.o
 .debug_line    0x0000000000009abd      0x371 ./board/clock_config.o
 .debug_line    0x0000000000009e2e      0x357 ./CMSIS/system_MKL46Z4.o

.debug_str      0x0000000000000000    0x549ec
 .debug_str     0x0000000000000000     0x3076 ./startup/startup_mkl46z4.o
                                       0x30c3 (size before relaxing)
 .debug_str     0x0000000000003076    0x48b7d ./source/fsm/fsm_frameDetection.o
                                      0x4ba43 (size before relaxing)
 .debug_str     0x000000000004bbf3      0x1ef ./source/fsm/fsm_mode.o
                                      0x42f49 (size before relaxing)
 .debug_str     0x000000000004bde2      0x161 ./source/fsm/interactor.o
                                      0x4baa3 (size before relaxing)
 .debug_str     0x000000000004bf43      0xe3a ./source/efHal/display/font5x7.o
                                       0x3afb (size before relaxing)
 .debug_str     0x000000000004cd7d      0x387 ./source/efHal/display/oled.o
                                      0x4314d (size before relaxing)
 .debug_str     0x000000000004d104       0xa9 ./source/efHal/ringBuffer.o
                                       0x452d (size before relaxing)
 .debug_str     0x000000000004d1ad     0x1182 ./source/efHal/uart_ringBufer.o
                                      0x4bfe9 (size before relaxing)
 .debug_str     0x000000000004e32f      0x7d6 ./source/bsp_kl46/SD2_I2C.o
                                      0x4b3b2 (size before relaxing)
 .debug_str     0x000000000004eb05      0x6ae ./source/bsp_kl46/SD2_board.o
                                      0x4be88 (size before relaxing)
 .debug_str     0x000000000004f1b3       0x8c ./source/bsp_kl46/key.o
                                      0x42df4 (size before relaxing)
 .debug_str     0x000000000004f23f      0x608 ./source/bsp_kl46/mma8451.o
                                      0x4b5dc (size before relaxing)
 .debug_str     0x000000000004f847      0x8ba ./source/main.o
                                      0x4b587 (size before relaxing)
 .debug_str     0x0000000000050101      0x532 ./source/mtb.o
                                       0x31ea (size before relaxing)
 .debug_str     0x0000000000050633       0x1f ./source/semihost_hardfault.o
                                       0x2cd7 (size before relaxing)
 .debug_str     0x0000000000050652     0x15a5 ./drivers/fsl_clock.o
                                      0x4c2a1 (size before relaxing)
 .debug_str     0x0000000000051bf7      0x70e ./drivers/fsl_dma.o
                                      0x4b506 (size before relaxing)
 .debug_str     0x0000000000052305       0x90 ./drivers/fsl_dmamux.o
                                      0x4ab3b (size before relaxing)
 .debug_str     0x0000000000052395       0xf6 ./drivers/fsl_gpio.o
                                      0x4ab2e (size before relaxing)
 .debug_str     0x000000000005248b      0xa81 ./drivers/fsl_i2c.o
                                      0x4ba47 (size before relaxing)
 .debug_str     0x0000000000052f0c      0xab0 ./drivers/fsl_lpsci.o
                                      0x4b8ca (size before relaxing)
 .debug_str     0x00000000000539bc      0x5c0 ./drivers/fsl_spi.o
                                      0x4b7b3 (size before relaxing)
 .debug_str     0x0000000000053f7c      0x436 ./drivers/fsl_uart.o
                                      0x4b8e7 (size before relaxing)
 .debug_str     0x00000000000543b2      0x240 ./drivers/fsl_uart_dma.o
                                      0x4b1fa (size before relaxing)
 .debug_str     0x00000000000545f2      0x39c ./board/clock_config.o
                                      0x4b131 (size before relaxing)
 .debug_str     0x000000000005498e       0x5e ./CMSIS/system_MKL46Z4.o
                                      0x4971f (size before relaxing)

.comment        0x0000000000000000       0x49
 .comment       0x0000000000000000       0x49 ./startup/startup_mkl46z4.o
                                         0x4a (size before relaxing)
 .comment       0x0000000000000049       0x4a ./source/fsm/fsm_frameDetection.o
 .comment       0x0000000000000049       0x4a ./source/fsm/fsm_mode.o
 .comment       0x0000000000000049       0x4a ./source/fsm/interactor.o
 .comment       0x0000000000000049       0x4a ./source/efHal/display/font5x7.o
 .comment       0x0000000000000049       0x4a ./source/efHal/display/oled.o
 .comment       0x0000000000000049       0x4a ./source/efHal/ringBuffer.o
 .comment       0x0000000000000049       0x4a ./source/efHal/uart_ringBufer.o
 .comment       0x0000000000000049       0x4a ./source/bsp_kl46/SD2_I2C.o
 .comment       0x0000000000000049       0x4a ./source/bsp_kl46/SD2_board.o
 .comment       0x0000000000000049       0x4a ./source/bsp_kl46/key.o
 .comment       0x0000000000000049       0x4a ./source/bsp_kl46/mma8451.o
 .comment       0x0000000000000049       0x4a ./source/main.o
 .comment       0x0000000000000049       0x4a ./source/mtb.o
 .comment       0x0000000000000049       0x4a ./source/semihost_hardfault.o
 .comment       0x0000000000000049       0x4a ./drivers/fsl_clock.o
 .comment       0x0000000000000049       0x4a ./drivers/fsl_dma.o
 .comment       0x0000000000000049       0x4a ./drivers/fsl_dmamux.o
 .comment       0x0000000000000049       0x4a ./drivers/fsl_gpio.o
 .comment       0x0000000000000049       0x4a ./drivers/fsl_i2c.o
 .comment       0x0000000000000049       0x4a ./drivers/fsl_lpsci.o
 .comment       0x0000000000000049       0x4a ./drivers/fsl_spi.o
 .comment       0x0000000000000049       0x4a ./drivers/fsl_uart.o
 .comment       0x0000000000000049       0x4a ./drivers/fsl_uart_dma.o
 .comment       0x0000000000000049       0x4a ./board/clock_config.o
 .comment       0x0000000000000049       0x4a ./CMSIS/system_MKL46Z4.o
 .comment       0x0000000000000049       0x4a /usr/local/mcuxpressoide-11.7.0_9198/ide/plugins/com.nxp.mcuxpresso.tools.linux_11.7.0.202209140929/tools/bin/../lib/gcc/arm-none-eabi/10.3.1/../../../../arm-none-eabi/lib/thumb/v6-m/nofp/libcr_semihost_nf.a(_cr__main.o)
 .comment       0x0000000000000049       0x4a /usr/local/mcuxpressoide-11.7.0_9198/ide/plugins/com.nxp.mcuxpresso.tools.linux_11.7.0.202209140929/tools/bin/../lib/gcc/arm-none-eabi/10.3.1/../../../../arm-none-eabi/lib/thumb/v6-m/nofp/libcr_semihost_nf.a(_cr_assert.o)
 .comment       0x0000000000000049       0x4a /usr/local/mcuxpressoide-11.7.0_9198/ide/plugins/com.nxp.mcuxpresso.tools.linux_11.7.0.202209140929/tools/bin/../lib/gcc/arm-none-eabi/10.3.1/../../../../arm-none-eabi/lib/thumb/v6-m/nofp/libcr_semihost_nf.a(__ciob.o)
 .comment       0x0000000000000049       0x4a /usr/local/mcuxpressoide-11.7.0_9198/ide/plugins/com.nxp.mcuxpresso.tools.linux_11.7.0.202209140929/tools/bin/../lib/gcc/arm-none-eabi/10.3.1/../../../../arm-none-eabi/lib/thumb/v6-m/nofp/libcr_c.a(memcpy.o)
 .comment       0x0000000000000049       0x4a /usr/local/mcuxpressoide-11.7.0_9198/ide/plugins/com.nxp.mcuxpresso.tools.linux_11.7.0.202209140929/tools/bin/../lib/gcc/arm-none-eabi/10.3.1/../../../../arm-none-eabi/lib/thumb/v6-m/nofp/libcr_c.a(memset.o)
 .comment       0x0000000000000049       0x4a /usr/local/mcuxpressoide-11.7.0_9198/ide/plugins/com.nxp.mcuxpresso.tools.linux_11.7.0.202209140929/tools/bin/../lib/gcc/arm-none-eabi/10.3.1/../../../../arm-none-eabi/lib/thumb/v6-m/nofp/libcr_c.a(_deferredlazyseek.o)
 .comment       0x0000000000000049       0x4a /usr/local/mcuxpressoide-11.7.0_9198/ide/plugins/com.nxp.mcuxpresso.tools.linux_11.7.0.202209140929/tools/bin/../lib/gcc/arm-none-eabi/10.3.1/../../../../arm-none-eabi/lib/thumb/v6-m/nofp/libcr_c.a(_fflush.o)
 .comment       0x0000000000000049       0x4a /usr/local/mcuxpressoide-11.7.0_9198/ide/plugins/com.nxp.mcuxpresso.tools.linux_11.7.0.202209140929/tools/bin/../lib/gcc/arm-none-eabi/10.3.1/../../../../arm-none-eabi/lib/thumb/v6-m/nofp/libcr_c.a(_writebuf.o)
 .comment       0x0000000000000049       0x4a /usr/local/mcuxpressoide-11.7.0_9198/ide/plugins/com.nxp.mcuxpresso.tools.linux_11.7.0.202209140929/tools/bin/../lib/gcc/arm-none-eabi/10.3.1/../../../../arm-none-eabi/lib/thumb/v6-m/nofp/libcr_c.a(alloc.o)
 .comment       0x0000000000000049       0x4a /usr/local/mcuxpressoide-11.7.0_9198/ide/plugins/com.nxp.mcuxpresso.tools.linux_11.7.0.202209140929/tools/bin/../lib/gcc/arm-none-eabi/10.3.1/../../../../arm-none-eabi/lib/thumb/v6-m/nofp/libcr_c.a(fputs.o)
 .comment       0x0000000000000049       0x4a /usr/local/mcuxpressoide-11.7.0_9198/ide/plugins/com.nxp.mcuxpresso.tools.linux_11.7.0.202209140929/tools/bin/../lib/gcc/arm-none-eabi/10.3.1/../../../../arm-none-eabi/lib/thumb/v6-m/nofp/libcr_c.a(fseek.o)
 .comment       0x0000000000000049       0x4a /usr/local/mcuxpressoide-11.7.0_9198/ide/plugins/com.nxp.mcuxpresso.tools.linux_11.7.0.202209140929/tools/bin/../lib/gcc/arm-none-eabi/10.3.1/../../../../arm-none-eabi/lib/thumb/v6-m/nofp/libcr_c.a(ftell.o)
 .comment       0x0000000000000049       0x4a /usr/local/mcuxpressoide-11.7.0_9198/ide/plugins/com.nxp.mcuxpresso.tools.linux_11.7.0.202209140929/tools/bin/../lib/gcc/arm-none-eabi/10.3.1/../../../../arm-none-eabi/lib/thumb/v6-m/nofp/libcr_c.a(initio.o)
 .comment       0x0000000000000049       0x4a /usr/local/mcuxpressoide-11.7.0_9198/ide/plugins/com.nxp.mcuxpresso.tools.linux_11.7.0.202209140929/tools/bin/../lib/gcc/arm-none-eabi/10.3.1/../../../../arm-none-eabi/lib/thumb/v6-m/nofp/libcr_c.a(printf.o)
 .comment       0x0000000000000049       0x4a /usr/local/mcuxpressoide-11.7.0_9198/ide/plugins/com.nxp.mcuxpresso.tools.linux_11.7.0.202209140929/tools/bin/../lib/gcc/arm-none-eabi/10.3.1/../../../../arm-none-eabi/lib/thumb/v6-m/nofp/libcr_c.a(setvbuf.o)